Archive member included because of file (symbol)

/usr/share/crossworks_for_arm_2.3/lib/libm_v7em_fpv4_sp_d16_hard_t_le_eabi.a(libm_asm.o)
                              THUMB Debug/ublox.o (__aeabi_i2d)
/usr/share/crossworks_for_arm_2.3/lib/libm_v7em_fpv4_sp_d16_hard_t_le_eabi.a(libm2.o)
                              THUMB Debug/calib.o (acosf)
/usr/share/crossworks_for_arm_2.3/lib/libm_v7em_fpv4_sp_d16_hard_t_le_eabi.a(libm2_asm.o)
                              /usr/share/crossworks_for_arm_2.3/lib/libm_v7em_fpv4_sp_d16_hard_t_le_eabi.a(libm2.o) (fabs)
/usr/share/crossworks_for_arm_2.3/lib/libc_v7em_fpv4_sp_d16_hard_t_le_eabi.a(libc_asm.o)
                              THUMB Debug/ms5611.o (__aeabi_ldivmod)
/usr/share/crossworks_for_arm_2.3/lib/libc_v7em_fpv4_sp_d16_hard_t_le_eabi.a(libc2.o)
                              THUMB Debug/signaling.o (abs)
/usr/share/crossworks_for_arm_2.3/lib/libc_v7em_fpv4_sp_d16_hard_t_le_eabi.a(libc2_asm.o)
                              THUMB Debug/config.o (memcpy)
/usr/share/crossworks_for_arm_2.3/lib/libc_v7em_fpv4_sp_d16_hard_t_le_eabi.a(__vfprintf_double_long_long.o)
                              (__vfprintf_double_long_long)
/usr/share/crossworks_for_arm_2.3/lib/libc_v7em_fpv4_sp_d16_hard_t_le_eabi.a(__vfscanf_double_long_long.o)
                              (__vfscanf_double_long_long)
/usr/share/crossworks_for_arm_2.3/lib/libdebugio_v7em_fpv4_sp_d16_hard_t_le_eabi.a(libdebugio.o)
                              (__do_debug_operation_mempoll)
/usr/share/crossworks_for_arm_2.3/lib/libc_user_libc_v7em_fpv4_sp_d16_hard_t_le_eabi.a(user_libc.o)
                              /usr/share/crossworks_for_arm_2.3/lib/libm_v7em_fpv4_sp_d16_hard_t_le_eabi.a(libm2.o) (__errno)

Discarded input sections

 .text          0x00000000        0x0 THUMB Debug/main_ctl.o
 .data          0x00000000        0x0 THUMB Debug/main_ctl.o
 .bss           0x00000000        0x0 THUMB Debug/main_ctl.o
 .text.CoStkOverflowHook
                0x00000000        0x4 THUMB Debug/main_ctl.o
 .text          0x00000000        0x0 THUMB Debug/digital.o
 .data          0x00000000        0x0 THUMB Debug/digital.o
 .bss           0x00000000        0x0 THUMB Debug/digital.o
 .text          0x00000000        0x0 THUMB Debug/util.o
 .data          0x00000000        0x0 THUMB Debug/util.o
 .bss           0x00000000        0x0 THUMB Debug/util.o
 .text.utilFilterReset3
                0x00000000       0x30 THUMB Debug/util.o
 .text.utilFirFilter
                0x00000000       0xe4 THUMB Debug/util.o
 .text.utilFirFilterInit
                0x00000000       0x64 THUMB Debug/util.o
 .text          0x00000000        0x0 THUMB Debug/rcc.o
 .data          0x00000000        0x0 THUMB Debug/rcc.o
 .bss           0x00000000        0x0 THUMB Debug/rcc.o
 .bss.stepupEn  0x00000000        0x4 THUMB Debug/rcc.o
 .bss.sysoff    0x00000000        0x4 THUMB Debug/rcc.o
 .text          0x00000000        0x0 THUMB Debug/serial.o
 .data          0x00000000        0x0 THUMB Debug/serial.o
 .bss           0x00000000        0x0 THUMB Debug/serial.o
 .text.serialReadBlock
                0x00000000       0x24 THUMB Debug/serial.o
 .text.serialPrint
                0x00000000       0x1c THUMB Debug/serial.o
 .text.serialWatch
                0x00000000       0xb8 THUMB Debug/serial.o
 .text.serialSetSTDIO
                0x00000000        0xc THUMB Debug/serial.o
 .text.__putchar
                0x00000000       0x1c THUMB Debug/serial.o
 .text.__getchar
                0x00000000       0x1c THUMB Debug/serial.o
 .text          0x00000000        0x0 THUMB Debug/config.o
 .data          0x00000000        0x0 THUMB Debug/config.o
 .bss           0x00000000        0x0 THUMB Debug/config.o
 .text.configSetParamByID
                0x00000000       0x14 THUMB Debug/config.o
 .text          0x00000000        0x0 THUMB Debug/flash.o
 .data          0x00000000        0x0 THUMB Debug/flash.o
 .bss           0x00000000        0x0 THUMB Debug/flash.o
 .text          0x00000000        0x0 THUMB Debug/motors.o
 .data          0x00000000        0x0 THUMB Debug/motors.o
 .bss           0x00000000        0x0 THUMB Debug/motors.o
 .text.motorsPwm2Thrust
                0x00000000       0x34 THUMB Debug/motors.o
 .text.motorsMax
                0x00000000        0xc THUMB Debug/motors.o
 .text.motorsSendThrust
                0x00000000      0x1f8 THUMB Debug/motors.o
 .text          0x00000000        0x0 THUMB Debug/spektrum.o
 .data          0x00000000        0x0 THUMB Debug/spektrum.o
 .bss           0x00000000        0x0 THUMB Debug/spektrum.o
 .text          0x00000000        0x0 THUMB Debug/analog.o
 .data          0x00000000        0x0 THUMB Debug/analog.o
 .bss           0x00000000        0x0 THUMB Debug/analog.o
 .text          0x00000000        0x0 THUMB Debug/adc.o
 .data          0x00000000        0x0 THUMB Debug/adc.o
 .bss           0x00000000        0x0 THUMB Debug/adc.o
 .debug_info    0x00000000       0x77 THUMB Debug/adc.o
[...]
Memory Configuration

Name             Origin             Length             Attributes
UNPLACED_SECTIONS 0xffffffff         0x00000000         xw
FLASH            0x08000000         0x00100000         xr
DATA_SRAM        0x10000000         0x00010000         xw
SYSTEM           0x1fff0000         0x00007a10         xw
OPTION           0x1fffc000         0x00000008         xw
RAM              0x20000000         0x00020000         xw
SRAM1            0x20000000         0x0001c000         xw
SRAM2            0x2001c000         0x00004000         xw
APB1             0x40000000         0x00007800         xw
APB2             0x40010000         0x00004c00         xw
AHB1             0x40020000         0x00080000         xw
AHB2             0x50000000         0x00060c00         xw
AHB3             0xa0000000         0x00001000         xw
PCCARD           0x90000000         0x00000000         xw
NAND2            0x80000000         0x00000000         xw
NAND1            0x70000000         0x00000000         xw
NOR_PSRAM4       0x6c000000         0x00000000         xw
NOR_PSRAM3       0x68000000         0x00000000         xw
NOR_PSRAM2       0x64000000         0x00000000         xw
NOR_PSRAM1       0x60000000         0x00000000         xw
PPB              0xe0000000         0x00100000         xw
DBG              0xe0042000         0x00000010         xw
CM3_System_Control_Space 0xe000e000         0x00001000         xw
*default*        0x00000000         0xffffffff

Linker script and memory map

                0x08038780                __do_debug_operation = __do_debug_operation_mempoll
                0x08036938                __vfprintf = __vfprintf_double_long_long
                0x08037eb0                __vfscanf = __vfscanf_double_long_long
                0x08000000                __FLASH_segment_start__ = 0x8000000
                0x08100000                __FLASH_segment_end__ = 0x8100000
                0x10000000                __DATA_SRAM_segment_start__ = 0x10000000
                0x10010000                __DATA_SRAM_segment_end__ = 0x10010000
                0x1fff0000                __SYSTEM_segment_start__ = 0x1fff0000
                0x1fff7a10                __SYSTEM_segment_end__ = 0x1fff7a10
                0x1fffc000                __OPTION_segment_start__ = 0x1fffc000
                0x1fffc008                __OPTION_segment_end__ = 0x1fffc008
                0x20000000                __RAM_segment_start__ = 0x20000000
                0x20020000                __RAM_segment_end__ = 0x20020000
                0x20000000                __SRAM1_segment_start__ = 0x20000000
                0x2001c000                __SRAM1_segment_end__ = 0x2001c000
                0x2001c000                __SRAM2_segment_start__ = 0x2001c000
                0x20020000                __SRAM2_segment_end__ = 0x20020000
                0x40000000                __APB1_segment_start__ = 0x40000000
                0x40007800                __APB1_segment_end__ = 0x40007800
                0x40010000                __APB2_segment_start__ = 0x40010000
                0x40014c00                __APB2_segment_end__ = 0x40014c00
                0x40020000                __AHB1_segment_start__ = 0x40020000
                0x400a0000                __AHB1_segment_end__ = 0x400a0000
                0x50000000                __AHB2_segment_start__ = 0x50000000
                0x50060c00                __AHB2_segment_end__ = 0x50060c00
                0xa0000000                __AHB3_segment_start__ = 0xa0000000
                0xa0001000                __AHB3_segment_end__ = 0xa0001000
                0x90000000                __PCCARD_segment_start__ = 0x90000000
                0x90000000                __PCCARD_segment_end__ = 0x90000000
                0x80000000                __NAND2_segment_start__ = 0x80000000
                0x80000000                __NAND2_segment_end__ = 0x80000000
                0x70000000                __NAND1_segment_start__ = 0x70000000
                0x70000000                __NAND1_segment_end__ = 0x70000000
                0x6c000000                __NOR_PSRAM4_segment_start__ = 0x6c000000
                0x6c000000                __NOR_PSRAM4_segment_end__ = 0x6c000000
                0x68000000                __NOR_PSRAM3_segment_start__ = 0x68000000
                0x68000000                __NOR_PSRAM3_segment_end__ = 0x68000000
                0x64000000                __NOR_PSRAM2_segment_start__ = 0x64000000
                0x64000000                __NOR_PSRAM2_segment_end__ = 0x64000000
                0x60000000                __NOR_PSRAM1_segment_start__ = 0x60000000
                0x60000000                __NOR_PSRAM1_segment_end__ = 0x60000000
                0xe0000000                __PPB_segment_start__ = 0xe0000000
                0xe0100000                __PPB_segment_end__ = 0xe0100000
                0xe0042000                __DBG_segment_start__ = 0xe0042000
                0xe0042010                __DBG_segment_end__ = 0xe0042010
                0xe000e000                __CM3_System_Control_Space_segment_start__ = 0xe000e000
                0xe000f000                __CM3_System_Control_Space_segment_end__ = 0xe000f000
                0x00000400                __STACKSIZE__ = 0x400
                0x00000000                __STACKSIZE_PROCESS__ = 0x0
                0x00000000                __STACKSIZE_IRQ__ = 0x0
                0x00000000                __STACKSIZE_FIQ__ = 0x0
                0x00000000                __STACKSIZE_SVC__ = 0x0
                0x00000000                __STACKSIZE_ABT__ = 0x0
                0x00000000                __STACKSIZE_UND__ = 0x0
                0x00004800                __HEAPSIZE__ = 0x4800
                0x10000000                __ccm_load_start__ = ALIGN (__DATA_SRAM_segment_start__, 0x4)

.ccm            0x10000000     0xcf78
                0x10000000                __ccm_start__ = .
 *(.ccm .ccm.*)
 .ccm           0x10000000     0xa090 THUMB Debug/util.o
                0x10000000                stackSizes
                0x10000018                stackFrees
                0x10000030                stackNames
                0x10000060                stackPointers
                0x10000090                ccmHeap
 .ccm           0x1000a090      0x5b4 THUMB Debug/config.o
                0x1000a090                p
 .ccm           0x1000a644      0x2d4 THUMB Debug/motors.o
                0x1000a644                motorsData
 .ccm           0x1000a918       0x18 THUMB Debug/spektrum.o
                0x1000a918                spektrumData
 .ccm           0x1000a930       0xa0 THUMB Debug/control.o
                0x1000a930                controlData
 .ccm           0x1000a9d0     0x1190 THUMB Debug/comm.o
                0x1000a9d0                commData
 .ccm           0x1000bb60      0x570 THUMB Debug/nav.o
                0x1000bb60                navData
 .ccm           0x1000c0d0       0x18 THUMB Debug/telemetry.o
                0x1000c0d0                telemetryData
 .ccm           0x1000c0e8      0x224 THUMB Debug/ublox.o
                0x1000c0e8                ubloxData
 *fill*         0x1000c30c        0x4 00
 .ccm           0x1000c310       0xa0 THUMB Debug/gps.o
                0x1000c310                gpsData
 .ccm           0x1000c3b0      0x13c THUMB Debug/command.o
                0x1000c3b0                commandData
 .ccm           0x1000c4ec       0x10 THUMB Debug/logger.o
                0x1000c4ec                loggerData
 .ccm           0x1000c4fc       0x18 THUMB Debug/rtc.o
                0x1000c4fc                rtcData
 .ccm           0x1000c514       0xf0 THUMB Debug/sdio.o
                0x1000c514                sdioData
 .ccm           0x1000c604       0x14 THUMB Debug/imu.o
                0x1000c604                imuData
 .ccm           0x1000c618      0x1c4 THUMB Debug/supervisor.o
                0x1000c618                supervisorData
 .ccm           0x1000c7dc      0x14c THUMB Debug/run.o
                0x1000c7dc                runData
 .ccm           0x1000c928       0xf0 THUMB Debug/radio.o
                0x1000c928                radioData
 .ccm           0x1000ca18       0x20 THUMB Debug/futaba.o
                0x1000ca18                futabaData
 .ccm           0x1000ca38       0x48 THUMB Debug/ppm.o
                0x1000ca38                ppmData
 .ccm           0x1000ca80       0xfc THUMB Debug/pwm.o
                0x1000ca80                pwmData
 *fill*         0x1000cb7c        0x4 00
 .ccm           0x1000cb80       0x40 THUMB Debug/gimbal.o
                0x1000cb80                gimbalData
 .ccm           0x1000cbc0      0x120 THUMB Debug/1wire.o
                0x1000cbc0                owData
 .ccm           0x1000cce0       0x18 THUMB Debug/signaling.o
                0x1000cce0                sigData
 .ccm           0x1000ccf8       0x28 THUMB Debug/d_imu.o
                0x1000ccf8                dImuData
 .ccm           0x1000cd20      0x20c THUMB Debug/usb.o
                0x1000cd20                usbData
 .ccm           0x1000cf2c       0x24 THUMB Debug/grhott.o
                0x1000cf2c                grhottData
 .ccm           0x1000cf50       0x28 THUMB Debug/mlinkrx.o
                0x1000cf50                mlinkrxData
                0x1000cf78                __ccm_end__ = (__ccm_start__ + SIZEOF (.ccm))
                0x1000cf78                __ccm_load_end__ = __ccm_end__
                0x00000001                . = ASSERT (((__ccm_end__ >= __DATA_SRAM_segment_start__) && (__ccm_end__ <= __DATA_SRAM_segment_end__)), error: .ccm is too large to fit in DATA_SRAM memory segment)
                0x1000cf78                __stack_load_start__ = ALIGN (__ccm_end__, 0x4)

.stack          0x1000cf78      0x400
                0x1000cf78                __stack_start__ = .
 *(.stack .stack.*)
                0x1000d378                . = ALIGN (MAX ((__stack_start__ + __STACKSIZE__), .), 0x4)
 *fill*         0x1000cf78      0x400 00
                0x1000d378                __stack_end__ = (__stack_start__ + SIZEOF (.stack))
                0x1000d378                __stack_load_end__ = __stack_end__
                0x00000001                . = ASSERT (((__stack_end__ >= __DATA_SRAM_segment_start__) && (__stack_end__ <= __DATA_SRAM_segment_end__)), error: .stack is too large to fit in DATA_SRAM memory segment)
                0x1000d378                __stack_process_load_start__ = ALIGN (__stack_end__, 0x4)

.stack_process  0x1000d378        0x0
                0x1000d378                __stack_process_start__ = .
 *(.stack_process .stack_process.*)
                0x1000d378                . = ALIGN (MAX ((__stack_process_start__ + __STACKSIZE_PROCESS__), .), 0x4)
                0x1000d378                __stack_process_end__ = (__stack_process_start__ + SIZEOF (.stack_process))
                0x1000d378                __stack_process_load_end__ = __stack_process_end__
                0x1000d378                __DATA_SRAM_segment_used_end__ = (ALIGN (__stack_end__, 0x4) + SIZEOF (.stack_process))
                0x00000001                . = ASSERT (((__stack_process_end__ >= __DATA_SRAM_segment_start__) && (__stack_process_end__ <= __DATA_SRAM_segment_end__)), error: .stack_process is too large to fit in DATA_SRAM memory segment)
                0x20000000                __vectors_ram_load_start__ = ALIGN (__RAM_segment_start__, 0x100)

.vectors_ram    0x20000000        0x0
                0x20000000                __vectors_ram_start__ = .
 *(.vectors_ram .vectors_ram.*)
                0x20000000                __vectors_ram_end__ = (__vectors_ram_start__ + SIZEOF (.vectors_ram))
                0x20000000                __vectors_ram_load_end__ = __vectors_ram_end__
                0x00000001                . = ASSERT (((__vectors_ram_end__ >= __RAM_segment_start__) && (__vectors_ram_end__ <= __RAM_segment_end__)), error: .vectors_ram is too large to fit in RAM memory segment)
                0x08000000                __vectors_load_start__ = ALIGN (__FLASH_segment_start__, 0x100)

.vectors        0x08000000      0x188
                0x08000000                __vectors_start__ = .
 *(.vectors .vectors.*)
 .vectors       0x08000000      0x188 THUMB Debug/STM32_Startup.o
                0x08000000                _vectors
                0x08000188                __vectors_end__ = (__vectors_start__ + SIZEOF (.vectors))
                0x08000188                __vectors_load_end__ = __vectors_end__
                0x00000001                . = ASSERT (((__vectors_end__ >= __FLASH_segment_start__) && (__vectors_end__ <= __FLASH_segment_end__)), error: .vectors is too large to fit in FLASH memory segment)
                0x08000188                __init_load_start__ = ALIGN (__vectors_end__, 0x4)

.init           0x08000188      0x234
                0x08000188                __init_start__ = .
 *(.init .init.*)
 .init          0x08000188      0x114 THUMB Debug/STM32_Startup.o
                0x08000188                NMI_Handler
                0x0800018c                MemManage_Handler
                0x0800018e                BusFault_Handler
                0x08000190                UsageFault_Handler
                0x08000192                SVC_Handler
                0x08000194                DebugMon_Handler
                0x0800019a                WWDG_IRQHandler
                0x0800019c                PVD_IRQHandler
                0x0800019e                TAMP_STAMP_IRQHandler
                0x080001a2                FLASH_IRQHandler
                0x080001a4                RCC_IRQHandler
                0x080001b2                DMA1_Stream1_IRQHandler
                0x080001b4                DMA1_Stream2_IRQHandler
                0x080001b6                DMA1_Stream3_IRQHandler
                0x080001ba                DMA1_Stream5_IRQHandler
                0x080001bc                DMA1_Stream6_IRQHandler
                0x080001be                ADC_IRQHandler
                0x080001c0                CAN1_TX_IRQHandler
                0x080001c2                CAN1_RX0_IRQHandler
                0x080001c4                CAN1_RX1_IRQHandler
                0x080001c6                CAN1_SCE_IRQHandler
                0x080001cc                TIM1_UP_TIM10_IRQHandler
                0x080001ce                TIM1_TRG_COM_TIM11_IRQHandler
                0x080001d2                TIM2_IRQHandler
                0x080001d4                TIM3_IRQHandler
                0x080001d8                I2C1_EV_IRQHandler
                0x080001da                I2C1_ER_IRQHandler
                0x080001dc                I2C2_EV_IRQHandler
                0x080001de                I2C2_ER_IRQHandler
                0x080001e0                SPI1_IRQHandler
                0x080001e2                SPI2_IRQHandler
                0x080001ec                RTC_Alarm_IRQHandler
                0x080001f2                TIM8_UP_TIM13_IRQHandler
                0x080001f4                TIM8_TRG_COM_TIM14_IRQHandler
                0x080001f6                TIM8_CC_IRQHandler
                0x080001f8                DMA1_Stream7_IRQHandler
                0x080001fa                FSMC_IRQHandler
                0x08000200                SPI3_IRQHandler
                0x08000204                UART5_IRQHandler
                0x08000206                TIM6_DAC_IRQHandler
                0x0800020c                DMA2_Stream1_IRQHandler
                0x0800020e                DMA2_Stream2_IRQHandler
                0x08000212                DMA2_Stream4_IRQHandler
                0x0800021c                CAN2_RX1_IRQHandler
                0x0800021e                CAN2_SCE_IRQHandler
                0x08000222                DMA2_Stream5_IRQHandler
                0x0800022a                I2C3_EV_IRQHandler
                0x0800022c                I2C3_ER_IRQHandler
                0x0800022e                OTG_HS_EP1_OUT_IRQHandler
                0x08000230                OTG_HS_EP1_IN_IRQHandler
                0x08000232                OTG_HS_WKUP_IRQHandler
                0x08000234                OTG_HS_IRQHandler
                0x0800023a                HASH_RNG_IRQHandler
                0x0800023c                FPU_IRQHandler
                0x0800023e                reset_handler
 .init          0x0800029c      0x120 THUMB Debug/thumb_crt0.o
                0x0800029c                _start
                0x08000328                exit
                0x080003bc                __init_end__ = (__init_start__ + SIZEOF (.init))
                0x080003bc                __init_load_end__ = __init_end__
                0x00000001                . = ASSERT (((__init_end__ >= __FLASH_segment_start__) && (__init_end__ <= __FLASH_segment_end__)), error: .init is too large to fit in FLASH memory segment)
                0x080003bc                __text_load_start__ = ALIGN (__init_end__, 0x4)

.text           0x080003bc    0x3841c
                0x080003bc                __text_start__ = .
 *(.text .text.* .glue_7t .glue_7 .gnu.linkonce.t.* .gcc_except_table)
 .glue_7        0x00000000        0x0 linker stubs
 .glue_7t       0x00000000        0x0 linker stubs
 .text.main     0x080003bc       0x58 THUMB Debug/main_ctl.o
                0x080003bc                main
 .text.CoIdleTask
                0x08000414       0x64 THUMB Debug/main_ctl.o
                0x08000414                CoIdleTask
 .text.HardFault_Handler
                0x08000478        0x8 THUMB Debug/main_ctl.o
                0x08000478                HardFault_Handler
 .text.assert_failed
                0x08000480        0x4 THUMB Debug/main_ctl.o
                0x08000480                assert_failed
 .text.digitalInit
                0x08000484       0x80 THUMB Debug/digital.o
                0x08000484                digitalInit
 .text.utilStackCheck
                0x08000504       0xec THUMB Debug/util.o
                0x08000504                utilStackCheck
 .text.utilGetStackFree
                0x080005f0       0x70 THUMB Debug/util.o
                0x080005f0                utilGetStackFree
 .text.aqCalloc
                0x08000660       0x4c THUMB Debug/util.o
                0x08000660                aqCalloc
 .text.aqFree   0x080006ac       0x20 THUMB Debug/util.o
                0x080006ac                aqFree
 .text.aqDataCalloc
                0x080006cc       0x50 THUMB Debug/util.o
                0x080006cc                aqDataCalloc
 .text.aqStackInit
                0x0800071c       0x50 THUMB Debug/util.o
                0x0800071c                aqStackInit
 .text.delayMicros
                0x0800076c       0x1c THUMB Debug/util.o
                0x0800076c                delayMicros
 .text.delay    0x08000788       0x10 THUMB Debug/util.o
                0x08000788                delay
 .text.utilSerialNoString
                0x08000798       0x48 THUMB Debug/util.o
                0x08000798                utilSerialNoString
 .text.utilVersionString
                0x080007e0       0x48 THUMB Debug/util.o
                0x080007e0                utilVersionString
 .text.info     0x08000828       0xf0 THUMB Debug/util.o
                0x08000828                info
 .text.utilFilterReset
                0x08000918        0x8 THUMB Debug/util.o
                0x08000918                utilFilterReset
 .text.utilFilterInit
                0x08000920       0x14 THUMB Debug/util.o
                0x08000920                utilFilterInit
 .text.utilFilterInit3
                0x08000934       0x48 THUMB Debug/util.o
                0x08000934                utilFilterInit3
 .text.utilFilter
                0x0800097c       0x1c THUMB Debug/util.o
                0x0800097c                utilFilter
 .text.utilFilter3
                0x08000998       0x1c THUMB Debug/util.o
                0x08000998                utilFilter3
 .text.ftoa     0x080009b4      0x124 THUMB Debug/util.o
                0x080009b4                ftoa
 .text.rccConfiguration
                0x08000ad8      0x110 THUMB Debug/rcc.o
                0x08000ad8                rccConfiguration
 .text._serialStartTxDMA
                0x08000be8       0x30 THUMB Debug/serial.o
                0x08000be8                _serialStartTxDMA
 .text.serialStartTxDMA
                0x08000c18       0x44 THUMB Debug/serial.o
                0x08000c18                serialStartTxDMA
 .text.serialOpenUART
                0x08000c5c       0x54 THUMB Debug/serial.o
                0x08000c5c                serialOpenUART
 .text.serialUSART1
                0x08000cb0      0x110 THUMB Debug/serial.o
                0x08000cb0                serialUSART1
 .text.serialUSART2
                0x08000dc0       0xb0 THUMB Debug/serial.o
                0x08000dc0                serialUSART2
 .text.serialUSART3
                0x08000e70       0xa4 THUMB Debug/serial.o
                0x08000e70                serialUSART3
 .text.serialUSART4
                0x08000f14      0x10c THUMB Debug/serial.o
                0x08000f14                serialUSART4
 .text.serialUSART6
                0x08001020      0x114 THUMB Debug/serial.o
                0x08001020                serialUSART6
 .text.serialOpen
                0x08001134      0x1c8 THUMB Debug/serial.o
                0x08001134                serialOpen
 .text.serialWrite
                0x080012fc       0x34 THUMB Debug/serial.o
                0x080012fc                serialWrite
 .text.serialAvailable
                0x08001330       0x1c THUMB Debug/serial.o
                0x08001330                serialAvailable
 .text.serialRead
                0x0800134c       0x3c THUMB Debug/serial.o
                0x0800134c                serialRead
 .text.serialChangeBaud
                0x08001388        0xc THUMB Debug/serial.o
                0x08001388                serialChangeBaud
 .text.serialChangeParity
                0x08001394        0xc THUMB Debug/serial.o
                0x08001394                serialChangeParity
 .text.serialChangeStopBits
                0x080013a0        0xc THUMB Debug/serial.o
                0x080013a0                serialChangeStopBits
 .text.DMA2_Stream7_IRQHandler
                0x080013ac       0x24 THUMB Debug/serial.o
                0x080013ac                DMA2_Stream7_IRQHandler
 .text.USART1_IRQHandler
                0x080013d0       0x74 THUMB Debug/serial.o
                0x080013d0                USART1_IRQHandler
 .text.USART2_IRQHandler
                0x08001444       0x74 THUMB Debug/serial.o
                0x08001444                USART2_IRQHandler
 .text.USART3_IRQHandler
                0x080014b8       0x74 THUMB Debug/serial.o
                0x080014b8                USART3_IRQHandler
 .text.DMA1_Stream4_IRQHandler
                0x0800152c       0x24 THUMB Debug/serial.o
                0x0800152c                DMA1_Stream4_IRQHandler
 .text.UART4_IRQHandler
                0x08001550       0x74 THUMB Debug/serial.o
                0x08001550                UART4_IRQHandler
 .text.DMA2_Stream6_IRQHandler
                0x080015c4       0x24 THUMB Debug/serial.o
                0x080015c4                DMA2_Stream6_IRQHandler
 .text.USART6_IRQHandler
                0x080015e8       0x74 THUMB Debug/serial.o
                0x080015e8                USART6_IRQHandler
 .text.configLoadDefault
                0x0800165c      0x8e8 THUMB Debug/config.o
                0x0800165c                configLoadDefault
 .text.configTokenFindEmpty
                0x08001f44       0x10 THUMB Debug/config.o
                0x08001f44                configTokenFindEmpty
 .text.configTokenStore
                0x08001f54       0x14 THUMB Debug/config.o
                0x08001f54                configTokenStore
 .text.configTokenGet
                0x08001f68       0x1c THUMB Debug/config.o
                0x08001f68                configTokenGet
 .text.configFlashRead
                0x08001f84       0xb4 THUMB Debug/config.o
                0x08001f84                configFlashRead
 .text.configTokenIterate
                0x08002038       0x20 THUMB Debug/config.o
                0x08002038                configTokenIterate
 .text.configFlashWrite
                0x08002058      0x148 THUMB Debug/config.o
                0x08002058                configFlashWrite
 .text.configParameterRead
                0x080021a0       0x3c THUMB Debug/config.o
                0x080021a0                configParameterRead
 .text.configParameterWrite
                0x080021dc       0x28 THUMB Debug/config.o
                0x080021dc                configParameterWrite
 .text.configParseParams
                0x08002204      0x13c THUMB Debug/config.o
                0x08002204                configParseParams
 .text.configReadFile
                0x08002340       0xd8 THUMB Debug/config.o
                0x08002340                configReadFile
 .text.configInit
                0x08002418       0xb8 THUMB Debug/config.o
                0x08002418                configInit
 .text.configFormatParam
                0x080024d0       0x64 THUMB Debug/config.o
                0x080024d0                configFormatParam
 .text.configWriteFile
                0x08002534      0x12c THUMB Debug/config.o
                0x08002534                configWriteFile
 .text.configGetParamIdByName
                0x08002660       0x88 THUMB Debug/config.o
                0x08002660                configGetParamIdByName
 .text.GetSector
                0x080026e8       0xd4 THUMB Debug/flash.o
                0x080026e8                GetSector
 .text.flashAddress
                0x080027bc      0x17c THUMB Debug/flash.o
                0x080027bc                flashAddress
 .text.flashErase
                0x08002938       0xa8 THUMB Debug/flash.o
                0x08002938                flashErase
 .text.flashStartAddr
                0x080029e0        0xc THUMB Debug/flash.o
                0x080029e0                flashStartAddr
 .text.flashSerno
                0x080029ec       0x10 THUMB Debug/flash.o
                0x080029ec                flashSerno
 .text.motorsReceiveTelem
                0x080029fc       0x30 THUMB Debug/motors.o
                0x080029fc                motorsReceiveTelem
 .text.motorsCanRequestTelem
                0x08002a2c       0x48 THUMB Debug/motors.o
 .text.motorsCanInit
                0x08002a74       0xe4 THUMB Debug/motors.o
 .text.motorsCheckCanStatus
                0x08002b58       0xcc THUMB Debug/motors.o
 .text.motorsCanSendGroups
                0x08002c24       0x3c THUMB Debug/motors.o
 .text.motorsSendValues
                0x08002c60      0x208 THUMB Debug/motors.o
                0x08002c60                motorsSendValues
 .text.motorsOff
                0x08002e68      0x5fc THUMB Debug/motors.o
                0x08002e68                motorsOff
 .text.motorsCommands
                0x08003464      0xafc THUMB Debug/motors.o
                0x08003464                motorsCommands
 .text.motorsArm
                0x08003f60      0x52c THUMB Debug/motors.o
                0x08003f60                motorsArm
 .text.motorsDisarm
                0x0800448c       0x38 THUMB Debug/motors.o
                0x0800448c                motorsDisarm
 .text.motorsInit
                0x080044c4      0xbb0 THUMB Debug/motors.o
                0x080044c4                motorsInit
 .text.spektrumDecode
                0x08005074      0x744 THUMB Debug/spektrum.o
                0x08005074                spektrumDecode
 .text.spektrumCharIn
                0x080057b8       0x6c THUMB Debug/spektrum.o
                0x080057b8                spektrumCharIn
 .text.spektrumInit
                0x08005824       0x44 THUMB Debug/spektrum.o
                0x08005824                spektrumInit
 .text.analogDecode
                0x08005868      0x1e8 THUMB Debug/analog.o
                0x08005868                analogDecode
 .text.analogInit
                0x08005a50      0x294 THUMB Debug/analog.o
                0x08005a50                analogInit
 .text.controlTaskCode
                0x08005ce4      0x69c THUMB Debug/control.o
                0x08005ce4                controlTaskCode
 .text.controlInit
                0x08006380      0x22c THUMB Debug/control.o
                0x08006380                controlInit
 .text._commSchedule
                0x080065ac       0xdc THUMB Debug/comm.o
 .text.commTxFinished
                0x08006688       0x30 THUMB Debug/comm.o
                0x08006688                commTxFinished
 .text.commGetNoticeBuf
                0x080066b8       0x28 THUMB Debug/comm.o
                0x080066b8                commGetNoticeBuf
 .text.commNotice
                0x080066e0       0x20 THUMB Debug/comm.o
                0x080066e0                commNotice
 .text.commStreamUsed
                0x08006700        0xc THUMB Debug/comm.o
                0x08006700                commStreamUsed
 .text.commRegisterNoticeFunc
                0x0800670c       0x74 THUMB Debug/comm.o
                0x0800670c                commRegisterNoticeFunc
 .text.commRegisterTelemFunc
                0x08006780       0x74 THUMB Debug/comm.o
                0x08006780                commRegisterTelemFunc
 .text.commRegisterRcvrFunc
                0x080067f4       0x80 THUMB Debug/comm.o
                0x080067f4                commRegisterRcvrFunc
 .text.commReadChar
                0x08006874       0x6c THUMB Debug/comm.o
                0x08006874                commReadChar
 .text.commAvailable
                0x080068e0       0x68 THUMB Debug/comm.o
                0x080068e0                commAvailable
 .text.commTaskCode
                0x08006948      0x46c THUMB Debug/comm.o
                0x08006948                commTaskCode
 .text.commGetTxBuf
                0x08006db4      0x1bc THUMB Debug/comm.o
                0x08006db4                commGetTxBuf
 .text.commSendTxBuf
                0x08006f70      0x550 THUMB Debug/comm.o
                0x08006f70                commSendTxBuf
 .text.commSetTypesUsed
                0x080074c0       0x34 THUMB Debug/comm.o
                0x080074c0                commSetTypesUsed
 .text.commSetStreamType
                0x080074f4       0x18 THUMB Debug/comm.o
                0x080074f4                commSetStreamType
 .text.commInit
                0x0800750c      0x1b4 THUMB Debug/comm.o
                0x0800750c                commInit
 .text.commRegisterCanUart
                0x080076c0       0x3c THUMB Debug/comm.o
                0x080076c0                commRegisterCanUart
 .text.CRYP_IRQHandler
                0x080076fc       0xb4 THUMB Debug/comm.o
                0x080076fc                CRYP_IRQHandler
 .text.navPressureAdjust
                0x080077b0       0x24 THUMB Debug/nav.o
                0x080077b0                navPressureAdjust
 .text.navSetHoldAlt
                0x080077d4       0x28 THUMB Debug/nav.o
                0x080077d4                navSetHoldAlt
 .text.navSetHoldHeading
                0x080077fc       0x3c THUMB Debug/nav.o
                0x080077fc                navSetHoldHeading
 .text.navSetHomeCurrent
                0x08007838       0xa0 THUMB Debug/nav.o
                0x08007838                navSetHomeCurrent
 .text.navRecallHome
                0x080078d8       0x94 THUMB Debug/nav.o
                0x080078d8                navRecallHome
 .text.navSetHeadFreeMode
                0x0800796c      0x168 THUMB Debug/nav.o
                0x0800796c                navSetHeadFreeMode
 .text.navLoadLeg
                0x08007ad4      0x274 THUMB Debug/nav.o
                0x08007ad4                navLoadLeg
 .text.navSetFixType
                0x08007d48       0xf4 THUMB Debug/nav.o
                0x08007d48                navSetFixType
 .text.navInit  0x08007e3c      0x1c8 THUMB Debug/nav.o
                0x08007e3c                navInit
 .text.navGetWaypointCount
                0x08008004       0x48 THUMB Debug/nav.o
                0x08008004                navGetWaypointCount
 .text.navClearWaypoints
                0x0800804c       0x44 THUMB Debug/nav.o
                0x0800804c                navClearWaypoints
 .text.navGetWaypoint
                0x08008090       0x18 THUMB Debug/nav.o
                0x08008090                navGetWaypoint
 .text.navGetHomeWaypoint
                0x080080a8        0x8 THUMB Debug/nav.o
                0x080080a8                navGetHomeWaypoint
 .text.navCalcDistance
                0x080080b0       0x64 THUMB Debug/nav.o
                0x080080b0                navCalcDistance
 *fill*         0x08008114        0x4 00
 .text.navCalcBearing
                0x08008118       0x98 THUMB Debug/nav.o
                0x08008118                navCalcBearing
 .text.navSetHfReference
                0x080081b0       0xe4 THUMB Debug/nav.o
                0x080081b0                navSetHfReference
 .text.navNavigate
                0x08008294      0xf04 THUMB Debug/nav.o
                0x08008294                navNavigate
 .text.telemtrySendChar
                0x08009198       0x1c THUMB Debug/telemetry.o
 .text.telemtrySendFloat
                0x080091b4       0x2c THUMB Debug/telemetry.o
 .text.telemtrySendInt
                0x080091e0       0x28 THUMB Debug/telemetry.o
 .text.telemetrySendNotice
                0x08009208       0x64 THUMB Debug/telemetry.o
                0x08009208                telemetrySendNotice
 .text.telemetryDo
                0x0800926c      0x474 THUMB Debug/telemetry.o
                0x0800926c                telemetryDo
 .text.telemetryEnable
                0x080096e0       0x10 THUMB Debug/telemetry.o
                0x080096e0                telemetryEnable
 .text.telemetryDisable
                0x080096f0       0x10 THUMB Debug/telemetry.o
                0x080096f0                telemetryDisable
 .text.telemetryInit
                0x08009700       0x30 THUMB Debug/telemetry.o
                0x08009700                telemetryInit
 .text.ubloxTxChecksumReset
                0x08009730       0x18 THUMB Debug/ublox.o
 .text.ubloxRxChecksum
                0x08009748       0x20 THUMB Debug/ublox.o
 .text.ubloxTxChecksum
                0x08009768       0x20 THUMB Debug/ublox.o
 .text.ubloxWriteU1
                0x08009788       0x1c THUMB Debug/ublox.o
 .text.ubloxSendPreamble
                0x080097a4       0x18 THUMB Debug/ublox.o
 .text.ubloxWriteU4
                0x080097bc       0x24 THUMB Debug/ublox.o
 .text.ubloxWriteU2
                0x080097e0       0x14 THUMB Debug/ublox.o
 .text.ubloxWriteI2
                0x080097f4       0x14 THUMB Debug/ublox.o
 .text.ubloxEnableMessage
                0x08009808       0x6c THUMB Debug/ublox.o
 .text.ubloxSetRate
                0x08009874       0x6c THUMB Debug/ublox.o
 .text.ubloxVersionSpecific
                0x080098e0       0xa0 THUMB Debug/ublox.o
 .text.ubloxInitGps
                0x08009980       0x9c THUMB Debug/ublox.o
                0x08009980                ubloxInitGps
 .text.ubloxSendSetup
                0x08009a1c      0x1fc THUMB Debug/ublox.o
                0x08009a1c                ubloxSendSetup
 .text.ubloxInit
                0x08009c18       0x28 THUMB Debug/ublox.o
                0x08009c18                ubloxInit
 .text.ubloxPublish
                0x08009c40      0x510 THUMB Debug/ublox.o
                0x08009c40                ubloxPublish
 .text.ubloxCharIn
                0x0800a150      0x1ec THUMB Debug/ublox.o
                0x0800a150                ubloxCharIn
 .text.pidInit  0x0800a33c       0x48 THUMB Debug/pid.o
                0x0800a33c                pidInit
 .text.pidUpdate
                0x0800a384      0x1c0 THUMB Debug/pid.o
                0x0800a384                pidUpdate
 .text.pidZeroIntegral
                0x0800a544       0x34 THUMB Debug/pid.o
                0x0800a544                pidZeroIntegral
 .text.mavlinkSendPacket
                0x0800a578       0x70 THUMB Debug/aq_mavlink.o
                0x0800a578                mavlinkSendPacket
 .text._mav_finalize_message_chan_send
                0x0800a5e8      0x1c4 THUMB Debug/aq_mavlink.o
 .text.mavlinkSendNotice
                0x0800a7ac      0x188 THUMB Debug/aq_mavlink.o
                0x0800a7ac                mavlinkSendNotice
 .text.mavlink_msg_param_value_send
                0x0800a934      0x190 THUMB Debug/aq_mavlink.o
 .text.mavlinkWpReached
                0x0800aac4      0x130 THUMB Debug/aq_mavlink.o
                0x0800aac4                mavlinkWpReached
 .text.mavlinkWpAnnounceCurrent
                0x0800abf4      0x130 THUMB Debug/aq_mavlink.o
                0x0800abf4                mavlinkWpAnnounceCurrent
 *fill*         0x0800ad24        0x4 00
 .text.mavlinkAnnounceHome
                0x0800ad28      0x438 THUMB Debug/aq_mavlink.o
                0x0800ad28                mavlinkAnnounceHome
 .text.mavlinkToggleStreams
                0x0800b160      0x110 THUMB Debug/aq_mavlink.o
                0x0800b160                mavlinkToggleStreams
 .text.mavlinkSetSystemData
                0x0800b270      0x17c THUMB Debug/aq_mavlink.o
                0x0800b270                mavlinkSetSystemData
 *fill*         0x0800b3ec        0x4 00
 .text.mavlinkDo
                0x0800b3f0     0x3330 THUMB Debug/aq_mavlink.o
                0x0800b3f0                mavlinkDo
 .text.mavlinkDoCommand
                0x0800e720      0x4a8 THUMB Debug/aq_mavlink.o
                0x0800e720                mavlinkDoCommand
 .text.mavlinkRecvTaskCode
                0x0800ebc8     0x2338 THUMB Debug/aq_mavlink.o
                0x0800ebc8                mavlinkRecvTaskCode
 .text.mavlinkSetSystemType
                0x08010f00      0x1fc THUMB Debug/aq_mavlink.o
                0x08010f00                mavlinkSetSystemType
 .text.mavlinkSendParameter
                0x080110fc      0x194 THUMB Debug/aq_mavlink.o
                0x080110fc                mavlinkSendParameter
 .text.mavlinkInit
                0x08011290      0x2d8 THUMB Debug/aq_mavlink.o
                0x08011290                mavlinkInit
 .text.compassNormalize
                0x08011568       0x48 THUMB Debug/compass.o
                0x08011568                compassNormalize
 .text.compassDifference
                0x080115b0       0x54 THUMB Debug/compass.o
                0x080115b0                compassDifference
 .text.gpsPassThrough
                0x08011604       0x2c THUMB Debug/gps.o
                0x08011604                gpsPassThrough
 .text.gpsSendSetup
                0x08011630        0x8 THUMB Debug/gps.o
                0x08011630                gpsSendSetup
 .text.gpsCheckBaud
                0x08011638       0xa4 THUMB Debug/gps.o
                0x08011638                gpsCheckBaud
 .text.gpsTaskCode
                0x080116dc       0xa8 THUMB Debug/gps.o
                0x080116dc                gpsTaskCode
 .text.gpsInit  0x08011784       0xc8 THUMB Debug/gps.o
                0x08011784                gpsInit
 .text.gpsSendPacket
                0x0801184c       0x6c THUMB Debug/gps.o
                0x0801184c                gpsSendPacket
 .text.commandChecksum
                0x080118b8       0x20 THUMB Debug/command.o
 .text.commandSendChar
                0x080118d8       0x14 THUMB Debug/command.o
 .text.commandResponseSend
                0x080118ec       0xe4 THUMB Debug/command.o
 .text.commandRespond
                0x080119d0       0x30 THUMB Debug/command.o
 .text.commandAck
                0x08011a00       0x14 THUMB Debug/command.o
 .text.commandNack
                0x08011a14       0x14 THUMB Debug/command.o
 .text.commandTaskCode
                0x08011a28      0x394 THUMB Debug/command.o
                0x08011a28                commandTaskCode
 .text.commandInit
                0x08011dbc       0x40 THUMB Debug/command.o
                0x08011dbc                commandInit
 .text.timerCancelAlarm1
                0x08011dfc       0x24 THUMB Debug/aq_timer.o
                0x08011dfc                timerCancelAlarm1
 .text.timerCancelAlarm2
                0x08011e20       0x24 THUMB Debug/aq_timer.o
                0x08011e20                timerCancelAlarm2
 .text.timerCancelAlarm3
                0x08011e44       0x24 THUMB Debug/aq_timer.o
                0x08011e44                timerCancelAlarm3
 .text.timerCancelAlarm4
                0x08011e68       0x24 THUMB Debug/aq_timer.o
                0x08011e68                timerCancelAlarm4
 .text.timerInit
                0x08011e8c       0xf8 THUMB Debug/aq_timer.o
                0x08011e8c                timerInit
 .text.timerSetAlarm1
                0x08011f84       0x2c THUMB Debug/aq_timer.o
                0x08011f84                timerSetAlarm1
 .text.timerSetAlarm2
                0x08011fb0       0x2c THUMB Debug/aq_timer.o
                0x08011fb0                timerSetAlarm2
 .text.timerSetAlarm3
                0x08011fdc       0x2c THUMB Debug/aq_timer.o
                0x08011fdc                timerSetAlarm3
 .text.TIM5_IRQHandler
                0x08012008      0x14c THUMB Debug/aq_timer.o
                0x08012008                TIM5_IRQHandler
 .text.aqInit   0x08012154       0xb0 THUMB Debug/aq_init.o
                0x08012154                aqInit
 .text.loggerCopy8
                0x08012204       0x10 THUMB Debug/logger.o
                0x08012204                loggerCopy8
 .text.loggerCopy4
                0x08012214        0xc THUMB Debug/logger.o
                0x08012214                loggerCopy4
 .text.loggerCopy2
                0x08012220        0xc THUMB Debug/logger.o
                0x08012220                loggerCopy2
 .text.loggerCopy1
                0x0801222c        0xc THUMB Debug/logger.o
                0x0801222c                loggerCopy1
 .text.loggerDoHeader
                0x08012238       0xb4 THUMB Debug/logger.o
                0x08012238                loggerDoHeader
 .text.loggerDo
                0x080122ec       0xf8 THUMB Debug/logger.o
                0x080122ec                loggerDo
 .text.loggerSetup
                0x080123e4      0xc50 THUMB Debug/logger.o
                0x080123e4                loggerSetup
 .text.loggerInit
                0x08013034       0x54 THUMB Debug/logger.o
                0x08013034                loggerInit
 .text.rtcDow   0x08013088       0x6c THUMB Debug/rtc.o
                0x08013088                rtcDow
 .text.rtcByteToBcd2
                0x080130f4       0x6c THUMB Debug/rtc.o
                0x080130f4                rtcByteToBcd2
 .text.rtcSetDataTime
                0x08013160      0x104 THUMB Debug/rtc.o
                0x08013160                rtcSetDataTime
 .text.rtcGetDateTime
                0x08013264       0x50 THUMB Debug/rtc.o
                0x08013264                rtcGetDateTime
 .text.rtcInit  0x080132b4      0x1e4 THUMB Debug/rtc.o
                0x080132b4                rtcInit
 .text.RTC_WKUP_IRQHandler
                0x08013498       0x20 THUMB Debug/rtc.o
                0x08013498                RTC_WKUP_IRQHandler
 .text.CmdResp2Error
                0x080134b8       0x58 THUMB Debug/sdio.o
 .text.CmdResp1Error
                0x08013510      0x164 THUMB Debug/sdio.o
 .text.SD_DetectLowLevel
                0x08013674       0x38 THUMB Debug/sdio.o
                0x08013674                SD_DetectLowLevel
 .text.sdioIntHandler
                0x080136ac       0x30 THUMB Debug/sdio.o
                0x080136ac                sdioIntHandler
 .text.SD_Detect
                0x080136dc       0x48 THUMB Debug/sdio.o
                0x080136dc                SD_Detect
 .text.SDEnWideBus
                0x08013724      0x298 THUMB Debug/sdio.o
 .text.SD_PowerON
                0x080139bc      0x2a0 THUMB Debug/sdio.o
                0x080139bc                SD_PowerON
 .text.SD_StopTransfer
                0x08013c5c       0x30 THUMB Debug/sdio.o
                0x08013c5c                SD_StopTransfer
 .text.SD_InitializeCards
                0x08013c8c      0x1c4 THUMB Debug/sdio.o
                0x08013c8c                SD_InitializeCards
 .text.SD_GetCardInfo
                0x08013e50      0x29c THUMB Debug/sdio.o
                0x08013e50                SD_GetCardInfo
 .text.SD_SelectDeselect
                0x080140ec       0x30 THUMB Debug/sdio.o
                0x080140ec                SD_SelectDeselect
 .text.SD_EnableWideBusOperation
                0x0801411c       0x90 THUMB Debug/sdio.o
                0x0801411c                SD_EnableWideBusOperation
 .text.sdioLowLevelInit
                0x080141ac      0x148 THUMB Debug/sdio.o
                0x080141ac                sdioLowLevelInit
 .text.SD_LowLevel_DMA_TxConfig
                0x080142f4       0xa0 THUMB Debug/sdio.o
                0x080142f4                SD_LowLevel_DMA_TxConfig
 .text.SD_LowLevel_DMA_RxConfig
                0x08014394       0x9c THUMB Debug/sdio.o
                0x08014394                SD_LowLevel_DMA_RxConfig
 .text.sdioInit
                0x08014430       0xb4 THUMB Debug/sdio.o
                0x08014430                sdioInit
 .text.SD_ReadBlock
                0x080144e4       0xc8 THUMB Debug/sdio.o
                0x080144e4                SD_ReadBlock
 .text.SD_ReadMultiBlocks
                0x080145ac       0xd0 THUMB Debug/sdio.o
                0x080145ac                SD_ReadMultiBlocks
 .text.SD_WriteBlock
                0x0801467c       0xc4 THUMB Debug/sdio.o
                0x0801467c                SD_WriteBlock
 .text.SD_WriteMultiBlocks
                0x08014740      0x130 THUMB Debug/sdio.o
                0x08014740                SD_WriteMultiBlocks
 .text.SD_WaitWriteOperation
                0x08014870       0x5c THUMB Debug/sdio.o
                0x08014870                SD_WaitWriteOperation
 .text.SD_WaitReadOperation
                0x080148cc       0x5c THUMB Debug/sdio.o
                0x080148cc                SD_WaitReadOperation
 .text.SD_SendSDStatus
                0x08014928      0x1fc THUMB Debug/sdio.o
                0x08014928                SD_SendSDStatus
 .text.SD_GetCardStatus
                0x08014b24       0xb8 THUMB Debug/sdio.o
                0x08014b24                SD_GetCardStatus
 .text.SD_SendStatus
                0x08014bdc       0x54 THUMB Debug/sdio.o
                0x08014bdc                SD_SendStatus
 .text.SD_GetState
                0x08014c30       0x30 THUMB Debug/sdio.o
                0x08014c30                SD_GetState
 .text.SD_GetStatus
                0x08014c60       0x1c THUMB Debug/sdio.o
                0x08014c60                SD_GetStatus
 .text.get_fattime
                0x08014c7c        0x8 THUMB Debug/sdio.o
                0x08014c7c                get_fattime
 .text.disk_initialize
                0x08014c84       0x34 THUMB Debug/sdio.o
                0x08014c84                disk_initialize
 .text.disk_status
                0x08014cb8       0x2c THUMB Debug/sdio.o
                0x08014cb8                disk_status
 .text.disk_read
                0x08014ce4       0xd4 THUMB Debug/sdio.o
                0x08014ce4                disk_read
 .text.disk_write
                0x08014db8       0xd4 THUMB Debug/sdio.o
                0x08014db8                disk_write
 .text.disk_ioctl
                0x08014e8c       0xa8 THUMB Debug/sdio.o
                0x08014e8c                disk_ioctl
 .text.sdioSetCallback
                0x08014f34       0x14 THUMB Debug/sdio.o
                0x08014f34                sdioSetCallback
 .text.SD_ProcessDMAIRQ
                0x08014f48       0x24 THUMB Debug/sdio.o
                0x08014f48                SD_ProcessDMAIRQ
 .text.SD_ProcessIRQSrc
                0x08014f6c      0x15c THUMB Debug/sdio.o
                0x08014f6c                SD_ProcessIRQSrc
 .text.SD_Initialized
                0x080150c8        0xc THUMB Debug/sdio.o
                0x080150c8                SD_Initialized
 .text.SD_TransferComplete
                0x080150d4        0xc THUMB Debug/sdio.o
                0x080150d4                SD_TransferComplete
 .text.SDIO_IRQHandler
                0x080150e0        0x8 THUMB Debug/sdio.o
                0x080150e0                SDIO_IRQHandler
 .text.DMA2_Stream3_IRQHandler
                0x080150e8        0x8 THUMB Debug/sdio.o
                0x080150e8                DMA2_Stream3_IRQHandler
 .text.imuQuasiStatic
                0x080150f0       0xec THUMB Debug/imu.o
                0x080150f0                imuQuasiStatic
 .text.imuCalcRot
                0x080151dc       0x44 THUMB Debug/imu.o
                0x080151dc                imuCalcRot
 .text.imuInit  0x08015220       0x40 THUMB Debug/imu.o
                0x08015220                imuInit
 .text.imuDImuDRateReady
                0x08015260       0x1c THUMB Debug/imu.o
                0x08015260                imuDImuDRateReady
 .text.imuDImuSensorReady
                0x0801527c       0x1c THUMB Debug/imu.o
                0x0801527c                imuDImuSensorReady
 .text.supervisorSOCTableLookup
                0x08015298       0xb8 THUMB Debug/supervisor.o
                0x08015298                supervisorSOCTableLookup
 .text.supervisorCreateSOCTable
                0x08015350      0x158 THUMB Debug/supervisor.o
                0x08015350                supervisorCreateSOCTable
 .text.supervisorLEDsOn
                0x080154a8       0x1c THUMB Debug/supervisor.o
                0x080154a8                supervisorLEDsOn
 .text.supervisorLEDsOff
                0x080154c4       0x1c THUMB Debug/supervisor.o
                0x080154c4                supervisorLEDsOff
 .text.supervisorArm
                0x080154e0       0x48 THUMB Debug/supervisor.o
                0x080154e0                supervisorArm
 .text.supervisorDisarm
                0x08015528       0x3c THUMB Debug/supervisor.o
                0x08015528                supervisorDisarm
 .text.supervisorCalibrate
                0x08015564       0x24 THUMB Debug/supervisor.o
                0x08015564                supervisorCalibrate
 .text.supervisorTare
                0x08015588       0x1c THUMB Debug/supervisor.o
                0x08015588                supervisorTare
 .text.supervisorTaskCode
                0x080155a4      0xd20 THUMB Debug/supervisor.o
                0x080155a4                supervisorTaskCode
 .text.supervisorInitComplete
                0x080162c4        0x8 THUMB Debug/supervisor.o
                0x080162c4                supervisorInitComplete
 .text.supervisorDiskWait
                0x080162cc       0x10 THUMB Debug/supervisor.o
                0x080162cc                supervisorDiskWait
 .text.supervisorThrottleUp
                0x080162dc       0x30 THUMB Debug/supervisor.o
                0x080162dc                supervisorThrottleUp
 .text.supervisorSendDataStart
                0x0801630c       0x3c THUMB Debug/supervisor.o
                0x0801630c                supervisorSendDataStart
 .text.supervisorSendDataStop
                0x08016348       0x3c THUMB Debug/supervisor.o
                0x08016348                supervisorSendDataStop
 .text.supervisorConfigRead
                0x08016384       0x18 THUMB Debug/supervisor.o
                0x08016384                supervisorConfigRead
 .text.supervisorInit
                0x0801639c       0x98 THUMB Debug/supervisor.o
                0x0801639c                supervisorInit
 .text.fpuInit  0x08016434       0x1c THUMB Debug/fpu.o
                0x08016434                fpuInit
 .text.navUkfCalcGlobalDistance
                0x08016450       0x44 THUMB Debug/nav_ukf.o
 .text.navUkfResetPosition
                0x08016494       0xb8 THUMB Debug/nav_ukf.o
 .text.navUkfCalcLocalDistance
                0x0801654c       0x48 THUMB Debug/nav_ukf.o
 .text.navUkfRotateVecByRevMatrix
                0x08016594       0x7c THUMB Debug/nav_ukf.o
 .text.navUkfQuatToMatrix
                0x08016610      0x128 THUMB Debug/nav_ukf.o
 .text.navUkfRotateQuat
                0x08016738       0x80 THUMB Debug/nav_ukf.o
 .text.navUkfRateUpdate
                0x080167b8       0x24 THUMB Debug/nav_ukf.o
                0x080167b8                navUkfRateUpdate
 .text.navUkfPresUpdate
                0x080167dc       0x14 THUMB Debug/nav_ukf.o
                0x080167dc                navUkfPresUpdate
 .text.navUkfPresGPSAltUpdate
                0x080167f0       0x24 THUMB Debug/nav_ukf.o
                0x080167f0                navUkfPresGPSAltUpdate
 .text.navUkfPosUpdate
                0x08016814       0x34 THUMB Debug/nav_ukf.o
                0x08016814                navUkfPosUpdate
 .text.navUkfVelUpdate
                0x08016848       0x34 THUMB Debug/nav_ukf.o
                0x08016848                navUkfVelUpdate
 .text.navUkfOfPosUpdate
                0x0801687c       0x34 THUMB Debug/nav_ukf.o
                0x0801687c                navUkfOfPosUpdate
 .text.navUkfPresToAlt
                0x080168b0       0x30 THUMB Debug/nav_ukf.o
                0x080168b0                navUkfPresToAlt
 .text.navUkfSetGlobalPositionTarget
                0x080168e0       0x70 THUMB Debug/nav_ukf.o
                0x080168e0                navUkfSetGlobalPositionTarget
 .text.navUkfSetHereAsPositionTarget
                0x08016950       0xb0 THUMB Debug/nav_ukf.o
                0x08016950                navUkfSetHereAsPositionTarget
 .text.navUkfNormalizeVec3
                0x08016a00       0x40 THUMB Debug/nav_ukf.o
                0x08016a00                navUkfNormalizeVec3
 .text.navUkfNormalizeQuat
                0x08016a40       0x60 THUMB Debug/nav_ukf.o
                0x08016a40                navUkfNormalizeQuat
 .text.navUkfRotateVectorByQuat
                0x08016aa0      0x114 THUMB Debug/nav_ukf.o
                0x08016aa0                navUkfRotateVectorByQuat
 .text.navUkfRotateVectorByRevQuat
                0x08016bb4       0x38 THUMB Debug/nav_ukf.o
                0x08016bb4                navUkfRotateVectorByRevQuat
 .text.navUkfAccUpdate
                0x08016bec       0x48 THUMB Debug/nav_ukf.o
                0x08016bec                navUkfAccUpdate
 .text.navUkfRotateVecByMatrix
                0x08016c34       0x7c THUMB Debug/nav_ukf.o
                0x08016c34                navUkfRotateVecByMatrix
 .text.navUkfTimeUpdate
                0x08016cb0      0x3a8 THUMB Debug/nav_ukf.o
                0x08016cb0                navUkfTimeUpdate
 .text.navUkfQuatExtractEuler
                0x08017058       0x90 THUMB Debug/nav_ukf.o
                0x08017058                navUkfQuatExtractEuler
 .text.navUkfFinish
                0x080170e8       0x9c THUMB Debug/nav_ukf.o
                0x080170e8                navUkfFinish
 .text.navUkfInertialUpdate
                0x08017184       0xb0 THUMB Debug/nav_ukf.o
                0x08017184                navUkfInertialUpdate
 .text.navUkfZeroRate
                0x08017234       0x4c THUMB Debug/nav_ukf.o
                0x08017234                navUkfZeroRate
 .text.simDoPresUpdate
                0x08017280       0x88 THUMB Debug/nav_ukf.o
                0x08017280                simDoPresUpdate
 .text.simDoAccUpdate
                0x08017308       0xd0 THUMB Debug/nav_ukf.o
                0x08017308                simDoAccUpdate
 .text.navUkfZeroPos
                0x080173d8       0x84 THUMB Debug/nav_ukf.o
                0x080173d8                navUkfZeroPos
 *fill*         0x0801745c        0x4 00
 .text.navUkfGpsPosUpdate
                0x08017460      0x2f8 THUMB Debug/nav_ukf.o
                0x08017460                navUkfGpsPosUpdate
 .text.navUkfZeroVel
                0x08017758       0x70 THUMB Debug/nav_ukf.o
                0x08017758                navUkfZeroVel
 .text.navUkfGpsVelUpdate
                0x080177c8      0x19c THUMB Debug/nav_ukf.o
                0x080177c8                navUkfGpsVelUpdate
 .text.navUkfFlowUpdate
                0x08017964      0x298 THUMB Debug/nav_ukf.o
                0x08017964                navUkfFlowUpdate
 .text.navUkfOpticalFlow
                0x08017bfc       0xc4 THUMB Debug/nav_ukf.o
                0x08017bfc                navUkfOpticalFlow
 .text.navUkfResetBias
                0x08017cc0       0x34 THUMB Debug/nav_ukf.o
                0x08017cc0                navUkfResetBias
 .text.navUkfResetVels
                0x08017cf4       0x20 THUMB Debug/nav_ukf.o
                0x08017cf4                navUkfResetVels
 .text.navUkfInitState
                0x08017d14      0x204 THUMB Debug/nav_ukf.o
                0x08017d14                navUkfInitState
 .text.navUkfInit
                0x08017f18      0x1d4 THUMB Debug/nav_ukf.o
                0x08017f18                navUkfInit
 .text.altUkfTimeUpdate
                0x080180ec      0x1a4 THUMB Debug/alt_ukf.o
                0x080180ec                altUkfTimeUpdate
 .text.altUkfPresUpdate
                0x08018290       0x14 THUMB Debug/alt_ukf.o
                0x08018290                altUkfPresUpdate
 .text.altUkfProcess
                0x080182a4       0xb8 THUMB Debug/alt_ukf.o
                0x080182a4                altUkfProcess
 .text.altUkfInit
                0x0801835c       0xa0 THUMB Debug/alt_ukf.o
                0x0801835c                altUkfInit
 .text.runTaskCode
                0x080183fc      0x59c THUMB Debug/run.o
                0x080183fc                runTaskCode
 .text.runInit  0x08018998      0x370 THUMB Debug/run.o
                0x08018998                runInit
 .text.radioMakeCurrent
                0x08018d08       0x2c THUMB Debug/radio.o
 .text.radioReceptionQuality
                0x08018d34       0x34 THUMB Debug/radio.o
 .text.radioTaskCode
                0x08018d68      0x190 THUMB Debug/radio.o
                0x08018d68                radioTaskCode
 .text.radioInit
                0x08018ef8      0x4b8 THUMB Debug/radio.o
                0x08018ef8                radioInit
 .text.futabaDecode
                0x080193b0      0x170 THUMB Debug/futaba.o
                0x080193b0                futabaDecode
 .text.futabaCharIn
                0x08019520       0xf0 THUMB Debug/futaba.o
                0x08019520                futabaCharIn
 .text.futabaInit
                0x08019610       0x4c THUMB Debug/futaba.o
                0x08019610                futabaInit
 .text.ppmCallback
                0x0801965c      0x168 THUMB Debug/ppm.o
                0x0801965c                ppmCallback
 .text.ppmInit  0x080197c4       0x38 THUMB Debug/ppm.o
                0x080197c4                ppmInit
 .text.ppmDataAvailable
                0x080197fc      0x11c THUMB Debug/ppm.o
                0x080197fc                ppmDataAvailable
 .text.ppmGetSignalQuality
                0x08019918       0x10 THUMB Debug/ppm.o
                0x08019918                ppmGetSignalQuality
 .text.filerProcessStream
                0x08019928       0xf4 THUMB Debug/filer.o
 .text.filerProcessClose
                0x08019a1c       0x28 THUMB Debug/filer.o
 .text.filerProcessSync
                0x08019a44       0x30 THUMB Debug/filer.o
 .text.filerDebug
                0x08019a74       0x2c THUMB Debug/filer.o
                0x08019a74                filerDebug
 .text.filerInitFS
                0x08019aa0      0x188 THUMB Debug/filer.o
                0x08019aa0                filerInitFS
 .text.filerTaskCode
                0x08019c28      0x488 THUMB Debug/filer.o
                0x08019c28                filerTaskCode
 .text.filerInit
                0x0801a0b0       0x64 THUMB Debug/filer.o
                0x0801a0b0                filerInit
 .text.filerGetHandle
                0x0801a114      0x108 THUMB Debug/filer.o
                0x0801a114                filerGetHandle
 .text.filerReadWrite
                0x0801a21c       0x58 THUMB Debug/filer.o
                0x0801a21c                filerReadWrite
 .text.filerRead
                0x0801a274       0x28 THUMB Debug/filer.o
                0x0801a274                filerRead
 .text.filerWrite
                0x0801a29c       0x28 THUMB Debug/filer.o
                0x0801a29c                filerWrite
 .text.filerClose
                0x0801a2c4       0x5c THUMB Debug/filer.o
                0x0801a2c4                filerClose
 .text.filerGetHead
                0x0801a320       0x18 THUMB Debug/filer.o
                0x0801a320                filerGetHead
 .text.filerSetHead
                0x0801a338       0x18 THUMB Debug/filer.o
                0x0801a338                filerSetHead
 .text.filerStream
                0x0801a350       0x44 THUMB Debug/filer.o
                0x0801a350                filerStream
 .text.filerAvailable
                0x0801a394        0xc THUMB Debug/filer.o
                0x0801a394                filerAvailable
 .text.pwmTimeBase
                0x0801a3a0       0x38 THUMB Debug/pwm.o
                0x0801a3a0                pwmTimeBase
 .text.pwmOCInit
                0x0801a3d8       0x70 THUMB Debug/pwm.o
                0x0801a3d8                pwmOCInit
 .text.pwmICInit
                0x0801a448       0x3c THUMB Debug/pwm.o
                0x0801a448                pwmICInit
 .text.pwmBDTRInit
                0x0801a484       0x30 THUMB Debug/pwm.o
                0x0801a484                pwmBDTRInit
 .text.pwmGPIOInit
                0x0801a4b4       0x38 THUMB Debug/pwm.o
                0x0801a4b4                pwmGPIOInit
 .text.pwmValidatePort
                0x0801a4ec       0x80 THUMB Debug/pwm.o
                0x0801a4ec                pwmValidatePort
 .text.pwmZeroTimers
                0x0801a56c       0x8c THUMB Debug/pwm.o
                0x0801a56c                pwmZeroTimers
 .text.pwmCheckTimer
                0x0801a5f8       0x14 THUMB Debug/pwm.o
                0x0801a5f8                pwmCheckTimer
 .text.pwmInitOut
                0x0801a60c      0x1ac THUMB Debug/pwm.o
                0x0801a60c                pwmInitOut
 .text.pwmInitDigitalOut
                0x0801a7b8       0x58 THUMB Debug/pwm.o
                0x0801a7b8                pwmInitDigitalOut
 .text.pwmNVICInit
                0x0801a810       0x28 THUMB Debug/pwm.o
                0x0801a810                pwmNVICInit
 .text.pwmInitIn
                0x0801a838      0x17c THUMB Debug/pwm.o
                0x0801a838                pwmInitIn
 .text.TIM1_CC_IRQHandler
                0x0801a9b4        0x4 THUMB Debug/pwm.o
                0x0801a9b4                TIM1_CC_IRQHandler
 .text.TIM4_IRQHandler
                0x0801a9b8      0x148 THUMB Debug/pwm.o
                0x0801a9b8                TIM4_IRQHandler
 .text.TIM1_BRK_TIM9_IRQHandler
                0x0801ab00       0x58 THUMB Debug/pwm.o
                0x0801ab00                TIM1_BRK_TIM9_IRQHandler
 .text.gimbalInit
                0x0801ab58      0x4f4 THUMB Debug/gimbal.o
                0x0801ab58                gimbalInit
 .text.gimbalUpdate
                0x0801b04c      0x6c4 THUMB Debug/gimbal.o
                0x0801b04c                gimbalUpdate
 .text.owWriteBit0ISR
                0x0801b710       0x40 THUMB Debug/1wire.o
                0x0801b710                owWriteBit0ISR
 .text.owWriteBit1ISR
                0x0801b750       0x54 THUMB Debug/1wire.o
                0x0801b750                owWriteBit1ISR
 .text.owWriteByteISR
                0x0801b7a4       0x48 THUMB Debug/1wire.o
                0x0801b7a4                owWriteByteISR
 .text.owPinOut
                0x0801b7ec       0x28 THUMB Debug/1wire.o
                0x0801b7ec                owPinOut
 .text.owPinIn  0x0801b814       0x24 THUMB Debug/1wire.o
                0x0801b814                owPinIn
 .text.owReadBitISR
                0x0801b838       0x84 THUMB Debug/1wire.o
                0x0801b838                owReadBitISR
 .text.owReadByteISR
                0x0801b8bc       0x70 THUMB Debug/1wire.o
                0x0801b8bc                owReadByteISR
 .text.owResetISR
                0x0801b92c       0x84 THUMB Debug/1wire.o
                0x0801b92c                owResetISR
 .text.owTransactionISR
                0x0801b9b0      0x178 THUMB Debug/1wire.o
                0x0801b9b0                owTransactionISR
 .text.owTransaction
                0x0801bb28       0x38 THUMB Debug/1wire.o
                0x0801bb28                owTransaction
 .text.owInit   0x0801bb60       0x64 THUMB Debug/1wire.o
                0x0801bb60                owInit
 .text.esc32OwGetParamId
                0x0801bbc4       0x84 THUMB Debug/esc32.o
 .text.esc32OwReadParamById
                0x0801bc48      0x3ec THUMB Debug/esc32.o
 .text.esc32OwWriteParam
                0x0801c034       0x4c THUMB Debug/esc32.o
 .text.esc32ReadFile
                0x0801c080      0x200 THUMB Debug/esc32.o
 .text.esc32SetupCan
                0x0801c280      0x15c THUMB Debug/esc32.o
                0x0801c280                esc32SetupCan
 .text.esc32SetupOw
                0x0801c3dc      0x174 THUMB Debug/esc32.o
                0x0801c3dc                esc32SetupOw
 .text.spiTriggerSchedule
                0x0801c550       0x44 THUMB Debug/spi.o
 .text.spiDeselect
                0x0801c594        0xc THUMB Debug/spi.o
 .text.spiDisableSPI
                0x0801c5a0       0x28 THUMB Debug/spi.o
 .text.spiDisableDMA
                0x0801c5c8       0x2c THUMB Debug/spi.o
 .text.spiStartTxn
                0x0801c5f4      0x108 THUMB Debug/spi.o
 .text.spiEndTxn
                0x0801c6fc       0x80 THUMB Debug/spi.o
 .text.spi1Init
                0x0801c77c      0x2d0 THUMB Debug/spi.o
                0x0801c77c                spi1Init
 .text.spi3Init
                0x0801ca4c      0x2d0 THUMB Debug/spi.o
                0x0801ca4c                spi3Init
 .text.spiChangeBaud
                0x0801cd1c       0x48 THUMB Debug/spi.o
                0x0801cd1c                spiChangeBaud
 .text.spiChangeCallback
                0x0801cd64        0x4 THUMB Debug/spi.o
                0x0801cd64                spiChangeCallback
 .text.spiTransaction
                0x0801cd68       0x50 THUMB Debug/spi.o
                0x0801cd68                spiTransaction
 .text.spiClientInit
                0x0801cdb8       0x78 THUMB Debug/spi.o
                0x0801cdb8                spiClientInit
 .text.spiClientFree
                0x0801ce30       0x14 THUMB Debug/spi.o
                0x0801ce30                spiClientFree
 .text.DMA2_Stream0_IRQHandler
                0x0801ce44       0x10 THUMB Debug/spi.o
                0x0801ce44                DMA2_Stream0_IRQHandler
 .text.DMA1_Stream0_IRQHandler
                0x0801ce54       0x10 THUMB Debug/spi.o
                0x0801ce54                DMA1_Stream0_IRQHandler
 .text.ETH_IRQHandler
                0x0801ce64       0x10 THUMB Debug/spi.o
                0x0801ce64                ETH_IRQHandler
 .text.ETH_WKUP_IRQHandler
                0x0801ce74       0x10 THUMB Debug/spi.o
                0x0801ce74                ETH_WKUP_IRQHandler
 .text.DCMI_IRQHandler
                0x0801ce84       0x10 THUMB Debug/spi.o
                0x0801ce84                DCMI_IRQHandler
 .text.signalingBeep
                0x0801ce94       0x5c THUMB Debug/signaling.o
                0x0801ce94                signalingBeep
 .text.signalingWriteOutput
                0x0801cef0      0x128 THUMB Debug/signaling.o
                0x0801cef0                signalingWriteOutput
 .text.signalingInit
                0x0801d018      0x23c THUMB Debug/signaling.o
                0x0801d018                signalingInit
 .text.signalingOnetimeEvent
                0x0801d254       0x30 THUMB Debug/signaling.o
                0x0801d254                signalingOnetimeEvent
 .text.signalingEvent
                0x0801d284      0x1d4 THUMB Debug/signaling.o
                0x0801d284                signalingEvent
 .text.extRegisterCallback
                0x0801d458      0x28c THUMB Debug/ext_irq.o
                0x0801d458                extRegisterCallback
 .text.EXTI0_IRQHandler
                0x0801d6e4       0x20 THUMB Debug/ext_irq.o
                0x0801d6e4                EXTI0_IRQHandler
 .text.EXTI1_IRQHandler
                0x0801d704       0x20 THUMB Debug/ext_irq.o
                0x0801d704                EXTI1_IRQHandler
 .text.EXTI2_IRQHandler
                0x0801d724       0x20 THUMB Debug/ext_irq.o
                0x0801d724                EXTI2_IRQHandler
 .text.EXTI3_IRQHandler
                0x0801d744       0x20 THUMB Debug/ext_irq.o
                0x0801d744                EXTI3_IRQHandler
 .text.EXTI4_IRQHandler
                0x0801d764       0x20 THUMB Debug/ext_irq.o
                0x0801d764                EXTI4_IRQHandler
 .text.EXTI9_5_IRQHandler
                0x0801d784       0xf0 THUMB Debug/ext_irq.o
                0x0801d784                EXTI9_5_IRQHandler
 .text.EXTI15_10_IRQHandler
                0x0801d874      0x120 THUMB Debug/ext_irq.o
                0x0801d874                EXTI15_10_IRQHandler
 .text.__canSend
                0x0801d994       0xb8 THUMB Debug/can.o
 .text._canSend
                0x0801da4c       0x38 THUMB Debug/can.o
 .text.canTxMsg
                0x0801da84       0x38 THUMB Debug/can.o
 .text.canSendBulkFinish
                0x0801dabc       0x14 THUMB Debug/can.o
                0x0801dabc                canSendBulkFinish
 .text.canSend  0x0801dad0       0x10 THUMB Debug/can.o
                0x0801dad0                canSend
 .text.canSendWaitResponse
                0x0801dae0       0xa4 THUMB Debug/can.o
 .text.canSendBulk
                0x0801db84        0x8 THUMB Debug/can.o
                0x0801db84                canSendBulk
 .text.canAck   0x0801db8c       0x20 THUMB Debug/can.o
                0x0801db8c                canAck
 .text.canGetVersion
                0x0801dbac       0x48 THUMB Debug/can.o
                0x0801dbac                canGetVersion
 .text.canGetState
                0x0801dbf4       0x18 THUMB Debug/can.o
                0x0801dbf4                canGetState
 .text.canGetParamIdByName
                0x0801dc0c       0x3c THUMB Debug/can.o
                0x0801dc0c                canGetParamIdByName
 .text.canGetParamById
                0x0801dc48       0x38 THUMB Debug/can.o
                0x0801dc48                canGetParamById
 .text.canSetRunMode
                0x0801dc80       0x20 THUMB Debug/can.o
                0x0801dc80                canSetRunMode
 .text.canSetGroup
                0x0801dca0       0x3c THUMB Debug/can.o
                0x0801dca0                canSetGroup
 .text.canSetParamById
                0x0801dcdc       0x24 THUMB Debug/can.o
                0x0801dcdc                canSetParamById
 .text.canSetParamByName
                0x0801dd00       0x2c THUMB Debug/can.o
                0x0801dd00                canSetParamByName
 .text.canCommandArm
                0x0801dd2c       0x18 THUMB Debug/can.o
                0x0801dd2c                canCommandArm
 .text.canCommandDisarm
                0x0801dd44       0x18 THUMB Debug/can.o
                0x0801dd44                canCommandDisarm
 .text.canCommandConfigWrite
                0x0801dd5c       0x18 THUMB Debug/can.o
                0x0801dd5c                canCommandConfigWrite
 .text.canSetTelemetryValue
                0x0801dd74       0x24 THUMB Debug/can.o
                0x0801dd74                canSetTelemetryValue
 .text.canSetTelemetryValueNoWait
                0x0801dd98       0x24 THUMB Debug/can.o
                0x0801dd98                canSetTelemetryValueNoWait
 .text.canSetTelemetryRate
                0x0801ddbc       0x20 THUMB Debug/can.o
                0x0801ddbc                canSetTelemetryRate
 .text.canSetTelemetryRateNoWait
                0x0801dddc       0x20 THUMB Debug/can.o
                0x0801dddc                canSetTelemetryRateNoWait
 .text.canCommandSetpoint16
                0x0801ddfc       0x1c THUMB Debug/can.o
                0x0801ddfc                canCommandSetpoint16
 .text.canCheckMessage
                0x0801de18      0x2d0 THUMB Debug/can.o
                0x0801de18                canCheckMessage
 .text.canFindNode
                0x0801e0e8       0x68 THUMB Debug/can.o
                0x0801e0e8                canFindNode
 .text.canTelemRegister
                0x0801e150       0x14 THUMB Debug/can.o
                0x0801e150                canTelemRegister
 .text.canLowLevelInit
                0x0801e164       0xf8 THUMB Debug/can.o
                0x0801e164                canLowLevelInit
 .text.canDiscoverySummary
                0x0801e25c       0x88 THUMB Debug/can.o
                0x0801e25c                canDiscoverySummary
 .text.canInit  0x0801e2e4       0xc0 THUMB Debug/can.o
                0x0801e2e4                canInit
 .text.CAN2_RX0_IRQHandler
                0x0801e3a4       0x84 THUMB Debug/can.o
                0x0801e3a4                CAN2_RX0_IRQHandler
 .text.CAN2_TX_IRQHandler
                0x0801e428      0x108 THUMB Debug/can.o
                0x0801e428                CAN2_TX_IRQHandler
 .text.canSensorsReceiveTelem
                0x0801e530       0x24 THUMB Debug/canSensors.o
                0x0801e530                canSensorsReceiveTelem
 .text.canSensorsInit
                0x0801e554      0x2f8 THUMB Debug/canSensors.o
                0x0801e554                canSensorsInit
 .text.canUartAvailable
                0x0801e84c       0x10 THUMB Debug/canUart.o
                0x0801e84c                canUartAvailable
 .text.canUartReadChar
                0x0801e85c       0x30 THUMB Debug/canUart.o
                0x0801e85c                canUartReadChar
 .text.canUartRxChar
                0x0801e88c       0xa8 THUMB Debug/canUart.o
                0x0801e88c                canUartRxChar
 .text.canUartStream
                0x0801e934      0x1f8 THUMB Debug/canUart.o
                0x0801e934                canUartStream
 .text.canUartTxBuf
                0x0801eb2c       0x14 THUMB Debug/canUart.o
                0x0801eb2c                canUartTxBuf
 .text.canUartInit
                0x0801eb40      0x104 THUMB Debug/canUart.o
                0x0801eb40                canUartInit
 .text.canOSDRequestValue
                0x0801ec44       0x1c THUMB Debug/canOSD.o
                0x0801ec44                canOSDRequestValue
 .text.canOSDRequstRate
                0x0801ec60       0x30 THUMB Debug/canOSD.o
                0x0801ec60                canOSDRequstRate
 .text.canOSDTelemetry
                0x0801ec90      0x1e0 THUMB Debug/canOSD.o
                0x0801ec90                canOSDTelemetry
 .text.canOSDInit
                0x0801ee70       0x90 THUMB Debug/canOSD.o
                0x0801ee70                canOSDInit
 .text.mpu6000TransferComplete
                0x0801ef00       0x30 THUMB Debug/mpu6000.o
 .text.mpu6000ScaleGyo
                0x0801ef30       0x88 THUMB Debug/mpu6000.o
 .text.mpu6000CalibGyo
                0x0801efb8      0x158 THUMB Debug/mpu6000.o
 .text.mpu6000SetReg
                0x0801f110       0x40 THUMB Debug/mpu6000.o
 .text.mpu6000GetReg
                0x0801f150       0x4c THUMB Debug/mpu6000.o
 .text.mpu6000ReliablySetReg
                0x0801f19c       0x2c THUMB Debug/mpu6000.o
 .text.mpu6000IntHandler
                0x0801f1c8       0x34 THUMB Debug/mpu6000.o
 .text.mpu6600InitialBias
                0x0801f1fc       0x84 THUMB Debug/mpu6000.o
                0x0801f1fc                mpu6600InitialBias
 .text.mpu6000DrateDecode
                0x0801f280      0x120 THUMB Debug/mpu6000.o
                0x0801f280                mpu6000DrateDecode
 .text.mpu6000Decode
                0x0801f3a0      0x31c THUMB Debug/mpu6000.o
                0x0801f3a0                mpu6000Decode
 .text.mpu6000Enable
                0x0801f6bc       0x14 THUMB Debug/mpu6000.o
                0x0801f6bc                mpu6000Enable
 .text.mpu6000Disable
                0x0801f6d0       0x14 THUMB Debug/mpu6000.o
                0x0801f6d0                mpu6000Disable
 .text.mpu6000PreInit
                0x0801f6e4       0x3c THUMB Debug/mpu6000.o
                0x0801f6e4                mpu6000PreInit
 .text.mpu6000Init
                0x0801f720      0x1c4 THUMB Debug/mpu6000.o
                0x0801f720                mpu6000Init
 .text.dIMUReadCalib
                0x0801f8e4       0x48 THUMB Debug/d_imu.o
 .text.dIMUTaskCode
                0x0801f92c      0x24c THUMB Debug/d_imu.o
 .text.dIMUTare
                0x0801fb78      0x174 THUMB Debug/d_imu.o
                0x0801fb78                dIMUTare
 .text.dIMURequestCalibWrite
                0x0801fcec       0x20 THUMB Debug/d_imu.o
                0x0801fcec                dIMURequestCalibWrite
 .text.dIMURequestCalibRead
                0x0801fd0c       0x20 THUMB Debug/d_imu.o
                0x0801fd0c                dIMURequestCalibRead
 .text.dIMUCancelAlarm1
                0x0801fd2c       0x24 THUMB Debug/d_imu.o
                0x0801fd2c                dIMUCancelAlarm1
 .text.dIMUInit
                0x0801fd50      0x18c THUMB Debug/d_imu.o
                0x0801fd50                dIMUInit
 .text.dIMUSetAlarm1
                0x0801fedc       0x2c THUMB Debug/d_imu.o
                0x0801fedc                dIMUSetAlarm1
 .text.TIM8_BRK_TIM12_IRQHandler
                0x0801ff08       0x88 THUMB Debug/d_imu.o
                0x0801ff08                TIM8_BRK_TIM12_IRQHandler
 .text.hmc5983TransferComplete
                0x0801ff90       0x20 THUMB Debug/hmc5983.o
 .text.hmc5983GetReg
                0x0801ffb0       0x4c THUMB Debug/hmc5983.o
 .text.hmc5983ReliablySetReg
                0x0801fffc       0x64 THUMB Debug/hmc5983.o
 .text.hmc5983IntHandler
                0x08020060       0x34 THUMB Debug/hmc5983.o
                0x08020060                hmc5983IntHandler
 .text.hmc5983Decode
                0x08020094      0x274 THUMB Debug/hmc5983.o
                0x08020094                hmc5983Decode
 .text.hmc5983Enable
                0x08020308       0x20 THUMB Debug/hmc5983.o
                0x08020308                hmc5983Enable
 .text.hmc5983Disable
                0x08020328       0x14 THUMB Debug/hmc5983.o
                0x08020328                hmc5983Disable
 .text.hmc5983PreInit
                0x0802033c       0x3c THUMB Debug/hmc5983.o
                0x0802033c                hmc5983PreInit
 .text.hmc5983Init
                0x08020378      0x16c THUMB Debug/hmc5983.o
                0x08020378                hmc5983Init
 .text.ms5611Callback
                0x080204e4      0x12c THUMB Debug/ms5611.o
 .text.ms5611InitialBias
                0x08020610       0x78 THUMB Debug/ms5611.o
                0x08020610                ms5611InitialBias
 .text.ms5611Decode
                0x08020688      0x4a8 THUMB Debug/ms5611.o
                0x08020688                ms5611Decode
 .text.ms5611Enable
                0x08020b30       0x3c THUMB Debug/ms5611.o
                0x08020b30                ms5611Enable
 .text.ms5611Disable
                0x08020b6c       0x14 THUMB Debug/ms5611.o
                0x08020b6c                ms5611Disable
 .text.ms5611PreInit
                0x08020b80       0x3c THUMB Debug/ms5611.o
                0x08020b80                ms5611PreInit
 .text.ms5611Init
                0x08020bbc      0x234 THUMB Debug/ms5611.o
                0x08020bbc                ms5611Init
 .text.eepromPreInit
                0x08020df0       0x3c THUMB Debug/eeprom.o
                0x08020df0                eepromPreInit
 .text.eepromReadStatus
                0x08020e2c       0x54 THUMB Debug/eeprom.o
                0x08020e2c                eepromReadStatus
 .text.eepromReadBlock
                0x08020e80       0x50 THUMB Debug/eeprom.o
                0x08020e80                eepromReadBlock
 .text.eepromWriteEnable
                0x08020ed0       0x44 THUMB Debug/eeprom.o
                0x08020ed0                eepromWriteEnable
 .text.eepromWriteBlock
                0x08020f14       0x78 THUMB Debug/eeprom.o
                0x08020f14                eepromWriteBlock
 .text.eepromChecksum
                0x08020f8c       0xa0 THUMB Debug/eeprom.o
                0x08020f8c                eepromChecksum
 .text.eepromReadHeader
                0x0802102c       0x6c THUMB Debug/eeprom.o
                0x0802102c                eepromReadHeader
 .text.eepromWriteHeader
                0x08021098       0x50 THUMB Debug/eeprom.o
                0x08021098                eepromWriteHeader
 .text.eepromFormat
                0x080210e8       0x74 THUMB Debug/eeprom.o
                0x080210e8                eepromFormat
 .text.eepromOpenWrite
                0x0802115c       0x54 THUMB Debug/eeprom.o
                0x0802115c                eepromOpenWrite
 .text.eepromCheckFile
                0x080211b0       0x84 THUMB Debug/eeprom.o
                0x080211b0                eepromCheckFile
 .text.eepromOpenRead
                0x08021234       0x44 THUMB Debug/eeprom.o
                0x08021234                eepromOpenRead
 .text.eepromRead
                0x08021278       0x48 THUMB Debug/eeprom.o
                0x08021278                eepromRead
 .text.eepromWrite
                0x080212c0       0x48 THUMB Debug/eeprom.o
                0x080212c0                eepromWrite
 .text.eepromClose
                0x08021308        0x8 THUMB Debug/eeprom.o
                0x08021308                eepromClose
 .text.eepromInit
                0x08021310       0x20 THUMB Debug/eeprom.o
                0x08021310                eepromInit
 .text.USB_OTG_BSP_Init
                0x08021330       0xb0 THUMB Debug/usb_bsp.o
                0x08021330                USB_OTG_BSP_Init
 .text.USB_OTG_BSP_EnableInterrupt
                0x080213e0       0x2c THUMB Debug/usb_bsp.o
                0x080213e0                USB_OTG_BSP_EnableInterrupt
 .text.USB_OTG_BSP_uDelay
                0x0802140c       0x44 THUMB Debug/usb_bsp.o
                0x0802140c                USB_OTG_BSP_uDelay
 .text.USB_OTG_BSP_mDelay
                0x08021450       0x10 THUMB Debug/usb_bsp.o
                0x08021450                USB_OTG_BSP_mDelay
 .text.USBD_USR_DeviceDescriptor
                0x08021460       0x10 THUMB Debug/usbd_desc.o
                0x08021460                USBD_USR_DeviceDescriptor
 .text.USBD_USR_LangIDStrDescriptor
                0x08021470       0x10 THUMB Debug/usbd_desc.o
                0x08021470                USBD_USR_LangIDStrDescriptor
 .text.USBD_USR_InterfaceStrDescriptor
                0x08021480       0x24 THUMB Debug/usbd_desc.o
                0x08021480                USBD_USR_InterfaceStrDescriptor
 .text.USBD_USR_ConfigStrDescriptor
                0x080214a4       0x24 THUMB Debug/usbd_desc.o
                0x080214a4                USBD_USR_ConfigStrDescriptor
 .text.USBD_USR_SerialStrDescriptor
                0x080214c8       0x3c THUMB Debug/usbd_desc.o
                0x080214c8                USBD_USR_SerialStrDescriptor
 .text.USBD_USR_ManufacturerStrDescriptor
                0x08021504       0x20 THUMB Debug/usbd_desc.o
                0x08021504                USBD_USR_ManufacturerStrDescriptor
 .text.USBD_USR_ProductStrDescriptor
                0x08021524       0x3c THUMB Debug/usbd_desc.o
                0x08021524                USBD_USR_ProductStrDescriptor
 .text.USBD_USR_USRStringDesc
                0x08021560       0x1c THUMB Debug/usbd_desc.o
                0x08021560                USBD_USR_USRStringDesc
 .text.usbVcpInit
                0x0802157c        0x8 THUMB Debug/usb.o
 .text.usbVcpDeInit
                0x08021584        0x8 THUMB Debug/usb.o
 .text.usbVcpDataTx
                0x0802158c       0xb4 THUMB Debug/usb.o
 .text.usbVcpDataRx
                0x08021640       0xb8 THUMB Debug/usb.o
 .text.USBD_USR_Init
                0x080216f8        0x4 THUMB Debug/usb.o
                0x080216f8                USBD_USR_Init
 .text.USBD_USR_DeviceReset
                0x080216fc        0x4 THUMB Debug/usb.o
                0x080216fc                USBD_USR_DeviceReset
 .text.USBD_USR_DeviceConfigured
                0x08021700        0x4 THUMB Debug/usb.o
                0x08021700                USBD_USR_DeviceConfigured
 .text.USBD_USR_DeviceSuspended
                0x08021704       0x1c THUMB Debug/usb.o
                0x08021704                USBD_USR_DeviceSuspended
 .text.USBD_USR_DeviceResumed
                0x08021720        0x4 THUMB Debug/usb.o
                0x08021720                USBD_USR_DeviceResumed
 .text.USBD_USR_DeviceConnected
                0x08021724        0x4 THUMB Debug/usb.o
                0x08021724                USBD_USR_DeviceConnected
 .text.USBD_USR_DeviceDisconnected
                0x08021728        0x4 THUMB Debug/usb.o
                0x08021728                USBD_USR_DeviceDisconnected
 .text.usbVcpCtrl
                0x0802172c       0xc8 THUMB Debug/usb.o
 .text.usbInit  0x080217f4       0x34 THUMB Debug/usb.o
                0x080217f4                usbInit
 .text.usbTx    0x08021828        0x8 THUMB Debug/usb.o
                0x08021828                usbTx
 .text.usbAvailable
                0x08021830       0x18 THUMB Debug/usb.o
                0x08021830                usbAvailable
 .text.usbRx    0x08021848       0x30 THUMB Debug/usb.o
                0x08021848                usbRx
 .text.usbIsSuspend
                0x08021878       0x14 THUMB Debug/usb.o
                0x08021878                usbIsSuspend
 .text.OTG_FS_WKUP_IRQHandler
                0x0802188c       0x38 THUMB Debug/usb.o
                0x0802188c                OTG_FS_WKUP_IRQHandler
 .text.OTG_FS_IRQHandler
                0x080218c4       0x10 THUMB Debug/usb.o
                0x080218c4                OTG_FS_IRQHandler
 .text.STORAGE_Init
                0x080218d4       0x38 THUMB Debug/usbd_storage_msd.o
                0x080218d4                STORAGE_Init
 .text.STORAGE_IsWriteProtected
                0x0802190c        0x8 THUMB Debug/usbd_storage_msd.o
                0x0802190c                STORAGE_IsWriteProtected
 .text.STORAGE_GetMaxLun
                0x08021914        0x8 THUMB Debug/usbd_storage_msd.o
                0x08021914                STORAGE_GetMaxLun
 .text.STORAGE_Eject
                0x0802191c       0x14 THUMB Debug/usbd_storage_msd.o
                0x0802191c                STORAGE_Eject
 .text.STORAGE_IsReady
                0x08021930       0x44 THUMB Debug/usbd_storage_msd.o
                0x08021930                STORAGE_IsReady
 .text.STORAGE_Write
                0x08021974       0x5c THUMB Debug/usbd_storage_msd.o
                0x08021974                STORAGE_Write
 .text.STORAGE_Read
                0x080219d0       0x5c THUMB Debug/usbd_storage_msd.o
                0x080219d0                STORAGE_Read
 .text.STORAGE_GetCapacity
                0x08021a2c       0x34 THUMB Debug/usbd_storage_msd.o
                0x08021a2c                STORAGE_GetCapacity
 .text.getBuildNumber
                0x08021a60        0x8 THUMB Debug/getbuildnum.o
                0x08021a60                getBuildNumber
 .text.getRevisionNumber
                0x08021a68       0x20 THUMB Debug/getbuildnum.o
                0x08021a68                getRevisionNumber
 .text.grhottDecode
                0x08021a88      0x240 THUMB Debug/grhott.o
                0x08021a88                grhottDecode
 .text.grhottCharIn
                0x08021cc8       0xb4 THUMB Debug/grhott.o
                0x08021cc8                grhottCharIn
 .text.grhottInit
                0x08021d7c       0x3c THUMB Debug/grhott.o
                0x08021d7c                grhottInit
 .text.mpxCRC   0x08021db8       0xa8 THUMB Debug/mlinkrx.o
                0x08021db8                mpxCRC
 .text.mlinkrxCharIn
                0x08021e60      0x4d0 THUMB Debug/mlinkrx.o
                0x08021e60                mlinkrxCharIn
 .text.mlinkrxInit
                0x08022330       0x3c THUMB Debug/mlinkrx.o
                0x08022330                mlinkrxInit
 .text.solveUT  0x0802236c       0x74 THUMB Debug/calib.o
                0x0802236c                solveUT
 .text.solveU   0x080223e0       0x78 THUMB Debug/calib.o
                0x080223e0                solveU
 .text.calibOctant
                0x08022458       0x8c THUMB Debug/calib.o
                0x08022458                calibOctant
 .text.calibAngle
                0x080224e4       0xc0 THUMB Debug/calib.o
                0x080224e4                calibAngle
 .text.calibInsert
                0x080225a4       0xf0 THUMB Debug/calib.o
                0x080225a4                calibInsert
 .text.calibRecalc
                0x08022694       0xb0 THUMB Debug/calib.o
                0x08022694                calibRecalc
 .text.calibCount
                0x08022744       0x88 THUMB Debug/calib.o
                0x08022744                calibCount
 .text.calibInit
                0x080227cc       0x8c THUMB Debug/calib.o
                0x080227cc                calibInit
 .text.calibFree
                0x08022858       0x2c THUMB Debug/calib.o
                0x08022858                calibFree
 .text.calibDeinit
                0x08022884        0x8 THUMB Debug/calib.o
                0x08022884                calibDeinit
 .text.calibCalculate
                0x0802288c      0x3ec THUMB Debug/calib.o
                0x0802288c                calibCalculate
 .text.calibFinished
                0x08022c78       0x18 THUMB Debug/calib.o
                0x08022c78                calibFinished
 .text.calibrate
                0x08022c90      0x238 THUMB Debug/calib.o
                0x08022c90                calibrate
 .text.cyrfProcessBatch
                0x08022ec8       0x54 THUMB Debug/cyrf6936.o
                0x08022ec8                cyrfProcessBatch
 .text.cyrfProcessStack
                0x08022f1c      0x11c THUMB Debug/cyrf6936.o
                0x08022f1c                cyrfProcessStack
 .text.cyrfTxnComplete
                0x08023038       0x8c THUMB Debug/cyrf6936.o
                0x08023038                cyrfTxnComplete
 .text.cyrfQueueWriteBlock
                0x080230c4       0xb4 THUMB Debug/cyrf6936.o
                0x080230c4                cyrfQueueWriteBlock
 .text.cyrfQueueWriteReg
                0x08023178       0x64 THUMB Debug/cyrf6936.o
                0x08023178                cyrfQueueWriteReg
 .text.cyrfQueueReadBlock
                0x080231dc       0x58 THUMB Debug/cyrf6936.o
                0x080231dc                cyrfQueueReadBlock
 .text.cyrfQueueReadReg
                0x08023234       0x58 THUMB Debug/cyrf6936.o
                0x08023234                cyrfQueueReadReg
 .text.cyrfQueueExec
                0x0802328c       0x48 THUMB Debug/cyrf6936.o
                0x0802328c                cyrfQueueExec
 .text.cyrfIntHandler
                0x080232d4       0x5c THUMB Debug/cyrf6936.o
                0x080232d4                cyrfIntHandler
 .text.cyrfQueueBatch
                0x08023330       0x4c THUMB Debug/cyrf6936.o
                0x08023330                cyrfQueueBatch
 .text.cyrfSetIsrCallback
                0x0802337c       0x10 THUMB Debug/cyrf6936.o
                0x0802337c                cyrfSetIsrCallback
 .text.cyrfTimeoutSet
                0x0802338c       0x34 THUMB Debug/cyrf6936.o
                0x0802338c                cyrfTimeoutSet
 .text.cyrfTimeoutSetRelative
                0x080233c0       0x38 THUMB Debug/cyrf6936.o
                0x080233c0                cyrfTimeoutSetRelative
 .text.cyrfTimeoutCancel
                0x080233f8       0x30 THUMB Debug/cyrf6936.o
                0x080233f8                cyrfTimeoutCancel
 .text.cyrfTimeoutReset
                0x08023428       0x20 THUMB Debug/cyrf6936.o
                0x08023428                cyrfTimeoutReset
 .text.cyrfTimerInit
                0x08023448       0x90 THUMB Debug/cyrf6936.o
                0x08023448                cyrfTimerInit
 .text.cyrfInit
                0x080234d8      0x14c THUMB Debug/cyrf6936.o
                0x080234d8                cyrfInit
 .text.TIM7_IRQHandler
                0x08023624       0x34 THUMB Debug/cyrf6936.o
                0x08023624                TIM7_IRQHandler
 .text._dsmAbortReceive
                0x08023658       0x50 THUMB Debug/dsm.o
                0x08023658                _dsmAbortReceive
 .text.dsmSetRfChannel
                0x080236a8       0x1c THUMB Debug/dsm.o
                0x080236a8                dsmSetRfChannel
 .text.dsmSetBindChannel
                0x080236c4       0x24 THUMB Debug/dsm.o
                0x080236c4                dsmSetBindChannel
 .text.dsmChannelTime
                0x080236e8       0x20 THUMB Debug/dsm.o
                0x080236e8                dsmChannelTime
 .text.dsmSetChannel
                0x08023708       0x9c THUMB Debug/dsm.o
                0x08023708                dsmSetChannel
 .text.dsmReceiverSetChannel
                0x080237a4       0x28 THUMB Debug/dsm.o
                0x080237a4                dsmReceiverSetChannel
 .text.dsmGenerateChannelsDsmx
                0x080237cc      0x160 THUMB Debug/dsm.o
                0x080237cc                dsmGenerateChannelsDsmx
 .text.dsmSetNextChannel
                0x0802392c       0xc4 THUMB Debug/dsm.o
                0x0802392c                dsmSetNextChannel
 .text.dsmReadPacket
                0x080239f0       0x64 THUMB Debug/dsm.o
                0x080239f0                dsmReadPacket
 .text.dsmBindReceive
                0x08023a54      0x28c THUMB Debug/dsm.o
                0x08023a54                dsmBindReceive
 .text.dsmSyncAReceive
                0x08023ce0      0x25c THUMB Debug/dsm.o
                0x08023ce0                dsmSyncAReceive
 .text.dsmSyncBReceive
                0x08023f3c      0x1f8 THUMB Debug/dsm.o
                0x08023f3c                dsmSyncBReceive
 .text.dsmTransferReceive
                0x08024134      0x1fc THUMB Debug/dsm.o