Archive member included because of file (symbol)

/usr/share/crossworks_for_arm_2.3/lib/libm_v7em_fpv4_sp_d16_hard_t_le_eabi.a(libm_asm.o)
                              THUMB Release/ublox.o (__aeabi_i2d)
/usr/share/crossworks_for_arm_2.3/lib/libm_v7em_fpv4_sp_d16_hard_t_le_eabi.a(libm2.o)
                              THUMB Release/calib.o (acosf)
/usr/share/crossworks_for_arm_2.3/lib/libm_v7em_fpv4_sp_d16_hard_t_le_eabi.a(libm2_asm.o)
                              /usr/share/crossworks_for_arm_2.3/lib/libm_v7em_fpv4_sp_d16_hard_t_le_eabi.a(libm2.o) (fabs)
/usr/share/crossworks_for_arm_2.3/lib/libc_v7em_fpv4_sp_d16_hard_t_le_eabi.a(libc_asm.o)
                              THUMB Release/ms5611.o (__aeabi_ldivmod)
/usr/share/crossworks_for_arm_2.3/lib/libc_v7em_fpv4_sp_d16_hard_t_le_eabi.a(libc2.o)
                              THUMB Release/signaling.o (abs)
/usr/share/crossworks_for_arm_2.3/lib/libc_v7em_fpv4_sp_d16_hard_t_le_eabi.a(libc2_asm.o)
                              THUMB Release/config.o (memcpy)
/usr/share/crossworks_for_arm_2.3/lib/libc_v7em_fpv4_sp_d16_hard_t_le_eabi.a(__vfprintf_double_long_long.o)
                              (__vfprintf_double_long_long)
/usr/share/crossworks_for_arm_2.3/lib/libc_v7em_fpv4_sp_d16_hard_t_le_eabi.a(__vfscanf_double_long_long.o)
                              (__vfscanf_double_long_long)
/usr/share/crossworks_for_arm_2.3/lib/libdebugio_v7em_fpv4_sp_d16_hard_t_le_eabi.a(libdebugio.o)
                              (__do_debug_operation_mempoll)
/usr/share/crossworks_for_arm_2.3/lib/libc_user_libc_v7em_fpv4_sp_d16_hard_t_le_eabi.a(user_libc.o)
                              /usr/share/crossworks_for_arm_2.3/lib/libm_v7em_fpv4_sp_d16_hard_t_le_eabi.a(libm2.o) (__errno)

Discarded input sections

 .text          0x00000000        0x0 THUMB Release/main_ctl.o
 .data          0x00000000        0x0 THUMB Release/main_ctl.o
 .bss           0x00000000        0x0 THUMB Release/main_ctl.o
 .text.CoStkOverflowHook
                0x00000000        0x4 THUMB Release/main_ctl.o
 .text          0x00000000        0x0 THUMB Release/digital.o
 .data          0x00000000        0x0 THUMB Release/digital.o
 .bss           0x00000000        0x0 THUMB Release/digital.o
 .text          0x00000000        0x0 THUMB Release/util.o
 .data          0x00000000        0x0 THUMB Release/util.o
 .bss           0x00000000        0x0 THUMB Release/util.o
 .text.utilFilterReset3
                0x00000000       0x10 THUMB Release/util.o
 .text.utilFirFilter
                0x00000000       0xc0 THUMB Release/util.o
 .text.utilFirFilterInit
                0x00000000       0x3c THUMB Release/util.o
 .text          0x00000000        0x0 THUMB Release/rcc.o
 .data          0x00000000        0x0 THUMB Release/rcc.o
 .bss           0x00000000        0x0 THUMB Release/rcc.o
 .bss.stepupEn  0x00000000        0x4 THUMB Release/rcc.o
 .bss.sysoff    0x00000000        0x4 THUMB Release/rcc.o
 .text          0x00000000        0x0 THUMB Release/serial.o
 .data          0x00000000        0x0 THUMB Release/serial.o
 .bss           0x00000000        0x0 THUMB Release/serial.o
 .text.serialOpenUART
                0x00000000       0x4c THUMB Release/serial.o
 .text.serialUSART2
                0x00000000       0x94 THUMB Release/serial.o
 .text.serialUSART3
                0x00000000       0x94 THUMB Release/serial.o
 .text.serialReadBlock
                0x00000000       0x60 THUMB Release/serial.o
 .text.serialPrint
                0x00000000       0x94 THUMB Release/serial.o
 .text.serialWatch
                0x00000000      0x104 THUMB Release/serial.o
 .text.serialSetSTDIO
                0x00000000        0xc THUMB Release/serial.o
 .text.__putchar
                0x00000000       0x84 THUMB Release/serial.o
 .text.__getchar
                0x00000000       0x44 THUMB Release/serial.o
 .text          0x00000000        0x0 THUMB Release/config.o
 .data          0x00000000        0x0 THUMB Release/config.o
 .bss           0x00000000        0x0 THUMB Release/config.o
 .text.configTokenFindEmpty
                0x00000000       0x10 THUMB Release/config.o
 .text.configTokenIterate
                0x00000000       0x24 THUMB Release/config.o
 .text.configSetParamByID
                0x00000000       0x14 THUMB Release/config.o
 .text          0x00000000        0x0 THUMB Release/flash.o
 .data          0x00000000        0x0 THUMB Release/flash.o
 .bss           0x00000000        0x0 THUMB Release/flash.o
 .text.GetSector
                0x00000000       0x9c THUMB Release/flash.o
 .text          0x00000000        0x0 THUMB Release/motors.o
 .data          0x00000000        0x0 THUMB Release/motors.o
 .bss           0x00000000        0x0 THUMB Release/motors.o
 .text.motorsPwm2Thrust
                0x00000000       0x34 THUMB Release/motors.o
 .text.motorsMax
                0x00000000        0xc THUMB Release/motors.o
 .text.motorsSendThrust
                0x00000000      0x1c8 THUMB Release/motors.o
[...]
Memory Configuration

Name             Origin             Length             Attributes
UNPLACED_SECTIONS 0xffffffff         0x00000000         xw
FLASH            0x08000000         0x00100000         xr
DATA_SRAM        0x10000000         0x00010000         xw
SYSTEM           0x1fff0000         0x00007a10         xw
OPTION           0x1fffc000         0x00000008         xw
RAM              0x20000000         0x00020000         xw
SRAM1            0x20000000         0x0001c000         xw
SRAM2            0x2001c000         0x00004000         xw
APB1             0x40000000         0x00007800         xw
APB2             0x40010000         0x00004c00         xw
AHB1             0x40020000         0x00080000         xw
AHB2             0x50000000         0x00060c00         xw
AHB3             0xa0000000         0x00001000         xw
PCCARD           0x90000000         0x00000000         xw
NAND2            0x80000000         0x00000000         xw
NAND1            0x70000000         0x00000000         xw
NOR_PSRAM4       0x6c000000         0x00000000         xw
NOR_PSRAM3       0x68000000         0x00000000         xw
NOR_PSRAM2       0x64000000         0x00000000         xw
NOR_PSRAM1       0x60000000         0x00000000         xw
PPB              0xe0000000         0x00100000         xw
DBG              0xe0042000         0x00000010         xw
CM3_System_Control_Space 0xe000e000         0x00001000         xw
*default*        0x00000000         0xffffffff

Linker script and memory map

                0x08033e48                __do_debug_operation = __do_debug_operation_mempoll
                0x08032000                __vfprintf = __vfprintf_double_long_long
                0x08033578                __vfscanf = __vfscanf_double_long_long
                0x08000000                __FLASH_segment_start__ = 0x8000000
                0x08100000                __FLASH_segment_end__ = 0x8100000
                0x10000000                __DATA_SRAM_segment_start__ = 0x10000000
                0x10010000                __DATA_SRAM_segment_end__ = 0x10010000
                0x1fff0000                __SYSTEM_segment_start__ = 0x1fff0000
                0x1fff7a10                __SYSTEM_segment_end__ = 0x1fff7a10
                0x1fffc000                __OPTION_segment_start__ = 0x1fffc000
                0x1fffc008                __OPTION_segment_end__ = 0x1fffc008
                0x20000000                __RAM_segment_start__ = 0x20000000
                0x20020000                __RAM_segment_end__ = 0x20020000
                0x20000000                __SRAM1_segment_start__ = 0x20000000
                0x2001c000                __SRAM1_segment_end__ = 0x2001c000
                0x2001c000                __SRAM2_segment_start__ = 0x2001c000
                0x20020000                __SRAM2_segment_end__ = 0x20020000
                0x40000000                __APB1_segment_start__ = 0x40000000
                0x40007800                __APB1_segment_end__ = 0x40007800
                0x40010000                __APB2_segment_start__ = 0x40010000
                0x40014c00                __APB2_segment_end__ = 0x40014c00
                0x40020000                __AHB1_segment_start__ = 0x40020000
                0x400a0000                __AHB1_segment_end__ = 0x400a0000
                0x50000000                __AHB2_segment_start__ = 0x50000000
                0x50060c00                __AHB2_segment_end__ = 0x50060c00
                0xa0000000                __AHB3_segment_start__ = 0xa0000000
                0xa0001000                __AHB3_segment_end__ = 0xa0001000
                0x90000000                __PCCARD_segment_start__ = 0x90000000
                0x90000000                __PCCARD_segment_end__ = 0x90000000
                0x80000000                __NAND2_segment_start__ = 0x80000000
                0x80000000                __NAND2_segment_end__ = 0x80000000
                0x70000000                __NAND1_segment_start__ = 0x70000000
                0x70000000                __NAND1_segment_end__ = 0x70000000
                0x6c000000                __NOR_PSRAM4_segment_start__ = 0x6c000000
                0x6c000000                __NOR_PSRAM4_segment_end__ = 0x6c000000
                0x68000000                __NOR_PSRAM3_segment_start__ = 0x68000000
                0x68000000                __NOR_PSRAM3_segment_end__ = 0x68000000
                0x64000000                __NOR_PSRAM2_segment_start__ = 0x64000000
                0x64000000                __NOR_PSRAM2_segment_end__ = 0x64000000
                0x60000000                __NOR_PSRAM1_segment_start__ = 0x60000000
                0x60000000                __NOR_PSRAM1_segment_end__ = 0x60000000
                0xe0000000                __PPB_segment_start__ = 0xe0000000
                0xe0100000                __PPB_segment_end__ = 0xe0100000
                0xe0042000                __DBG_segment_start__ = 0xe0042000
                0xe0042010                __DBG_segment_end__ = 0xe0042010
                0xe000e000                __CM3_System_Control_Space_segment_start__ = 0xe000e000
                0xe000f000                __CM3_System_Control_Space_segment_end__ = 0xe000f000
                0x00000400                __STACKSIZE__ = 0x400
                0x00000000                __STACKSIZE_PROCESS__ = 0x0
                0x00000000                __STACKSIZE_IRQ__ = 0x0
                0x00000000                __STACKSIZE_FIQ__ = 0x0
                0x00000000                __STACKSIZE_SVC__ = 0x0
                0x00000000                __STACKSIZE_ABT__ = 0x0
                0x00000000                __STACKSIZE_UND__ = 0x0
                0x00004800                __HEAPSIZE__ = 0x4800
                0x10000000                __ccm_load_start__ = ALIGN (__DATA_SRAM_segment_start__, 0x4)

.ccm            0x10000000     0xcf78
                0x10000000                __ccm_start__ = .
 *(.ccm .ccm.*)
 .ccm           0x10000000     0xa090 THUMB Release/util.o
                0x10000000                stackSizes
                0x10000018                stackFrees
                0x10000030                stackNames
                0x10000060                stackPointers
                0x10000090                ccmHeap
 .ccm           0x1000a090      0x5b4 THUMB Release/config.o
                0x1000a090                p
 .ccm           0x1000a644      0x2d4 THUMB Release/motors.o
                0x1000a644                motorsData
 .ccm           0x1000a918       0x18 THUMB Release/spektrum.o
                0x1000a918                spektrumData
 .ccm           0x1000a930       0xa0 THUMB Release/control.o
                0x1000a930                controlData
 .ccm           0x1000a9d0     0x1190 THUMB Release/comm.o
                0x1000a9d0                commData
 .ccm           0x1000bb60      0x570 THUMB Release/nav.o
                0x1000bb60                navData
 .ccm           0x1000c0d0       0x18 THUMB Release/telemetry.o
                0x1000c0d0                telemetryData
 .ccm           0x1000c0e8      0x224 THUMB Release/ublox.o
                0x1000c0e8                ubloxData
 *fill*         0x1000c30c        0x4 00
 .ccm           0x1000c310       0xa0 THUMB Release/gps.o
                0x1000c310                gpsData
 .ccm           0x1000c3b0      0x13c THUMB Release/command.o
                0x1000c3b0                commandData
 .ccm           0x1000c4ec       0x10 THUMB Release/logger.o
                0x1000c4ec                loggerData
 .ccm           0x1000c4fc       0x18 THUMB Release/rtc.o
                0x1000c4fc                rtcData
 .ccm           0x1000c514       0xf0 THUMB Release/sdio.o
                0x1000c514                sdioData
 .ccm           0x1000c604       0x14 THUMB Release/imu.o
                0x1000c604                imuData
 .ccm           0x1000c618      0x1c4 THUMB Release/supervisor.o
                0x1000c618                supervisorData
 .ccm           0x1000c7dc      0x14c THUMB Release/run.o
                0x1000c7dc                runData
 .ccm           0x1000c928       0xf0 THUMB Release/radio.o
                0x1000c928                radioData
 .ccm           0x1000ca18       0x20 THUMB Release/futaba.o
                0x1000ca18                futabaData
 .ccm           0x1000ca38       0x48 THUMB Release/ppm.o
                0x1000ca38                ppmData
 .ccm           0x1000ca80       0xfc THUMB Release/pwm.o
                0x1000ca80                pwmData
 *fill*         0x1000cb7c        0x4 00
 .ccm           0x1000cb80       0x40 THUMB Release/gimbal.o
                0x1000cb80                gimbalData
 .ccm           0x1000cbc0      0x120 THUMB Release/1wire.o
                0x1000cbc0                owData
 .ccm           0x1000cce0       0x18 THUMB Release/signaling.o
                0x1000cce0                sigData
 .ccm           0x1000ccf8       0x28 THUMB Release/d_imu.o
                0x1000ccf8                dImuData
 .ccm           0x1000cd20      0x20c THUMB Release/usb.o
                0x1000cd20                usbData
 .ccm           0x1000cf2c       0x24 THUMB Release/grhott.o
                0x1000cf2c                grhottData
 .ccm           0x1000cf50       0x28 THUMB Release/mlinkrx.o
                0x1000cf50                mlinkrxData
                0x1000cf78                __ccm_end__ = (__ccm_start__ + SIZEOF (.ccm))
                0x1000cf78                __ccm_load_end__ = __ccm_end__
                0x00000001                . = ASSERT (((__ccm_end__ >= __DATA_SRAM_segment_start__) && (__ccm_end__ <= __DATA_SRAM_segment_end__)), error: .ccm is too large to fit in DATA_SRAM memory segment)
                0x1000cf78                __stack_load_start__ = ALIGN (__ccm_end__, 0x4)

.stack          0x1000cf78      0x400
                0x1000cf78                __stack_start__ = .
 *(.stack .stack.*)
                0x1000d378                . = ALIGN (MAX ((__stack_start__ + __STACKSIZE__), .), 0x4)
 *fill*         0x1000cf78      0x400 00
                0x1000d378                __stack_end__ = (__stack_start__ + SIZEOF (.stack))
                0x1000d378                __stack_load_end__ = __stack_end__
                0x00000001                . = ASSERT (((__stack_end__ >= __DATA_SRAM_segment_start__) && (__stack_end__ <= __DATA_SRAM_segment_end__)), error: .stack is too large to fit in DATA_SRAM memory segment)
                0x1000d378                __stack_process_load_start__ = ALIGN (__stack_end__, 0x4)

.stack_process  0x1000d378        0x0
                0x1000d378                __stack_process_start__ = .
 *(.stack_process .stack_process.*)
                0x1000d378                . = ALIGN (MAX ((__stack_process_start__ + __STACKSIZE_PROCESS__), .), 0x4)
                0x1000d378                __stack_process_end__ = (__stack_process_start__ + SIZEOF (.stack_process))
                0x1000d378                __stack_process_load_end__ = __stack_process_end__
                0x1000d378                __DATA_SRAM_segment_used_end__ = (ALIGN (__stack_end__, 0x4) + SIZEOF (.stack_process))
                0x00000001                . = ASSERT (((__stack_process_end__ >= __DATA_SRAM_segment_start__) && (__stack_process_end__ <= __DATA_SRAM_segment_end__)), error: .stack_process is too large to fit in DATA_SRAM memory segment)
                0x20000000                __vectors_ram_load_start__ = ALIGN (__RAM_segment_start__, 0x100)

.vectors_ram    0x20000000        0x0
                0x20000000                __vectors_ram_start__ = .
 *(.vectors_ram .vectors_ram.*)
                0x20000000                __vectors_ram_end__ = (__vectors_ram_start__ + SIZEOF (.vectors_ram))
                0x20000000                __vectors_ram_load_end__ = __vectors_ram_end__
                0x00000001                . = ASSERT (((__vectors_ram_end__ >= __RAM_segment_start__) && (__vectors_ram_end__ <= __RAM_segment_end__)), error: .vectors_ram is too large to fit in RAM memory segment)
                0x08000000                __vectors_load_start__ = ALIGN (__FLASH_segment_start__, 0x100)

.vectors        0x08000000      0x188
                0x08000000                __vectors_start__ = .
 *(.vectors .vectors.*)
 .vectors       0x08000000      0x188 THUMB Release/STM32_Startup.o
                0x08000000                _vectors
                0x08000188                __vectors_end__ = (__vectors_start__ + SIZEOF (.vectors))
                0x08000188                __vectors_load_end__ = __vectors_end__
                0x00000001                . = ASSERT (((__vectors_end__ >= __FLASH_segment_start__) && (__vectors_end__ <= __FLASH_segment_end__)), error: .vectors is too large to fit in FLASH memory segment)
                0x08000188                __init_load_start__ = ALIGN (__vectors_end__, 0x4)

.init           0x08000188      0x230
                0x08000188                __init_start__ = .
 *(.init .init.*)
 .init          0x08000188      0x110 THUMB Release/STM32_Startup.o
                0x08000188                NMI_Handler
                0x0800018c                MemManage_Handler
                0x0800018e                BusFault_Handler
                0x08000190                UsageFault_Handler
                0x08000192                SVC_Handler
                0x08000194                DebugMon_Handler
                0x0800019a                WWDG_IRQHandler
                0x0800019c                PVD_IRQHandler
                0x0800019e                TAMP_STAMP_IRQHandler
                0x080001a2                FLASH_IRQHandler
                0x080001a4                RCC_IRQHandler
                0x080001b2                DMA1_Stream1_IRQHandler
                0x080001b4                DMA1_Stream2_IRQHandler
                0x080001b6                DMA1_Stream3_IRQHandler
                0x080001ba                DMA1_Stream5_IRQHandler
                0x080001bc                DMA1_Stream6_IRQHandler
                0x080001be                ADC_IRQHandler
                0x080001c0                CAN1_TX_IRQHandler
                0x080001c2                CAN1_RX0_IRQHandler
                0x080001c4                CAN1_RX1_IRQHandler
                0x080001c6                CAN1_SCE_IRQHandler
                0x080001cc                TIM1_UP_TIM10_IRQHandler
                0x080001ce                TIM1_TRG_COM_TIM11_IRQHandler
                0x080001d2                TIM2_IRQHandler
                0x080001d4                TIM3_IRQHandler
                0x080001d8                I2C1_EV_IRQHandler
                0x080001da                I2C1_ER_IRQHandler
                0x080001dc                I2C2_EV_IRQHandler
                0x080001de                I2C2_ER_IRQHandler
                0x080001e0                SPI1_IRQHandler
                0x080001e2                SPI2_IRQHandler
                0x080001ec                RTC_Alarm_IRQHandler
                0x080001f2                TIM8_UP_TIM13_IRQHandler
                0x080001f4                TIM8_TRG_COM_TIM14_IRQHandler
                0x080001f6                TIM8_CC_IRQHandler
                0x080001f8                DMA1_Stream7_IRQHandler
                0x080001fa                FSMC_IRQHandler
                0x08000200                SPI3_IRQHandler
                0x08000204                UART5_IRQHandler
                0x08000206                TIM6_DAC_IRQHandler
                0x0800020c                DMA2_Stream1_IRQHandler
                0x0800020e                DMA2_Stream2_IRQHandler
                0x08000212                DMA2_Stream4_IRQHandler
                0x0800021c                CAN2_RX1_IRQHandler
                0x0800021e                CAN2_SCE_IRQHandler
                0x08000222                DMA2_Stream5_IRQHandler
                0x0800022a                I2C3_EV_IRQHandler
                0x0800022c                I2C3_ER_IRQHandler
                0x0800022e                OTG_HS_EP1_OUT_IRQHandler
                0x08000230                OTG_HS_EP1_IN_IRQHandler
                0x08000232                OTG_HS_WKUP_IRQHandler
                0x08000234                OTG_HS_IRQHandler
                0x0800023a                HASH_RNG_IRQHandler
                0x0800023c                FPU_IRQHandler
                0x0800023e                reset_handler
 .init          0x08000298      0x120 THUMB Release/thumb_crt0.o
                0x08000298                _start
                0x08000324                exit
                0x080003b8                __init_end__ = (__init_start__ + SIZEOF (.init))
                0x080003b8                __init_load_end__ = __init_end__
                0x00000001                . = ASSERT (((__init_end__ >= __FLASH_segment_start__) && (__init_end__ <= __FLASH_segment_end__)), error: .init is too large to fit in FLASH memory segment)
                0x080003b8                __text_load_start__ = ALIGN (__init_end__, 0x4)

.text           0x080003b8    0x33ae8
                0x080003b8                __text_start__ = .
 *(.text .text.* .glue_7t .glue_7 .gnu.linkonce.t.* .gcc_except_table)
 .glue_7        0x00000000        0x0 linker stubs
 .glue_7t       0x00000000        0x0 linker stubs
 .text.startup.main
                0x080003b8       0x54 THUMB Release/main_ctl.o
                0x080003b8                main
 .text.CoIdleTask
                0x0800040c       0x60 THUMB Release/main_ctl.o
                0x0800040c                CoIdleTask
 .text.HardFault_Handler
                0x0800046c        0x8 THUMB Release/main_ctl.o
                0x0800046c                HardFault_Handler
 .text.digitalInit
                0x08000474       0x64 THUMB Release/digital.o
                0x08000474                digitalInit
 .text.utilStackCheck
                0x080004d8       0xb4 THUMB Release/util.o
                0x080004d8                utilStackCheck
 .text.utilGetStackFree
                0x0800058c       0x50 THUMB Release/util.o
                0x0800058c                utilGetStackFree
 .text.aqCalloc
                0x080005dc       0x40 THUMB Release/util.o
                0x080005dc                aqCalloc
 .text.aqFree   0x0800061c       0x1c THUMB Release/util.o
                0x0800061c                aqFree
 .text.aqDataCalloc
                0x08000638       0x38 THUMB Release/util.o
                0x08000638                aqDataCalloc
 .text.aqStackInit
                0x08000670       0x74 THUMB Release/util.o
                0x08000670                aqStackInit
 .text.delayMicros
                0x080006e4       0x18 THUMB Release/util.o
                0x080006e4                delayMicros
 .text.delay    0x080006fc       0x1c THUMB Release/util.o
                0x080006fc                delay
 .text.utilSerialNoString
                0x08000718       0x44 THUMB Release/util.o
                0x08000718                utilSerialNoString
 .text.utilVersionString
                0x0800075c       0x44 THUMB Release/util.o
                0x0800075c                utilVersionString
 .text.info     0x080007a0      0x148 THUMB Release/util.o
                0x080007a0                info
 .text.utilFilterReset
                0x080008e8        0x8 THUMB Release/util.o
                0x080008e8                utilFilterReset
 .text.utilFilterInit
                0x080008f0       0x10 THUMB Release/util.o
                0x080008f0                utilFilterInit
 .text.utilFilterInit3
                0x08000900       0x20 THUMB Release/util.o
                0x08000900                utilFilterInit3
 .text.utilFilter
                0x08000920       0x1c THUMB Release/util.o
                0x08000920                utilFilter
 .text.utilFilter3
                0x0800093c       0x40 THUMB Release/util.o
                0x0800093c                utilFilter3
 .text.ftoa     0x0800097c      0x114 THUMB Release/util.o
                0x0800097c                ftoa
 .text.rccConfiguration
                0x08000a90       0xf0 THUMB Release/rcc.o
                0x08000a90                rccConfiguration
 .text.serialStartTxDMA
                0x08000b80       0x5c THUMB Release/serial.o
                0x08000b80                serialStartTxDMA
 .text._serialStartTxDMA
                0x08000bdc       0x2c THUMB Release/serial.o
                0x08000bdc                _serialStartTxDMA
 .text.serialUSART1
                0x08000c08       0xf0 THUMB Release/serial.o
                0x08000c08                serialUSART1
 .text.serialUSART4
                0x08000cf8       0xec THUMB Release/serial.o
                0x08000cf8                serialUSART4
 .text.serialUSART6
                0x08000de4       0xf8 THUMB Release/serial.o
                0x08000de4                serialUSART6
 .text.serialOpen
                0x08000edc      0x2e4 THUMB Release/serial.o
                0x08000edc                serialOpen
 .text.serialWrite
                0x080011c0       0x70 THUMB Release/serial.o
                0x080011c0                serialWrite
 .text.serialAvailable
                0x08001230       0x1c THUMB Release/serial.o
                0x08001230                serialAvailable
 .text.serialRead
                0x0800124c       0x38 THUMB Release/serial.o
                0x0800124c                serialRead
 .text.serialChangeBaud
                0x08001284       0x4c THUMB Release/serial.o
                0x08001284                serialChangeBaud
 .text.serialChangeParity
                0x080012d0       0x4c THUMB Release/serial.o
                0x080012d0                serialChangeParity
 .text.serialChangeStopBits
                0x0800131c       0x4c THUMB Release/serial.o
                0x0800131c                serialChangeStopBits
 .text.DMA2_Stream7_IRQHandler
                0x08001368       0x24 THUMB Release/serial.o
                0x08001368                DMA2_Stream7_IRQHandler
 .text.USART1_IRQHandler
                0x0800138c       0x70 THUMB Release/serial.o
                0x0800138c                USART1_IRQHandler
 .text.USART2_IRQHandler
                0x080013fc       0x70 THUMB Release/serial.o
                0x080013fc                USART2_IRQHandler
 .text.USART3_IRQHandler
                0x0800146c       0x70 THUMB Release/serial.o
                0x0800146c                USART3_IRQHandler
 .text.DMA1_Stream4_IRQHandler
                0x080014dc       0x24 THUMB Release/serial.o
                0x080014dc                DMA1_Stream4_IRQHandler
 .text.UART4_IRQHandler
                0x08001500       0x70 THUMB Release/serial.o
                0x08001500                UART4_IRQHandler
 .text.DMA2_Stream6_IRQHandler
                0x08001570       0x24 THUMB Release/serial.o
                0x08001570                DMA2_Stream6_IRQHandler
 .text.USART6_IRQHandler
                0x08001594       0x70 THUMB Release/serial.o
                0x08001594                USART6_IRQHandler
 .text.configLoadDefault
                0x08001604      0x830 THUMB Release/config.o
                0x08001604                configLoadDefault
 .text.configTokenStore
                0x08001e34       0x14 THUMB Release/config.o
                0x08001e34                configTokenStore
 .text.configTokenGet
                0x08001e48       0x18 THUMB Release/config.o
                0x08001e48                configTokenGet
 .text.configFlashRead
                0x08001e60       0x7c THUMB Release/config.o
                0x08001e60                configFlashRead
 .text.configFlashWrite
                0x08001edc      0x12c THUMB Release/config.o
                0x08001edc                configFlashWrite
 .text.configParameterRead
                0x08002008       0x34 THUMB Release/config.o
                0x08002008                configParameterRead
 .text.configParameterWrite
                0x0800203c       0x44 THUMB Release/config.o
                0x0800203c                configParameterWrite
 .text.configParseParams
                0x08002080      0x108 THUMB Release/config.o
                0x08002080                configParseParams
 .text.configReadFile
                0x08002188       0xb4 THUMB Release/config.o
                0x08002188                configReadFile
 .text.configInit
                0x0800223c      0x17c THUMB Release/config.o
                0x0800223c                configInit
 .text.configFormatParam
                0x080023b8       0x54 THUMB Release/config.o
                0x080023b8                configFormatParam
 .text.configWriteFile
                0x0800240c      0x1a0 THUMB Release/config.o
                0x0800240c                configWriteFile
 .text.configGetParamIdByName
                0x080025ac       0x4c THUMB Release/config.o
                0x080025ac                configGetParamIdByName
 .text.flashAddress
                0x080025f8       0xd8 THUMB Release/flash.o
                0x080025f8                flashAddress
 .text.flashErase
                0x080026d0      0x210 THUMB Release/flash.o
                0x080026d0                flashErase
 .text.flashStartAddr
                0x080028e0        0x8 THUMB Release/flash.o
                0x080028e0                flashStartAddr
 .text.flashSerno
                0x080028e8       0x10 THUMB Release/flash.o
                0x080028e8                flashSerno
 .text.motorsReceiveTelem
                0x080028f8       0x30 THUMB Release/motors.o
                0x080028f8                motorsReceiveTelem
 .text.motorsCanInit
                0x08002928       0xdc THUMB Release/motors.o
 .text.motorsSendValues
                0x08002a04      0x204 THUMB Release/motors.o
                0x08002a04                motorsSendValues
 .text.motorsOff
                0x08002c08      0x23c THUMB Release/motors.o
                0x08002c08                motorsOff
 .text.motorsCommands
                0x08002e44      0x894 THUMB Release/motors.o
                0x08002e44                motorsCommands
 .text.motorsArm
                0x080036d8      0x2d0 THUMB Release/motors.o
                0x080036d8                motorsArm
 .text.motorsDisarm
                0x080039a8       0x28 THUMB Release/motors.o
                0x080039a8                motorsDisarm
 .text.motorsInit
                0x080039d0      0x9a0 THUMB Release/motors.o
                0x080039d0                motorsInit
 .text.spektrumDecode
                0x08004370      0x4c8 THUMB Release/spektrum.o
                0x08004370                spektrumDecode
 .text.spektrumCharIn
                0x08004838       0x48 THUMB Release/spektrum.o
                0x08004838                spektrumCharIn
 .text.spektrumInit
                0x08004880       0x48 THUMB Release/spektrum.o
                0x08004880                spektrumInit
 .text.analogDecode
                0x080048c8      0x1d8 THUMB Release/analog.o
                0x080048c8                analogDecode
 .text.analogInit
                0x08004aa0      0x428 THUMB Release/analog.o
                0x08004aa0                analogInit
 .text.controlTaskCode
                0x08004ec8      0x5d0 THUMB Release/control.o
                0x08004ec8                controlTaskCode
 .text.controlInit
                0x08005498      0x228 THUMB Release/control.o
                0x08005498                controlInit
 .text._commSchedule
                0x080056c0       0x90 THUMB Release/comm.o
 .text.commTxFinished
                0x08005750       0x28 THUMB Release/comm.o
                0x08005750                commTxFinished
 .text.commTaskCode
                0x08005778      0x69c THUMB Release/comm.o
                0x08005778                commTaskCode
 .text.commGetNoticeBuf
                0x08005e14       0x24 THUMB Release/comm.o
                0x08005e14                commGetNoticeBuf
 .text.commNotice
                0x08005e38       0x1c THUMB Release/comm.o
                0x08005e38                commNotice
 .text.commStreamUsed
                0x08005e54        0xc THUMB Release/comm.o
                0x08005e54                commStreamUsed
 .text.commRegisterNoticeFunc
                0x08005e60       0x40 THUMB Release/comm.o
                0x08005e60                commRegisterNoticeFunc
 .text.commRegisterTelemFunc
                0x08005ea0       0x40 THUMB Release/comm.o
                0x08005ea0                commRegisterTelemFunc
 .text.commRegisterRcvrFunc
                0x08005ee0       0x48 THUMB Release/comm.o
                0x08005ee0                commRegisterRcvrFunc
 .text.commReadChar
                0x08005f28       0x54 THUMB Release/comm.o
                0x08005f28                commReadChar
 .text.commAvailable
                0x08005f7c       0x44 THUMB Release/comm.o
                0x08005f7c                commAvailable
 .text.commGetTxBuf
                0x08005fc0      0x14c THUMB Release/comm.o
                0x08005fc0                commGetTxBuf
 .text.commSendTxBuf
                0x0800610c      0x508 THUMB Release/comm.o
                0x0800610c                commSendTxBuf
 .text.commSetStreamType
                0x08006614       0x48 THUMB Release/comm.o
                0x08006614                commSetStreamType
 .text.commInit
                0x0800665c      0x1c4 THUMB Release/comm.o
                0x0800665c                commInit
 .text.commRegisterCanUart
                0x08006820       0x78 THUMB Release/comm.o
                0x08006820                commRegisterCanUart
 .text.CRYP_IRQHandler
                0x08006898       0x70 THUMB Release/comm.o
                0x08006898                CRYP_IRQHandler
 .text.navPressureAdjust
                0x08006908       0x24 THUMB Release/nav.o
                0x08006908                navPressureAdjust
 .text.navSetHomeCurrent
                0x0800692c       0xa0 THUMB Release/nav.o
                0x0800692c                navSetHomeCurrent
 .text.navRecallHome
                0x080069cc       0xb8 THUMB Release/nav.o
                0x080069cc                navRecallHome
 *fill*         0x08006a84        0x4 00
 .text.navSetHfReference
                0x08006a88      0x118 THUMB Release/nav.o
                0x08006a88                navSetHfReference
 .text.navSetHeadFreeMode
                0x08006ba0      0x108 THUMB Release/nav.o
                0x08006ba0                navSetHeadFreeMode
 .text.navLoadLeg
                0x08006ca8      0x264 THUMB Release/nav.o
                0x08006ca8                navLoadLeg
 .text.navNavigate
                0x08006f0c      0xf04 THUMB Release/nav.o
                0x08006f0c                navNavigate
 .text.navInit  0x08007e10      0x1c0 THUMB Release/nav.o
                0x08007e10                navInit
 .text.navGetWaypointCount
                0x08007fd0       0x34 THUMB Release/nav.o
                0x08007fd0                navGetWaypointCount
 .text.navClearWaypoints
                0x08008004       0x34 THUMB Release/nav.o
                0x08008004                navClearWaypoints
 .text.navGetWaypoint
                0x08008038       0x14 THUMB Release/nav.o
                0x08008038                navGetWaypoint
 .text.navGetHomeWaypoint
                0x0800804c        0x8 THUMB Release/nav.o
                0x0800804c                navGetHomeWaypoint
 .text.navCalcDistance
                0x08008054       0x64 THUMB Release/nav.o
                0x08008054                navCalcDistance
 .text.navCalcBearing
                0x080080b8       0x98 THUMB Release/nav.o
                0x080080b8                navCalcBearing
 .text.telemetrySendNotice
                0x08008150       0x5c THUMB Release/telemetry.o
                0x08008150                telemetrySendNotice
 .text.telemetryDo
                0x080081ac     0x1464 THUMB Release/telemetry.o
                0x080081ac                telemetryDo
 .text.telemetryEnable
                0x08009610       0x10 THUMB Release/telemetry.o
                0x08009610                telemetryEnable
 .text.telemetryDisable
                0x08009620       0x10 THUMB Release/telemetry.o
                0x08009620                telemetryDisable
 .text.telemetryInit
                0x08009630       0x30 THUMB Release/telemetry.o
                0x08009630                telemetryInit
 .text.ubloxEnableMessage
                0x08009660      0x13c THUMB Release/ublox.o
 .text.ubloxSetRate
                0x0800979c      0x180 THUMB Release/ublox.o
 .text.ubloxSetSBAS.constprop.5
                0x0800991c      0x18c THUMB Release/ublox.o
 .text.ubloxInitGps
                0x08009aa8      0x2b4 THUMB Release/ublox.o
                0x08009aa8                ubloxInitGps
 .text.ubloxSendSetup
                0x08009d5c      0x540 THUMB Release/ublox.o
                0x08009d5c                ubloxSendSetup
 .text.ubloxInit
                0x0800a29c       0x24 THUMB Release/ublox.o
                0x0800a29c                ubloxInit
 .text.ubloxPublish
                0x0800a2c0      0x4d8 THUMB Release/ublox.o
                0x0800a2c0                ubloxPublish
 .text.ubloxCharIn
                0x0800a798      0x184 THUMB Release/ublox.o
                0x0800a798                ubloxCharIn
 .text.pidInit  0x0800a91c       0x44 THUMB Release/pid.o
                0x0800a91c                pidInit
 .text.pidUpdate
                0x0800a960      0x1c0 THUMB Release/pid.o
                0x0800a960                pidUpdate
 .text.pidZeroIntegral
                0x0800ab20       0x34 THUMB Release/pid.o
                0x0800ab20                pidZeroIntegral
 .text._mav_finalize_message_chan_send.constprop.28
                0x0800ab54      0x224 THUMB Release/aq_mavlink.o
 .text.mavlink_msg_param_value_send.constprop.23
                0x0800ad78      0x1c4 THUMB Release/aq_mavlink.o
 .text.mavlinkSendNotice
                0x0800af3c      0x1b4 THUMB Release/aq_mavlink.o
                0x0800af3c                mavlinkSendNotice
 .text.mavlinkWpReached
                0x0800b0f0      0x168 THUMB Release/aq_mavlink.o
                0x0800b0f0                mavlinkWpReached
 .text.mavlinkWpAnnounceCurrent
                0x0800b258      0x168 THUMB Release/aq_mavlink.o
                0x0800b258                mavlinkWpAnnounceCurrent
 .text.mavlinkAnnounceHome
                0x0800b3c0      0x4e8 THUMB Release/aq_mavlink.o
                0x0800b3c0                mavlinkAnnounceHome
 .text.mavlinkSetSystemData
                0x0800b8a8       0xf0 THUMB Release/aq_mavlink.o
                0x0800b8a8                mavlinkSetSystemData
 .text.mavlinkDo
                0x0800b998     0x2a00 THUMB Release/aq_mavlink.o
                0x0800b998                mavlinkDo
 .text.mavlinkDoCommand
                0x0800e398      0x564 THUMB Release/aq_mavlink.o
                0x0800e398                mavlinkDoCommand
 .text.mavlinkRecvTaskCode
                0x0800e8fc     0x2488 THUMB Release/aq_mavlink.o
                0x0800e8fc                mavlinkRecvTaskCode
 .text.mavlinkSendParameter
                0x08010d84      0x1c0 THUMB Release/aq_mavlink.o
                0x08010d84                mavlinkSendParameter
 .text.mavlinkInit
                0x08010f44      0x454 THUMB Release/aq_mavlink.o
                0x08010f44                mavlinkInit
 .text.compassNormalize
                0x08011398       0x40 THUMB Release/compass.o
                0x08011398                compassNormalize
 .text.compassDifference
                0x080113d8       0x54 THUMB Release/compass.o
                0x080113d8                compassDifference
 .text.gpsPassThrough
                0x0801142c       0x28 THUMB Release/gps.o
                0x0801142c                gpsPassThrough
 .text.gpsTaskCode
                0x08011454      0x158 THUMB Release/gps.o
                0x08011454                gpsTaskCode
 .text.gpsInit  0x080115ac       0xc0 THUMB Release/gps.o
                0x080115ac                gpsInit
 .text.gpsSendPacket
                0x0801166c       0x5c THUMB Release/gps.o
                0x0801166c                gpsSendPacket
 .text.commandResponseSend
                0x080116c8      0x1a4 THUMB Release/command.o
 .text.commandRespond
                0x0801186c       0x2c THUMB Release/command.o
 .text.commandTaskCode
                0x08011898      0x3a8 THUMB Release/command.o
                0x08011898                commandTaskCode
 .text.commandInit
                0x08011c40       0x38 THUMB Release/command.o
                0x08011c40                commandInit
 .text.timerInit
                0x08011c78      0x128 THUMB Release/aq_timer.o
                0x08011c78                timerInit
 .text.timerSetAlarm1
                0x08011da0       0x30 THUMB Release/aq_timer.o
                0x08011da0                timerSetAlarm1
 .text.timerSetAlarm2
                0x08011dd0       0x30 THUMB Release/aq_timer.o
                0x08011dd0                timerSetAlarm2
 .text.timerSetAlarm3
                0x08011e00       0x30 THUMB Release/aq_timer.o
                0x08011e00                timerSetAlarm3
 .text.TIM5_IRQHandler
                0x08011e30      0x104 THUMB Release/aq_timer.o
                0x08011e30                TIM5_IRQHandler
 .text.aqInit   0x08011f34       0xa8 THUMB Release/aq_init.o
                0x08011f34                aqInit
 .text.loggerCopy8
                0x08011fdc       0x10 THUMB Release/logger.o
                0x08011fdc                loggerCopy8
 .text.loggerCopy4
                0x08011fec        0x8 THUMB Release/logger.o
                0x08011fec                loggerCopy4
 .text.loggerCopy2
                0x08011ff4        0x8 THUMB Release/logger.o
                0x08011ff4                loggerCopy2
 .text.loggerCopy1
                0x08011ffc        0x8 THUMB Release/logger.o
                0x08011ffc                loggerCopy1
 .text.loggerDoHeader
                0x08012004       0xac THUMB Release/logger.o
                0x08012004                loggerDoHeader
 .text.loggerDo
                0x080120b0       0xcc THUMB Release/logger.o
                0x080120b0                loggerDo
 .text.loggerSetup
                0x0801217c      0x5e0 THUMB Release/logger.o
                0x0801217c                loggerSetup
 .text.loggerInit
                0x0801275c       0x50 THUMB Release/logger.o
                0x0801275c                loggerInit
 .text.rtcSetDataTime
                0x080127ac      0x2dc THUMB Release/rtc.o
                0x080127ac                rtcSetDataTime
 .text.rtcGetDateTime
                0x08012a88       0x48 THUMB Release/rtc.o
                0x08012a88                rtcGetDateTime
 .text.rtcInit  0x08012ad0      0x1a4 THUMB Release/rtc.o
                0x08012ad0                rtcInit
 .text.RTC_WKUP_IRQHandler
                0x08012c74       0x24 THUMB Release/rtc.o
                0x08012c74                RTC_WKUP_IRQHandler
 .text.CmdResp1Error.part.0
                0x08012c98       0xbc THUMB Release/sdio.o
 .text.sdioIntHandler
                0x08012d54       0x44 THUMB Release/sdio.o
                0x08012d54                sdioIntHandler
 .text.SDEnWideBus
                0x08012d98      0x320 THUMB Release/sdio.o
 .text.SD_PowerON
                0x080130b8      0x2b4 THUMB Release/sdio.o
                0x080130b8                SD_PowerON
 .text.SD_InitializeCards
                0x0801336c      0x180 THUMB Release/sdio.o
                0x0801336c                SD_InitializeCards
 .text.SD_GetCardInfo
                0x080134ec      0x298 THUMB Release/sdio.o
                0x080134ec                SD_GetCardInfo
 .text.sdioLowLevelInit
                0x08013784      0x154 THUMB Release/sdio.o
                0x08013784                sdioLowLevelInit
 .text.sdioInit
                0x080138d8      0x118 THUMB Release/sdio.o
                0x080138d8                sdioInit
 .text.SD_ReadBlock
                0x080139f0      0x19c THUMB Release/sdio.o
                0x080139f0                SD_ReadBlock
 .text.SD_ReadMultiBlocks
                0x08013b8c      0x1a4 THUMB Release/sdio.o
                0x08013b8c                SD_ReadMultiBlocks
 .text.SD_WriteBlock
                0x08013d30      0x1c4 THUMB Release/sdio.o
                0x08013d30                SD_WriteBlock
 .text.SD_WriteMultiBlocks
                0x08013ef4      0x23c THUMB Release/sdio.o
                0x08013ef4                SD_WriteMultiBlocks
 .text.SD_SendSDStatus
                0x08014130      0x248 THUMB Release/sdio.o
                0x08014130                SD_SendSDStatus
 .text.SD_GetCardStatus
                0x08014378       0xa4 THUMB Release/sdio.o
                0x08014378                SD_GetCardStatus
 .text.get_fattime
                0x0801441c        0x4 THUMB Release/sdio.o
                0x0801441c                get_fattime
 .text.disk_initialize
                0x08014420       0x48 THUMB Release/sdio.o
                0x08014420                disk_initialize
 .text.disk_status
                0x08014468       0x54 THUMB Release/sdio.o
                0x08014468                disk_status
 .text.disk_read
                0x080144bc      0x190 THUMB Release/sdio.o
                0x080144bc                disk_read
 .text.disk_write
                0x0801464c      0x190 THUMB Release/sdio.o
                0x0801464c                disk_write
 .text.disk_ioctl
                0x080147dc      0x13c THUMB Release/sdio.o
                0x080147dc                disk_ioctl
 .text.sdioSetCallback
                0x08014918       0x14 THUMB Release/sdio.o
                0x08014918                sdioSetCallback
 .text.SD_ProcessIRQSrc
                0x0801492c      0x134 THUMB Release/sdio.o
                0x0801492c                SD_ProcessIRQSrc
 .text.SD_Initialized
                0x08014a60        0xc THUMB Release/sdio.o
                0x08014a60                SD_Initialized
 .text.SD_TransferComplete
                0x08014a6c        0xc THUMB Release/sdio.o
                0x08014a6c                SD_TransferComplete
 .text.SDIO_IRQHandler
                0x08014a78        0x4 THUMB Release/sdio.o
                0x08014a78                SDIO_IRQHandler
 .text.DMA2_Stream3_IRQHandler
                0x08014a7c       0x24 THUMB Release/sdio.o
                0x08014a7c                DMA2_Stream3_IRQHandler
 .text.imuQuasiStatic
                0x08014aa0       0xf0 THUMB Release/imu.o
                0x08014aa0                imuQuasiStatic
 .text.imuInit  0x08014b90       0x68 THUMB Release/imu.o
                0x08014b90                imuInit
 .text.imuDImuDRateReady
                0x08014bf8       0x14 THUMB Release/imu.o
                0x08014bf8                imuDImuDRateReady
 .text.imuDImuSensorReady
                0x08014c0c       0x14 THUMB Release/imu.o
                0x08014c0c                imuDImuSensorReady
 .text.supervisorCreateSOCTable
                0x08014c20      0x130 THUMB Release/supervisor.o
                0x08014c20                supervisorCreateSOCTable
 .text.supervisorTaskCode
                0x08014d50      0xc98 THUMB Release/supervisor.o
                0x08014d50                supervisorTaskCode
 .text.supervisorDisarm
                0x080159e8       0x48 THUMB Release/supervisor.o
                0x080159e8                supervisorDisarm
 .text.supervisorCalibrate
                0x08015a30       0x24 THUMB Release/supervisor.o
                0x08015a30                supervisorCalibrate
 .text.supervisorTare
                0x08015a54       0x38 THUMB Release/supervisor.o
                0x08015a54                supervisorTare
 .text.supervisorInitComplete
                0x08015a8c       0x48 THUMB Release/supervisor.o
                0x08015a8c                supervisorInitComplete
 .text.supervisorDiskWait
                0x08015ad4       0x10 THUMB Release/supervisor.o
                0x08015ad4                supervisorDiskWait
 .text.supervisorThrottleUp
                0x08015ae4       0x20 THUMB Release/supervisor.o
                0x08015ae4                supervisorThrottleUp
 .text.supervisorSendDataStart
                0x08015b04       0x38 THUMB Release/supervisor.o
                0x08015b04                supervisorSendDataStart
 .text.supervisorSendDataStop
                0x08015b3c       0x38 THUMB Release/supervisor.o
                0x08015b3c                supervisorSendDataStop
 .text.supervisorConfigRead
                0x08015b74       0x14 THUMB Release/supervisor.o
                0x08015b74                supervisorConfigRead
 .text.supervisorInit
                0x08015b88       0x88 THUMB Release/supervisor.o
                0x08015b88                supervisorInit
 .text.fpuInit  0x08015c10       0x1c THUMB Release/fpu.o
                0x08015c10                fpuInit
 .text.navUkfRateUpdate
                0x08015c2c       0x24 THUMB Release/nav_ukf.o
                0x08015c2c                navUkfRateUpdate
 .text.navUkfPresUpdate
                0x08015c50       0x14 THUMB Release/nav_ukf.o
                0x08015c50                navUkfPresUpdate
 .text.navUkfPresGPSAltUpdate
                0x08015c64       0x24 THUMB Release/nav_ukf.o
                0x08015c64                navUkfPresGPSAltUpdate
 .text.navUkfPosUpdate
                0x08015c88       0x34 THUMB Release/nav_ukf.o
                0x08015c88                navUkfPosUpdate
 .text.navUkfVelUpdate
                0x08015cbc       0x34 THUMB Release/nav_ukf.o
                0x08015cbc                navUkfVelUpdate
 .text.navUkfOfPosUpdate
                0x08015cf0       0x34 THUMB Release/nav_ukf.o
                0x08015cf0                navUkfOfPosUpdate
 .text.navUkfQuatToMatrix.constprop.0
                0x08015d24      0x120 THUMB Release/nav_ukf.o
 .text.navUkfTimeUpdate
                0x08015e44      0x428 THUMB Release/nav_ukf.o
                0x08015e44                navUkfTimeUpdate
 .text.navUkfPresToAlt
                0x0801626c       0x30 THUMB Release/nav_ukf.o
                0x0801626c                navUkfPresToAlt
 .text.navUkfSetGlobalPositionTarget
                0x0801629c      0x158 THUMB Release/nav_ukf.o
                0x0801629c                navUkfSetGlobalPositionTarget
 .text.navUkfSetHereAsPositionTarget
                0x080163f4      0x264 THUMB Release/nav_ukf.o
                0x080163f4                navUkfSetHereAsPositionTarget
 .text.navUkfRotateVectorByQuat
                0x08016658       0xf4 THUMB Release/nav_ukf.o
                0x08016658                navUkfRotateVectorByQuat
 .text.navUkfAccUpdate
                0x0801674c       0x74 THUMB Release/nav_ukf.o
                0x0801674c                navUkfAccUpdate
 .text.navUkfFinish
                0x080167c0      0x13c THUMB Release/nav_ukf.o
                0x080167c0                navUkfFinish
 .text.navUkfInertialUpdate
                0x080168fc       0xb0 THUMB Release/nav_ukf.o
                0x080168fc                navUkfInertialUpdate
 .text.navUkfZeroRate
                0x080169ac       0x48 THUMB Release/nav_ukf.o
                0x080169ac                navUkfZeroRate
 .text.simDoPresUpdate
                0x080169f4       0x88 THUMB Release/nav_ukf.o
                0x080169f4                simDoPresUpdate
 .text.simDoAccUpdate
                0x08016a7c       0xc0 THUMB Release/nav_ukf.o
                0x08016a7c                simDoAccUpdate
 .text.navUkfZeroPos
                0x08016b3c       0x98 THUMB Release/nav_ukf.o
                0x08016b3c                navUkfZeroPos
 *fill*         0x08016bd4        0x4 00
 .text.navUkfGpsPosUpdate
                0x08016bd8      0x478 THUMB Release/nav_ukf.o
                0x08016bd8                navUkfGpsPosUpdate
 .text.navUkfZeroVel
                0x08017050       0x64 THUMB Release/nav_ukf.o
                0x08017050                navUkfZeroVel
 .text.navUkfGpsVelUpdate
                0x080170b4      0x178 THUMB Release/nav_ukf.o
                0x080170b4                navUkfGpsVelUpdate
 .text.navUkfFlowUpdate
                0x0801722c      0x294 THUMB Release/nav_ukf.o
                0x0801722c                navUkfFlowUpdate
 .text.navUkfOpticalFlow
                0x080174c0       0xa4 THUMB Release/nav_ukf.o
                0x080174c0                navUkfOpticalFlow
 .text.navUkfResetBias
                0x08017564       0x1c THUMB Release/nav_ukf.o
                0x08017564                navUkfResetBias
 .text.navUkfResetVels
                0x08017580       0x18 THUMB Release/nav_ukf.o
                0x08017580                navUkfResetVels
 .text.navUkfInitState
                0x08017598      0x2b4 THUMB Release/nav_ukf.o
                0x08017598                navUkfInitState
 .text.navUkfInit
                0x0801784c      0x1f4 THUMB Release/nav_ukf.o
                0x0801784c                navUkfInit
 .text.altUkfTimeUpdate
                0x08017a40      0x188 THUMB Release/alt_ukf.o
                0x08017a40                altUkfTimeUpdate
 .text.altUkfPresUpdate
                0x08017bc8       0x14 THUMB Release/alt_ukf.o
                0x08017bc8                altUkfPresUpdate
 .text.altUkfProcess
                0x08017bdc       0xac THUMB Release/alt_ukf.o
                0x08017bdc                altUkfProcess
 .text.altUkfInit
                0x08017c88       0x90 THUMB Release/alt_ukf.o
                0x08017c88                altUkfInit
 .text.runTaskCode
                0x08017d18      0x560 THUMB Release/run.o
                0x08017d18                runTaskCode
 .text.runInit  0x08018278      0x35c THUMB Release/run.o
                0x08018278                runInit
 .text.radioTaskCode
                0x080185d4      0x278 THUMB Release/radio.o
                0x080185d4                radioTaskCode
 .text.radioInit
                0x0801884c      0x424 THUMB Release/radio.o
                0x0801884c                radioInit
 .text.futabaDecode
                0x08018c70      0x134 THUMB Release/futaba.o
                0x08018c70                futabaDecode
 .text.futabaCharIn
                0x08018da4       0x84 THUMB Release/futaba.o
                0x08018da4                futabaCharIn
 .text.futabaInit
                0x08018e28       0x48 THUMB Release/futaba.o
                0x08018e28                futabaInit
 .text.ppmCallback
                0x08018e70       0xb0 THUMB Release/ppm.o
                0x08018e70                ppmCallback
 .text.ppmInit  0x08018f20       0x30 THUMB Release/ppm.o
                0x08018f20                ppmInit
 .text.ppmDataAvailable
                0x08018f50       0xdc THUMB Release/ppm.o
                0x08018f50                ppmDataAvailable
 .text.ppmGetSignalQuality
                0x0801902c       0x10 THUMB Release/ppm.o
                0x0801902c                ppmGetSignalQuality
 .text.filerProcessStream
                0x0801903c       0xdc THUMB Release/filer.o
 .text.filerInitFS
                0x08019118      0x158 THUMB Release/filer.o
                0x08019118                filerInitFS
 .text.filerTaskCode
                0x08019270      0x6a4 THUMB Release/filer.o
                0x08019270                filerTaskCode
 .text.filerInit
                0x08019914       0x60 THUMB Release/filer.o
                0x08019914                filerInit
 .text.filerGetHandle
                0x08019974       0xac THUMB Release/filer.o
                0x08019974                filerGetHandle
 .text.filerRead
                0x08019a20       0x54 THUMB Release/filer.o
                0x08019a20                filerRead
 .text.filerWrite
                0x08019a74       0x54 THUMB Release/filer.o
                0x08019a74                filerWrite
 .text.filerClose
                0x08019ac8       0x4c THUMB Release/filer.o
                0x08019ac8                filerClose
 .text.filerGetHead
                0x08019b14       0x18 THUMB Release/filer.o
                0x08019b14                filerGetHead
 .text.filerSetHead
                0x08019b2c       0x18 THUMB Release/filer.o
                0x08019b2c                filerSetHead
 .text.filerStream
                0x08019b44       0x38 THUMB Release/filer.o
                0x08019b44                filerStream
 .text.filerAvailable
                0x08019b7c        0xc THUMB Release/filer.o
                0x08019b7c                filerAvailable
 .text.pwmZeroTimers
                0x08019b88       0x68 THUMB Release/pwm.o
                0x08019b88                pwmZeroTimers
 .text.pwmCheckTimer
                0x08019bf0       0x10 THUMB Release/pwm.o
                0x08019bf0                pwmCheckTimer
 .text.pwmInitOut
                0x08019c00      0x230 THUMB Release/pwm.o
                0x08019c00                pwmInitOut
 .text.pwmInitDigitalOut
                0x08019e30       0x8c THUMB Release/pwm.o
                0x08019e30                pwmInitDigitalOut
 .text.pwmInitIn
                0x08019ebc      0x1c8 THUMB Release/pwm.o
                0x08019ebc                pwmInitIn
 .text.TIM1_CC_IRQHandler
                0x0801a084        0x4 THUMB Release/pwm.o
                0x0801a084                TIM1_CC_IRQHandler
 .text.TIM4_IRQHandler
                0x0801a088      0x120 THUMB Release/pwm.o
                0x0801a088                TIM4_IRQHandler
 .text.TIM1_BRK_TIM9_IRQHandler
                0x0801a1a8       0x54 THUMB Release/pwm.o
                0x0801a1a8                TIM1_BRK_TIM9_IRQHandler
 .text.gimbalInit
                0x0801a1fc      0x4ec THUMB Release/gimbal.o
                0x0801a1fc                gimbalInit
 .text.gimbalUpdate
                0x0801a6e8      0x584 THUMB Release/gimbal.o
                0x0801a6e8                gimbalUpdate
 .text.owWriteBit1ISR
                0x0801ac6c       0x34 THUMB Release/1wire.o
                0x0801ac6c                owWriteBit1ISR
 .text.owWriteBit0ISR
                0x0801aca0       0x2c THUMB Release/1wire.o
                0x0801aca0                owWriteBit0ISR
 .text.owReadBitISR
                0x0801accc       0x90 THUMB Release/1wire.o
                0x0801accc                owReadBitISR
 .text.owResetISR
                0x0801ad5c       0x90 THUMB Release/1wire.o
                0x0801ad5c                owResetISR
 .text.owWriteByteISR
                0x0801adec       0x58 THUMB Release/1wire.o
                0x0801adec                owWriteByteISR
 .text.owReadByteISR
                0x0801ae44       0x60 THUMB Release/1wire.o
                0x0801ae44                owReadByteISR
 .text.owTransactionISR.part.5
                0x0801aea4       0xf8 THUMB Release/1wire.o
 .text.owTransactionISR
                0x0801af9c       0xb0 THUMB Release/1wire.o
                0x0801af9c                owTransactionISR
 .text.owTransaction
                0x0801b04c       0x54 THUMB Release/1wire.o
                0x0801b04c                owTransaction
 .text.owInit   0x0801b0a0       0x68 THUMB Release/1wire.o
                0x0801b0a0                owInit
 .text.esc32ReadFile.constprop.0
                0x0801b108      0xc28 THUMB Release/esc32.o
 .text.esc32SetupCan
                0x0801bd30      0x138 THUMB Release/esc32.o
                0x0801bd30                esc32SetupCan
 .text.esc32SetupOw
                0x0801be68      0x764 THUMB Release/esc32.o
                0x0801be68                esc32SetupOw
 .text.spiStartTxn
                0x0801c5cc      0x11c THUMB Release/spi.o
 .text.spiEndTxn
                0x0801c6e8       0xe0 THUMB Release/spi.o
 .text.spi1Init
                0x0801c7c8      0x294 THUMB Release/spi.o
                0x0801c7c8                spi1Init
 .text.spi3Init
                0x0801ca5c      0x2ac THUMB Release/spi.o
                0x0801ca5c                spi3Init
 .text.spiChangeBaud
                0x0801cd08       0x40 THUMB Release/spi.o
                0x0801cd08                spiChangeBaud
 .text.spiChangeCallback
                0x0801cd48        0x4 THUMB Release/spi.o
                0x0801cd48                spiChangeCallback
 .text.spiTransaction
                0x0801cd4c       0x80 THUMB Release/spi.o
                0x0801cd4c                spiTransaction
 .text.spiClientInit
                0x0801cdcc       0xa0 THUMB Release/spi.o
                0x0801cdcc                spiClientInit
 .text.spiClientFree
                0x0801ce6c        0xc THUMB Release/spi.o
                0x0801ce6c                spiClientFree
 .text.DMA2_Stream0_IRQHandler
                0x0801ce78        0xc THUMB Release/spi.o
                0x0801ce78                DMA2_Stream0_IRQHandler
 .text.DMA1_Stream0_IRQHandler
                0x0801ce84        0xc THUMB Release/spi.o
                0x0801ce84                DMA1_Stream0_IRQHandler
 .text.ETH_IRQHandler
                0x0801ce90        0xc THUMB Release/spi.o
                0x0801ce90                ETH_IRQHandler
 .text.ETH_WKUP_IRQHandler
                0x0801ce9c        0xc THUMB Release/spi.o
                0x0801ce9c                ETH_WKUP_IRQHandler
 .text.DCMI_IRQHandler
                0x0801cea8        0xc THUMB Release/spi.o
                0x0801cea8                DCMI_IRQHandler
 .text.signalingWriteOutput
                0x0801ceb4       0xcc THUMB Release/signaling.o
                0x0801ceb4                signalingWriteOutput
 .text.signalingInit
                0x0801cf80      0x228 THUMB Release/signaling.o
                0x0801cf80                signalingInit
 .text.signalingOnetimeEvent
                0x0801d1a8       0x24 THUMB Release/signaling.o
                0x0801d1a8                signalingOnetimeEvent
 .text.signalingEvent
                0x0801d1cc      0x12c THUMB Release/signaling.o
                0x0801d1cc                signalingEvent
 .text.extRegisterCallback
                0x0801d2f8      0x24c THUMB Release/ext_irq.o
                0x0801d2f8                extRegisterCallback
 .text.EXTI0_IRQHandler
                0x0801d544       0x1c THUMB Release/ext_irq.o
                0x0801d544                EXTI0_IRQHandler
 .text.EXTI1_IRQHandler
                0x0801d560       0x1c THUMB Release/ext_irq.o
                0x0801d560                EXTI1_IRQHandler
 .text.EXTI2_IRQHandler
                0x0801d57c       0x1c THUMB Release/ext_irq.o
                0x0801d57c                EXTI2_IRQHandler
 .text.EXTI3_IRQHandler
                0x0801d598       0x1c THUMB Release/ext_irq.o
                0x0801d598                EXTI3_IRQHandler
 .text.EXTI4_IRQHandler
                0x0801d5b4       0x1c THUMB Release/ext_irq.o
                0x0801d5b4                EXTI4_IRQHandler
 .text.EXTI9_5_IRQHandler
                0x0801d5d0       0x78 THUMB Release/ext_irq.o
                0x0801d5d0                EXTI9_5_IRQHandler
 .text.EXTI15_10_IRQHandler
                0x0801d648       0x94 THUMB Release/ext_irq.o
                0x0801d648                EXTI15_10_IRQHandler
 .text.canProcessMessage
                0x0801d6dc      0x224 THUMB Release/can.o
 .text.canSendBulkFinish
                0x0801d900       0x10 THUMB Release/can.o
                0x0801d900                canSendBulkFinish
 .text.canSend  0x0801d910       0xbc THUMB Release/can.o
                0x0801d910                canSend
 .text.canSendBulk
                0x0801d9cc       0xb0 THUMB Release/can.o
                0x0801d9cc                canSendBulk
 .text.canAck   0x0801da7c       0x74 THUMB Release/can.o
                0x0801da7c                canAck
 .text.canGetVersion
                0x0801daf0      0x114 THUMB Release/can.o
                0x0801daf0                canGetVersion
 .text.canGetState
                0x0801dc04       0xe8 THUMB Release/can.o
                0x0801dc04                canGetState
 .text.canGetParamIdByName
                0x0801dcec      0x174 THUMB Release/can.o
                0x0801dcec                canGetParamIdByName
 .text.canGetParamById
                0x0801de60      0x104 THUMB Release/can.o
                0x0801de60                canGetParamById
 .text.canSetRunMode
                0x0801df64       0xfc THUMB Release/can.o
                0x0801df64                canSetRunMode
 .text.canSetGroup
                0x0801e060      0x11c THUMB Release/can.o
                0x0801e060                canSetGroup
 .text.canSetParamById
                0x0801e17c       0xec THUMB Release/can.o
                0x0801e17c                canSetParamById
 .text.canSetParamByName
                0x0801e268       0xf8 THUMB Release/can.o
                0x0801e268                canSetParamByName
 .text.canCommandArm
                0x0801e360       0x8c THUMB Release/can.o
                0x0801e360                canCommandArm
 .text.canCommandDisarm
                0x0801e3ec       0x8c THUMB Release/can.o
                0x0801e3ec                canCommandDisarm
 .text.canCommandConfigWrite
                0x0801e478       0xe8 THUMB Release/can.o
                0x0801e478                canCommandConfigWrite
 .text.canSetTelemetryValue
                0x0801e560       0xfc THUMB Release/can.o
                0x0801e560                canSetTelemetryValue
 .text.canSetTelemetryValueNoWait
                0x0801e65c       0xa0 THUMB Release/can.o
                0x0801e65c                canSetTelemetryValueNoWait
 .text.canSetTelemetryRate
                0x0801e6fc       0xfc THUMB Release/can.o
                0x0801e6fc                canSetTelemetryRate
 .text.canSetTelemetryRateNoWait
                0x0801e7f8       0xa0 THUMB Release/can.o
                0x0801e7f8                canSetTelemetryRateNoWait
 .text.canCommandSetpoint16
                0x0801e898       0x6c THUMB Release/can.o
                0x0801e898                canCommandSetpoint16
 .text.canCheckMessage
                0x0801e904       0x70 THUMB Release/can.o
                0x0801e904                canCheckMessage
 .text.canFindNode
                0x0801e974       0x60 THUMB Release/can.o
                0x0801e974                canFindNode
 .text.canTelemRegister
                0x0801e9d4       0x14 THUMB Release/can.o
                0x0801e9d4                canTelemRegister
 .text.canLowLevelInit
                0x0801e9e8       0xe0 THUMB Release/can.o
                0x0801e9e8                canLowLevelInit
 .text.canInit  0x0801eac8      0x1a8 THUMB Release/can.o
                0x0801eac8                canInit
 .text.CAN2_RX0_IRQHandler
                0x0801ec70       0x64 THUMB Release/can.o
                0x0801ec70                CAN2_RX0_IRQHandler
 .text.CAN2_TX_IRQHandler
                0x0801ecd4      0x104 THUMB Release/can.o
                0x0801ecd4                CAN2_TX_IRQHandler
 .text.canSensorsReceiveTelem
                0x0801edd8       0x28 THUMB Release/canSensors.o
                0x0801edd8                canSensorsReceiveTelem
 .text.canSensorsInit
                0x0801ee00      0x1e4 THUMB Release/canSensors.o
                0x0801ee00                canSensorsInit
 .text.canUartAvailable
                0x0801efe4       0x10 THUMB Release/canUart.o
                0x0801efe4                canUartAvailable
 .text.canUartReadChar
                0x0801eff4       0x2c THUMB Release/canUart.o
                0x0801eff4                canUartReadChar
 .text.canUartRxChar
                0x0801f020       0x84 THUMB Release/canUart.o
                0x0801f020                canUartRxChar
 .text.canUartStream
                0x0801f0a4      0x1c0 THUMB Release/canUart.o
                0x0801f0a4                canUartStream
 .text.canUartTxBuf
                0x0801f264       0x10 THUMB Release/canUart.o
                0x0801f264                canUartTxBuf
 .text.canUartInit
                0x0801f274       0xc0 THUMB Release/canUart.o
                0x0801f274                canUartInit
 .text.canOSDRequestValue
                0x0801f334       0x1c THUMB Release/canOSD.o
                0x0801f334                canOSDRequestValue
 .text.canOSDRequstRate
                0x0801f350       0x1c THUMB Release/canOSD.o
                0x0801f350                canOSDRequstRate
 *fill*         0x0801f36c        0x4 00
 .text.canOSDTelemetry
                0x0801f370      0x1d8 THUMB Release/canOSD.o
                0x0801f370                canOSDTelemetry
 .text.canOSDInit
                0x0801f548       0x64 THUMB Release/canOSD.o
                0x0801f548                canOSDInit
 .text.mpu6000TransferComplete
                0x0801f5ac       0x2c THUMB Release/mpu6000.o
 .text.mpu6000CalibGyo
                0x0801f5d8      0x150 THUMB Release/mpu6000.o
 .text.mpu6000IntHandler
                0x0801f728       0x24 THUMB Release/mpu6000.o
 .text.mpu6600InitialBias
                0x0801f74c       0x70 THUMB Release/mpu6000.o
                0x0801f74c                mpu6600InitialBias
 .text.mpu6000DrateDecode
                0x0801f7bc      0x170 THUMB Release/mpu6000.o
                0x0801f7bc                mpu6000DrateDecode
 .text.mpu6000Decode
                0x0801f92c      0x338 THUMB Release/mpu6000.o
                0x0801f92c                mpu6000Decode
 .text.mpu6000Enable
                0x0801fc64       0x10 THUMB Release/mpu6000.o
                0x0801fc64                mpu6000Enable
 .text.mpu6000Disable
                0x0801fc74       0x10 THUMB Release/mpu6000.o
                0x0801fc74                mpu6000Disable
 .text.mpu6000PreInit
                0x0801fc84       0x38 THUMB Release/mpu6000.o
                0x0801fc84                mpu6000PreInit
 .text.mpu6000Init
                0x0801fcbc      0x3fc THUMB Release/mpu6000.o
                0x0801fcbc                mpu6000Init
 .text.dIMUTaskCode
                0x080200b8      0x250 THUMB Release/d_imu.o
 .text.dIMUTare
                0x08020308      0x120 THUMB Release/d_imu.o
                0x08020308                dIMUTare
 .text.dIMURequestCalibWrite
                0x08020428       0x14 THUMB Release/d_imu.o
                0x08020428                dIMURequestCalibWrite
 .text.dIMURequestCalibRead
                0x0802043c       0x14 THUMB Release/d_imu.o
                0x0802043c                dIMURequestCalibRead
 .text.dIMUInit
                0x08020450      0x1a8 THUMB Release/d_imu.o
                0x08020450                dIMUInit
 .text.dIMUSetAlarm1
                0x080205f8       0x30 THUMB Release/d_imu.o
                0x080205f8                dIMUSetAlarm1
 .text.TIM8_BRK_TIM12_IRQHandler
                0x08020628       0x68 THUMB Release/d_imu.o
                0x08020628                TIM8_BRK_TIM12_IRQHandler
 .text.hmc5983TransferComplete
                0x08020690       0x14 THUMB Release/hmc5983.o
 .text.hmc5983IntHandler
                0x080206a4       0x20 THUMB Release/hmc5983.o
                0x080206a4                hmc5983IntHandler
 .text.hmc5983Decode
                0x080206c4      0x240 THUMB Release/hmc5983.o
                0x080206c4                hmc5983Decode
 .text.hmc5983Enable
                0x08020904       0x14 THUMB Release/hmc5983.o
                0x08020904                hmc5983Enable
 .text.hmc5983Disable
                0x08020918       0x10 THUMB Release/hmc5983.o
                0x08020918                hmc5983Disable
 .text.hmc5983PreInit
                0x08020928       0x38 THUMB Release/hmc5983.o
                0x08020928                hmc5983PreInit
 .text.hmc5983Init
                0x08020960      0x210 THUMB Release/hmc5983.o
                0x08020960                hmc5983Init
 .text.ms5611Callback.part.0
                0x08020b70       0xb8 THUMB Release/ms5611.o
 .text.ms5611Callback
                0x08020c28       0x14 THUMB Release/ms5611.o
 .text.ms5611InitialBias
                0x08020c3c       0x64 THUMB Release/ms5611.o
                0x08020c3c                ms5611InitialBias
 .text.ms5611Decode
                0x08020ca0      0x3b4 THUMB Release/ms5611.o
                0x08020ca0                ms5611Decode
 .text.ms5611Enable
                0x08021054       0x24 THUMB Release/ms5611.o
                0x08021054                ms5611Enable
 .text.ms5611Disable
                0x08021078       0x10 THUMB Release/ms5611.o
                0x08021078                ms5611Disable
 .text.ms5611PreInit
                0x08021088       0x38 THUMB Release/ms5611.o
                0x08021088                ms5611PreInit
 .text.ms5611Init
                0x080210c0      0x1b8 THUMB Release/ms5611.o
                0x080210c0                ms5611Init
 .text.eepromPreInit
                0x08021278       0x38 THUMB Release/eeprom.o
                0x08021278                eepromPreInit
 .text.eepromWriteBlock
                0x080212b0       0x98 THUMB Release/eeprom.o
                0x080212b0                eepromWriteBlock
 .text.eepromReadHeader
                0x08021348       0xac THUMB Release/eeprom.o
                0x08021348                eepromReadHeader
 .text.eepromOpenWrite
                0x080213f4       0x50 THUMB Release/eeprom.o
                0x080213f4                eepromOpenWrite
 .text.eepromCheckFile
                0x08021444       0xcc THUMB Release/eeprom.o
                0x08021444                eepromCheckFile
 .text.eepromOpenRead
                0x08021510       0xc8 THUMB Release/eeprom.o
                0x08021510                eepromOpenRead
 .text.eepromRead
                0x080215d8       0x6c THUMB Release/eeprom.o
                0x080215d8                eepromRead
 .text.eepromWrite
                0x08021644       0x70 THUMB Release/eeprom.o
                0x08021644                eepromWrite
 .text.eepromClose
                0x080216b4       0x70 THUMB Release/eeprom.o
                0x080216b4                eepromClose
 .text.eepromInit
                0x08021724      0x168 THUMB Release/eeprom.o
                0x08021724                eepromInit
 .text.USB_OTG_BSP_Init
                0x0802188c       0x94 THUMB Release/usb_bsp.o
                0x0802188c                USB_OTG_BSP_Init
 .text.USB_OTG_BSP_EnableInterrupt
                0x08021920       0x24 THUMB Release/usb_bsp.o
                0x08021920                USB_OTG_BSP_EnableInterrupt
 .text.USB_OTG_BSP_uDelay
                0x08021944       0x38 THUMB Release/usb_bsp.o
                0x08021944                USB_OTG_BSP_uDelay
 .text.USB_OTG_BSP_mDelay
                0x0802197c       0x3c THUMB Release/usb_bsp.o
                0x0802197c                USB_OTG_BSP_mDelay
 .text.USBD_USR_DeviceDescriptor
                0x080219b8       0x10 THUMB Release/usbd_desc.o
                0x080219b8                USBD_USR_DeviceDescriptor
 .text.USBD_USR_LangIDStrDescriptor
                0x080219c8       0x10 THUMB Release/usbd_desc.o
                0x080219c8                USBD_USR_LangIDStrDescriptor
 .text.USBD_USR_ManufacturerStrDescriptor
                0x080219d8       0x20 THUMB Release/usbd_desc.o
                0x080219d8                USBD_USR_ManufacturerStrDescriptor
 .text.USBD_USR_InterfaceStrDescriptor
                0x080219f8       0x20 THUMB Release/usbd_desc.o
                0x080219f8                USBD_USR_InterfaceStrDescriptor
 .text.USBD_USR_ConfigStrDescriptor
                0x08021a18       0x20 THUMB Release/usbd_desc.o
                0x08021a18                USBD_USR_ConfigStrDescriptor
 .text.USBD_USR_SerialStrDescriptor
                0x08021a38       0x2c THUMB Release/usbd_desc.o
                0x08021a38                USBD_USR_SerialStrDescriptor
 .text.USBD_USR_ProductStrDescriptor
                0x08021a64       0x2c THUMB Release/usbd_desc.o
                0x08021a64                USBD_USR_ProductStrDescriptor
 .text.USBD_USR_USRStringDesc
                0x08021a90       0x1c THUMB Release/usbd_desc.o
                0x08021a90                USBD_USR_USRStringDesc
 .text.usbVcpInit
                0x08021aac        0x4 THUMB Release/usb.o
 .text.usbVcpDeInit
                0x08021ab0        0x4 THUMB Release/usb.o
 .text.usbVcpDataTx
                0x08021ab4       0x70 THUMB Release/usb.o
 .text.usbVcpDataRx
                0x08021b24       0x68 THUMB Release/usb.o
 .text.USBD_USR_Init
                0x08021b8c        0x4 THUMB Release/usb.o
                0x08021b8c                USBD_USR_Init
 .text.USBD_USR_DeviceReset
                0x08021b90        0x4 THUMB Release/usb.o
                0x08021b90                USBD_USR_DeviceReset
 .text.USBD_USR_DeviceConfigured
                0x08021b94        0x4 THUMB Release/usb.o
                0x08021b94                USBD_USR_DeviceConfigured
 .text.USBD_USR_DeviceSuspended
                0x08021b98       0x18 THUMB Release/usb.o
                0x08021b98                USBD_USR_DeviceSuspended
 .text.USBD_USR_DeviceResumed
                0x08021bb0        0x4 THUMB Release/usb.o
                0x08021bb0                USBD_USR_DeviceResumed
 .text.USBD_USR_DeviceConnected
                0x08021bb4        0x4 THUMB Release/usb.o
                0x08021bb4                USBD_USR_DeviceConnected
 .text.USBD_USR_DeviceDisconnected
                0x08021bb8        0x4 THUMB Release/usb.o
                0x08021bb8                USBD_USR_DeviceDisconnected
 .text.usbVcpCtrl
                0x08021bbc       0x9c THUMB Release/usb.o
 .text.usbInit  0x08021c58       0x30 THUMB Release/usb.o
                0x08021c58                usbInit
 .text.usbTx    0x08021c88       0x6c THUMB Release/usb.o
                0x08021c88                usbTx
 .text.usbAvailable
                0x08021cf4       0x18 THUMB Release/usb.o
                0x08021cf4                usbAvailable
 .text.usbRx    0x08021d0c       0x24 THUMB Release/usb.o
                0x08021d0c                usbRx
 .text.usbIsSuspend
                0x08021d30       0x14 THUMB Release/usb.o
                0x08021d30                usbIsSuspend
 .text.OTG_FS_WKUP_IRQHandler
                0x08021d44       0x34 THUMB Release/usb.o
                0x08021d44                OTG_FS_WKUP_IRQHandler
 .text.OTG_FS_IRQHandler
                0x08021d78        0xc THUMB Release/usb.o
                0x08021d78                OTG_FS_IRQHandler
 .text.STORAGE_Init
                0x08021d84       0x28 THUMB Release/usbd_storage_msd.o
                0x08021d84                STORAGE_Init
 .text.STORAGE_IsWriteProtected
                0x08021dac        0x4 THUMB Release/usbd_storage_msd.o
                0x08021dac                STORAGE_IsWriteProtected
 .text.STORAGE_GetMaxLun
                0x08021db0        0x4 THUMB Release/usbd_storage_msd.o
                0x08021db0                STORAGE_GetMaxLun
 .text.STORAGE_Eject
                0x08021db4       0x10 THUMB Release/usbd_storage_msd.o
                0x08021db4                STORAGE_Eject
 .text.STORAGE_GetCapacity
                0x08021dc4       0x28 THUMB Release/usbd_storage_msd.o
                0x08021dc4                STORAGE_GetCapacity
 .text.STORAGE_IsReady
                0x08021dec       0x44 THUMB Release/usbd_storage_msd.o
                0x08021dec                STORAGE_IsReady
 .text.STORAGE_Write
                0x08021e30       0x48 THUMB Release/usbd_storage_msd.o
                0x08021e30                STORAGE_Write
 .text.STORAGE_Read
                0x08021e78       0x48 THUMB Release/usbd_storage_msd.o
                0x08021e78                STORAGE_Read
 .text.getBuildNumber
                0x08021ec0        0x8 THUMB Release/getbuildnum.o
                0x08021ec0                getBuildNumber
 .text.getRevisionNumber
                0x08021ec8       0x20 THUMB Release/getbuildnum.o
                0x08021ec8                getRevisionNumber
 .text.grhottDecode
                0x08021ee8      0x1c4 THUMB Release/grhott.o
                0x08021ee8                grhottDecode
 .text.grhottCharIn
                0x080220ac       0x64 THUMB Release/grhott.o
                0x080220ac                grhottCharIn
 .text.grhottInit
                0x08022110       0x34 THUMB Release/grhott.o
                0x08022110                grhottInit
 .text.mlinkrxCharIn
                0x08022144      0x2e0 THUMB Release/mlinkrx.o
                0x08022144                mlinkrxCharIn
 .text.mlinkrxInit
                0x08022424       0x34 THUMB Release/mlinkrx.o
                0x08022424                mlinkrxInit
 .text.calibAngle
                0x08022458       0xc8 THUMB Release/calib.o
                0x08022458                calibAngle
 .text.calibRecalc
                0x08022520      0x1b0 THUMB Release/calib.o
                0x08022520                calibRecalc
 .text.calibInit
                0x080226d0       0x5c THUMB Release/calib.o
                0x080226d0                calibInit
 .text.calibDeinit
                0x0802272c       0x1c THUMB Release/calib.o
                0x0802272c                calibDeinit
 .text.calibCalculate
                0x08022748      0x430 THUMB Release/calib.o
                0x08022748                calibCalculate
 .text.calibrate
                0x08022b78      0x2f8 THUMB Release/calib.o
                0x08022b78                calibrate
 .text.cyrfProcessStack.part.0
                0x08022e70      0x10c THUMB Release/cyrf6936.o
 .text.cyrfIntHandler
                0x08022f7c       0xe8 THUMB Release/cyrf6936.o
                0x08022f7c                cyrfIntHandler
 .text.cyrfTxnComplete
                0x08023064       0x7c THUMB Release/cyrf6936.o
                0x08023064                cyrfTxnComplete
 .text.cyrfProcessStack
                0x080230e0       0x10 THUMB Release/cyrf6936.o
                0x080230e0                cyrfProcessStack
 .text.cyrfQueueWriteBlock
                0x080230f0       0x90 THUMB Release/cyrf6936.o
                0x080230f0                cyrfQueueWriteBlock
 .text.cyrfQueueWriteReg
                0x08023180       0x5c THUMB Release/cyrf6936.o
                0x08023180                cyrfQueueWriteReg
 .text.cyrfQueueReadBlock
                0x080231dc       0x58 THUMB Release/cyrf6936.o
                0x080231dc                cyrfQueueReadBlock
 .text.cyrfQueueReadReg
                0x08023234       0x54 THUMB Release/cyrf6936.o
                0x08023234                cyrfQueueReadReg
 .text.cyrfQueueExec
                0x08023288       0x40 THUMB Release/cyrf6936.o
                0x08023288                cyrfQueueExec
 .text.cyrfQueueBatch
                0x080232c8       0x44 THUMB Release/cyrf6936.o
                0x080232c8                cyrfQueueBatch
 .text.cyrfSetIsrCallback
                0x0802330c       0x10 THUMB Release/cyrf6936.o
                0x0802330c                cyrfSetIsrCallback
 .text.cyrfTimeoutSet
                0x0802331c       0x34 THUMB Release/cyrf6936.o
                0x0802331c                cyrfTimeoutSet
 .text.cyrfTimeoutSetRelative
                0x08023350       0x38 THUMB Release/cyrf6936.o
                0x08023350                cyrfTimeoutSetRelative
 .text.cyrfTimeoutCancel
                0x08023388       0x28 THUMB Release/cyrf6936.o
                0x08023388                cyrfTimeoutCancel
 .text.cyrfTimeoutReset
                0x080233b0       0x1c THUMB Release/cyrf6936.o
                0x080233b0                cyrfTimeoutReset
 .text.cyrfInit
                0x080233cc      0x190 THUMB Release/cyrf6936.o
                0x080233cc                cyrfInit
 .text.TIM7_IRQHandler
                0x0802355c       0x28 THUMB Release/cyrf6936.o
                0x0802355c                TIM7_IRQHandler
 .text._dsmAbortReceive
                0x08023584       0x3c THUMB Release/dsm.o
                0x08023584                _dsmAbortReceive
 .text.dsmBindReceive
                0x080235c0      0x208 THUMB Release/dsm.o
                0x080235c0                dsmBindReceive
 .text.dsmGenerateChannelsDsmx
                0x080237c8      0x148 THUMB Release/dsm.o
                0x080237c8                dsmGenerateChannelsDsmx
 .text.dsmSetNextChannel
                0x08023910      0x114 THUMB Release/dsm.o
                0x08023910                dsmSetNextChannel
 .text.dsmSyncAReceive
                0x08023a24      0x298 THUMB Release/dsm.o
                0x08023a24                dsmSyncAReceive
 .text.dsmSyncBReceive
                0x08023cbc      0x1bc THUMB Release/dsm.o
                0x08023cbc                dsmSyncBReceive
 .text.dsmTransferReceive
                0x08023e78      0x1b4 THUMB Release/dsm.o
                0x08023e78                dsmTransferReceive
 .text.dsmSyncTimeoutCallback
                0x0802402c      0x120 THUMB Release/dsm.o
                0x0802402c                dsmSyncTimeoutCallback
 .text.dsmStartTransfer
                0x0802414c      0x128 THUMB Release/dsm.o
                0x0802414c                dsmStartTransfer
 .text.dsmBindAck
                0x08024274       0xb8 THUMB Release/dsm.o
                0x08024274                dsmBindAck
 .text.dsmTransferTimeoutCallback
                0x0802432c       0xd8 THUMB Release/dsm.o
                0x0802432c                dsmTransferTimeoutCallback
 .text.dsmBindTimeoutCallback
                0x08024404      0x14c THUMB Release/dsm.o
                0x08024404                dsmBindTimeoutCallback
 .text.dsmReceive
                0x08024550      0x3ec THUMB Release/dsm.o
                0x08024550                dsmReceive
 .text.dsmInit  0x0802493c      0x12c THUMB Release/dsm.o
                0x0802493c                dsmInit
 .text.SystemInit
                0x08024a68      0x12c THUMB Release/system_stm32f4xx.o
                0x08024a68                SystemInit
 .text.CoEnterISR
                0x08024b94        0xc THUMB Release/core.o
                0x08024b94                CoEnterISR
 .text.CoExitISR
                0x08024ba0       0x3c THUMB Release/core.o
                0x08024ba0                CoExitISR
 .text.OsSchedUnlock
                0x08024bdc       0x44 THUMB Release/core.o
                0x08024bdc                OsSchedUnlock
 .text.CoInitOS
                0x08024c20       0x84 THUMB Release/core.o
                0x08024c20                CoInitOS
 .text.CoStartOS
                0x08024ca4       0x64 THUMB Release/core.o
                0x08024ca4                CoStartOS
 .text.CreateEventList
                0x08024d08       0x88 THUMB Release/event.o
                0x08024d08                CreateEventList
 .text.CreatEvent
                0x08024d90       0x4c THUMB Release/event.o
                0x08024d90                CreatEvent
 .text.EventTaskToWait
                0x08024ddc       0x98 THUMB Release/event.o
                0x08024ddc                EventTaskToWait
 .text.EventTaskToRdy
                0x08024e74       0x8c THUMB Release/event.o
                0x08024e74                EventTaskToRdy
 .text.RemoveEventWaittingList
                0x08024f00       0x40 THUMB Release/event.o
                0x08024f00                RemoveEventWaittingList
 .text.CoCreateFlag
                0x08024f40       0xa4 THUMB Release/flag.o
                0x08024f40                CoCreateFlag
 .text.CoAcceptSingleFlag
                0x08024fe4       0x4c THUMB Release/flag.o
                0x08024fe4                CoAcceptSingleFlag
 .text.CoWaitForSingleFlag
                0x08025030      0x19c THUMB Release/flag.o
                0x08025030                CoWaitForSingleFlag
 .text.CoClearFlag
                0x080251cc       0x20 THUMB Release/flag.o
                0x080251cc                CoClearFlag
 .text.CoSetFlag
                0x080251ec      0x144 THUMB Release/flag.o
                0x080251ec                CoSetFlag
 .text.isr_SetFlag
                0x08025330       0x30 THUMB Release/flag.o
                0x08025330                isr_SetFlag
 .text.RemoveLinkNode
                0x08025360       0x54 THUMB Release/flag.o
                0x08025360                RemoveLinkNode
 .text.CoCreateKheap
                0x080253b4       0x30 THUMB Release/kernelHeap.o
                0x080253b4                CoCreateKheap
 .text.CoCreateMutex
                0x080253e4       0x4c THUMB Release/mutex.o
                0x080253e4                CoCreateMutex
 .text.CoEnterMutexSection
                0x08025430       0xe4 THUMB Release/mutex.o
                0x08025430                CoEnterMutexSection
 .text.CoLeaveMutexSection
                0x08025514       0xa0 THUMB Release/mutex.o
                0x08025514                CoLeaveMutexSection
 .text.RemoveMutexList
                0x080255b4       0x68 THUMB Release/mutex.o
                0x080255b4                RemoveMutexList
 .text.CoCreateQueue
                0x0802561c       0x84 THUMB Release/queue.o
                0x0802561c                CoCreateQueue
 .text.CoAcceptQueueMail
                0x080256a0       0x54 THUMB Release/queue.o
                0x080256a0                CoAcceptQueueMail
 .text.CoPostQueueMail
                0x080256f4       0x50 THUMB Release/queue.o
                0x080256f4                CoPostQueueMail
 .text.InsertInSRQ
                0x08025744       0x68 THUMB Release/serviceReq.o
                0x08025744                InsertInSRQ
 .text.RespondSRQ
                0x080257ac       0x9c THUMB Release/serviceReq.o
                0x080257ac                RespondSRQ
 .text.CreateTCBList
                0x08025848      0x104 THUMB Release/task.o
                0x08025848                CreateTCBList
 .text.InsertToTCBRdyList
                0x0802594c       0x70 THUMB Release/task.o
                0x0802594c                InsertToTCBRdyList
 .text.RemoveFromTCBRdyList
                0x080259bc       0x34 THUMB Release/task.o
                0x080259bc                RemoveFromTCBRdyList
 .text.CoSetPriority
                0x080259f0      0x184 THUMB Release/task.o
                0x080259f0                CoSetPriority
 .text.Schedule
                0x08025b74      0x12c THUMB Release/task.o
                0x08025b74                Schedule
 .text.CreateTask
                0x08025ca0       0xdc THUMB Release/task.o
                0x08025ca0                CreateTask
 .text.CoDelTask
                0x08025d7c       0xdc THUMB Release/task.o
                0x08025d7c                CoDelTask
 .text.CoExitTask
                0x08025e58       0x10 THUMB Release/task.o
                0x08025e58                CoExitTask
 .text.InsertDelayList
                0x08025e68       0x68 THUMB Release/time.o
                0x08025e68                InsertDelayList
 .text.RemoveDelayList
                0x08025ed0       0x4c THUMB Release/time.o
                0x08025ed0                RemoveDelayList
 .text.CoTickDelay
                0x08025f1c       0x9c THUMB Release/time.o
                0x08025f1c                CoTickDelay
 .text.TimeDispose
                0x08025fb8       0x48 THUMB Release/time.o
                0x08025fb8                TimeDispose
 .text.isr_TimeDispose
                0x08026000       0x68 THUMB Release/time.o
                0x08026000                isr_TimeDispose
 .text.InitTaskContext
                0x08026068       0x24 THUMB Release/arch.o
                0x08026068                InitTaskContext
 .text.SysTick_Handler
                0x0802608c       0x58 THUMB Release/arch.o
                0x0802608c                SysTick_Handler
 .text.Inc8     0x080260e4       0x1c THUMB Release/port.o
                0x080260e4                Inc8
 .text.Dec8     0x08026100       0x18 THUMB Release/port.o
                0x08026100                Dec8
 .text.IRQ_ENABLE_RESTORE
                0x08026118        0x4 THUMB Release/port.o
                0x08026118                IRQ_ENABLE_RESTORE
 .text.IRQ_DISABLE_SAVE
                0x0802611c        0x4 THUMB Release/port.o
                0x0802611c                IRQ_DISABLE_SAVE
 .text.SetEnvironment
                0x08026120        0xc THUMB Release/port.o
                0x08026120                SetEnvironment
 .text.SwitchContext
                0x0802612c       0x14 THUMB Release/port.o
                0x0802612c                SwitchContext
 .text.PendSV_Handler
                0x08026140       0x54 THUMB Release/port.o
                0x08026140                PendSV_Handler
 .text.move_window
                0x08026194       0xa8 THUMB Release/ff.o
 .text.chk_mounted
                0x0802623c      0x414 THUMB Release/ff.o
 .text.put_fat.part.3
                0x08026650      0x398 THUMB Release/ff.o
 .text.get_fat.part.2
                0x080269e8      0x328 THUMB Release/ff.o
 .text.dir_sdi.constprop.4
                0x08026d10       0x7c THUMB Release/ff.o
 .text.create_chain
                0x08026d8c       0xc0 THUMB Release/ff.o
 .text.dir_next
                0x08026e4c      0x13c THUMB Release/ff.o
 .text.follow_path
                0x08026f88      0x2ec THUMB Release/ff.o
 .text.f_mount  0x08027274       0x20 THUMB Release/ff.o
                0x08027274                f_mount
 .text.f_open   0x08027294      0x408 THUMB Release/ff.o
                0x08027294                f_open
 .text.f_read   0x0802769c      0x1f4 THUMB Release/ff.o
                0x0802769c                f_read
 .text.f_write  0x08027890      0x248 THUMB Release/ff.o
                0x08027890                f_write
 .text.f_sync   0x08027ad8      0x2a4 THUMB Release/ff.o
                0x08027ad8                f_sync
 .text.f_close  0x08027d7c       0x10 THUMB Release/ff.o
                0x08027d7c                f_close
 .text.f_lseek  0x08027d8c      0x1b8 THUMB Release/ff.o
                0x08027d8c                f_lseek
 .text.f_opendir
                0x08027f44       0x68 THUMB Release/ff.o
                0x08027f44                f_opendir
 .text.f_mkfs   0x08027fac      0x6f8 THUMB Release/ff.o
                0x08027fac                f_mkfs
 .text.srcdkfCalcSigmaPoints
                0x080286a4      0x214 THUMB Release/srcdkf.o
 .text.srcdkfGetState
                0x080288b8        0x4 THUMB Release/srcdkf.o
                0x080288b8                srcdkfGetState
 .text.srcdkfSetVariance
                0x080288bc      0x118 THUMB Release/srcdkf.o
                0x080288bc                srcdkfSetVariance
 .text.srcdkfInit
                0x080289d4      0x1e0 THUMB Release/srcdkf.o
                0x080289d4                srcdkfInit
 .text.srcdkfTimeUpdate
                0x08028bb4      0x29c THUMB Release/srcdkf.o
                0x08028bb4                srcdkfTimeUpdate
 .text.srcdkfMeasurementUpdate
                0x08028e50      0xa14 THUMB Release/srcdkf.o
                0x08028e50                srcdkfMeasurementUpdate
 .text.matrixInit
                0x08029864       0x38 THUMB Release/algebra.o
                0x08029864                matrixInit
 .text.qrDecompositionT_f32
                0x0802989c      0x4e4 THUMB Release/algebra.o
                0x0802989c                qrDecompositionT_f32
 .text.matrixDiv_f32
                0x08029d80      0x1a8 THUMB Release/algebra.o
                0x08029d80                matrixDiv_f32
 .text.cholF    0x08029f28       0x90 THUMB Release/algebra.o
                0x08029f28                cholF
 .text.svd      0x08029fb8      0x4dc THUMB Release/algebra.o
                0x08029fb8                svd
 .text.USBD_Resume
                0x0802a494       0x18 THUMB Release/usbd_core.o
 .text.USBD_Suspend
                0x0802a4ac       0x1c THUMB Release/usbd_core.o
 .text.USBD_SOF
                0x0802a4c8       0x10 THUMB Release/usbd_core.o
 .text.USBD_IsoINIncomplete
                0x0802a4d8       0x10 THUMB Release/usbd_core.o
 .text.USBD_IsoOUTIncomplete
                0x0802a4e8       0x10 THUMB Release/usbd_core.o
 .text.USBD_Reset
                0x0802a4f8       0x30 THUMB Release/usbd_core.o
 .text.USBD_SetupStage
                0x0802a528       0x4c THUMB Release/usbd_core.o
 .text.USBD_DataInStage
                0x0802a574       0xbc THUMB Release/usbd_core.o
 .text.USBD_DataOutStage
                0x0802a630       0x7c THUMB Release/usbd_core.o
 .text.USBD_Init
                0x0802a6ac       0x38 THUMB Release/usbd_core.o
                0x0802a6ac                USBD_Init
 .text.USBD_SetCfg
                0x0802a6e4       0x18 THUMB Release/usbd_core.o
                0x0802a6e4                USBD_SetCfg
 .text.USBD_ClrCfg
                0x0802a6fc       0x10 THUMB Release/usbd_core.o
                0x0802a6fc                USBD_ClrCfg
 .text.USBD_CtlSendData
                0x0802a70c       0x20 THUMB Release/usbd_ioreq.o
                0x0802a70c                USBD_CtlSendData
 .text.USBD_CtlContinueSendData
                0x0802a72c       0x14 THUMB Release/usbd_ioreq.o
                0x0802a72c                USBD_CtlContinueSendData
 .text.USBD_CtlPrepareRx
                0x0802a740       0x20 THUMB Release/usbd_ioreq.o
                0x0802a740                USBD_CtlPrepareRx
 .text.USBD_CtlContinueRx
                0x0802a760       0x14 THUMB Release/usbd_ioreq.o
                0x0802a760                USBD_CtlContinueRx
 .text.USBD_CtlSendStatus
                0x0802a774       0x20 THUMB Release/usbd_ioreq.o
                0x0802a774                USBD_CtlSendStatus
 .text.USBD_CtlReceiveStatus
                0x0802a794       0x20 THUMB Release/usbd_ioreq.o
                0x0802a794                USBD_CtlReceiveStatus
 .text.USBD_GetRxCount
                0x0802a7b4       0x10 THUMB Release/usbd_ioreq.o
                0x0802a7b4                USBD_GetRxCount
 .text.USBD_StdDevReq
                0x0802a7c4      0x314 THUMB Release/usbd_req.o
                0x0802a7c4                USBD_StdDevReq
 .text.USBD_StdItfReq
                0x0802aad8       0x44 THUMB Release/usbd_req.o
                0x0802aad8                USBD_StdItfReq
 .text.USBD_StdEPReq
                0x0802ab1c       0xe4 THUMB Release/usbd_req.o
                0x0802ab1c                USBD_StdEPReq