Archive member included because of file (symbol)

/usr/share/crossworks_for_arm_2.3/lib/libm_v7em_fpv4_sp_d16_hard_t_le_eabi.a(libm_asm.o)
                              THUMB Release/ublox.o (__aeabi_i2d)
/usr/share/crossworks_for_arm_2.3/lib/libm_v7em_fpv4_sp_d16_hard_t_le_eabi.a(libm2.o)
                              THUMB Release/calib.o (acosf)
/usr/share/crossworks_for_arm_2.3/lib/libm_v7em_fpv4_sp_d16_hard_t_le_eabi.a(libm2_asm.o)
                              /usr/share/crossworks_for_arm_2.3/lib/libm_v7em_fpv4_sp_d16_hard_t_le_eabi.a(libm2.o) (fabs)
/usr/share/crossworks_for_arm_2.3/lib/libc_v7em_fpv4_sp_d16_hard_t_le_eabi.a(libc_asm.o)
                              THUMB Release/ms5611.o (__aeabi_ldivmod)
/usr/share/crossworks_for_arm_2.3/lib/libc_v7em_fpv4_sp_d16_hard_t_le_eabi.a(libc2.o)
                              THUMB Release/signaling.o (abs)
/usr/share/crossworks_for_arm_2.3/lib/libc_v7em_fpv4_sp_d16_hard_t_le_eabi.a(libc2_asm.o)
                              THUMB Release/config.o (memcpy)
/usr/share/crossworks_for_arm_2.3/lib/libc_v7em_fpv4_sp_d16_hard_t_le_eabi.a(__vfprintf_double_long_long.o)
                              (__vfprintf_double_long_long)
/usr/share/crossworks_for_arm_2.3/lib/libc_v7em_fpv4_sp_d16_hard_t_le_eabi.a(__vfscanf_double_long_long.o)
                              (__vfscanf_double_long_long)
/usr/share/crossworks_for_arm_2.3/lib/libdebugio_v7em_fpv4_sp_d16_hard_t_le_eabi.a(libdebugio.o)
                              (__do_debug_operation_mempoll)
/usr/share/crossworks_for_arm_2.3/lib/libdebugio_v7em_fpv4_sp_d16_hard_t_le_eabi.a(libdebugio_asm.o)
                              THUMB Release/can.o (debug_printf)
/usr/share/crossworks_for_arm_2.3/lib/libc_user_libc_v7em_fpv4_sp_d16_hard_t_le_eabi.a(user_libc.o)
                              /usr/share/crossworks_for_arm_2.3/lib/libm_v7em_fpv4_sp_d16_hard_t_le_eabi.a(libm2.o) (__errno)

Discarded input sections

 .text          0x00000000        0x0 THUMB Release/main_ctl.o
 .data          0x00000000        0x0 THUMB Release/main_ctl.o
 .bss           0x00000000        0x0 THUMB Release/main_ctl.o
 .text.CoStkOverflowHook
                0x00000000        0x4 THUMB Release/main_ctl.o
 .text          0x00000000        0x0 THUMB Release/digital.o
 .data          0x00000000        0x0 THUMB Release/digital.o
 .bss           0x00000000        0x0 THUMB Release/digital.o
 .text          0x00000000        0x0 THUMB Release/util.o
 .data          0x00000000        0x0 THUMB Release/util.o
 .bss           0x00000000        0x0 THUMB Release/util.o
 .text.utilFilterReset3
                0x00000000       0x10 THUMB Release/util.o
 .text.utilFirFilter
                0x00000000       0xc0 THUMB Release/util.o
 .text.utilFirFilterInit
                0x00000000       0x3c THUMB Release/util.o
 .text          0x00000000        0x0 THUMB Release/rcc.o
 .data          0x00000000        0x0 THUMB Release/rcc.o
 .bss           0x00000000        0x0 THUMB Release/rcc.o
 .bss.stepupEn  0x00000000        0x4 THUMB Release/rcc.o
 .bss.sysoff    0x00000000        0x4 THUMB Release/rcc.o
 .text          0x00000000        0x0 THUMB Release/serial.o
 .data          0x00000000        0x0 THUMB Release/serial.o
 .bss           0x00000000        0x0 THUMB Release/serial.o
 .text.serialOpenUART
                0x00000000       0x4c THUMB Release/serial.o
 .text.serialUSART2
                0x00000000       0x94 THUMB Release/serial.o
 .text.serialUSART3
                0x00000000       0x94 THUMB Release/serial.o
 .text.serialReadBlock
                0x00000000       0x60 THUMB Release/serial.o
 .text.serialPrint
                0x00000000       0x94 THUMB Release/serial.o
 .text.serialWatch
                0x00000000      0x104 THUMB Release/serial.o
 .text.serialSetSTDIO
                0x00000000        0xc THUMB Release/serial.o
 .text.__putchar
                0x00000000       0x84 THUMB Release/serial.o
 .text.__getchar
                0x00000000       0x44 THUMB Release/serial.o
 .text          0x00000000        0x0 THUMB Release/config.o
 .data          0x00000000        0x0 THUMB Release/config.o
 .bss           0x00000000        0x0 THUMB Release/config.o
 .text.configTokenFindEmpty
                0x00000000       0x10 THUMB Release/config.o
 .text.configTokenIterate
                0x00000000       0x24 THUMB Release/config.o
 .text.configSetParamByID
                0x00000000       0x14 THUMB Release/config.o
 .text          0x00000000        0x0 THUMB Release/flash.o
 .data          0x00000000        0x0 THUMB Release/flash.o
 .bss           0x00000000        0x0 THUMB Release/flash.o
 .text.GetSector
                0x00000000       0x9c THUMB Release/flash.o
 .text          0x00000000        0x0 THUMB Release/motors.o
 .data          0x00000000        0x0 THUMB Release/motors.o
 .bss           0x00000000        0x0 THUMB Release/motors.o
 .text.motorsPwm2Thrust
                0x00000000       0x34 THUMB Release/motors.o
[...]
Memory Configuration

Name             Origin             Length             Attributes
UNPLACED_SECTIONS 0xffffffff         0x00000000         xw
FLASH            0x08000000         0x00100000         xr
DATA_SRAM        0x10000000         0x00010000         xw
SYSTEM           0x1fff0000         0x00007a10         xw
OPTION           0x1fffc000         0x00000008         xw
RAM              0x20000000         0x00020000         xw
SRAM1            0x20000000         0x0001c000         xw
SRAM2            0x2001c000         0x00004000         xw
APB1             0x40000000         0x00007800         xw
APB2             0x40010000         0x00004c00         xw
AHB1             0x40020000         0x00080000         xw
AHB2             0x50000000         0x00060c00         xw
AHB3             0xa0000000         0x00001000         xw
PCCARD           0x90000000         0x00000000         xw
NAND2            0x80000000         0x00000000         xw
NAND1            0x70000000         0x00000000         xw
NOR_PSRAM4       0x6c000000         0x00000000         xw
NOR_PSRAM3       0x68000000         0x00000000         xw
NOR_PSRAM2       0x64000000         0x00000000         xw
NOR_PSRAM1       0x60000000         0x00000000         xw
PPB              0xe0000000         0x00100000         xw
DBG              0xe0042000         0x00000010         xw
CM3_System_Control_Space 0xe000e000         0x00001000         xw
*default*        0x00000000         0xffffffff

Linker script and memory map

                0x08033eb0                __do_debug_operation = __do_debug_operation_mempoll
                0x08032068                __vfprintf = __vfprintf_double_long_long
                0x080335e0                __vfscanf = __vfscanf_double_long_long
                0x08000000                __FLASH_segment_start__ = 0x8000000
                0x08100000                __FLASH_segment_end__ = 0x8100000
                0x10000000                __DATA_SRAM_segment_start__ = 0x10000000
                0x10010000                __DATA_SRAM_segment_end__ = 0x10010000
                0x1fff0000                __SYSTEM_segment_start__ = 0x1fff0000
                0x1fff7a10                __SYSTEM_segment_end__ = 0x1fff7a10
                0x1fffc000                __OPTION_segment_start__ = 0x1fffc000
                0x1fffc008                __OPTION_segment_end__ = 0x1fffc008
                0x20000000                __RAM_segment_start__ = 0x20000000
                0x20020000                __RAM_segment_end__ = 0x20020000
                0x20000000                __SRAM1_segment_start__ = 0x20000000
                0x2001c000                __SRAM1_segment_end__ = 0x2001c000
                0x2001c000                __SRAM2_segment_start__ = 0x2001c000
                0x20020000                __SRAM2_segment_end__ = 0x20020000
                0x40000000                __APB1_segment_start__ = 0x40000000
                0x40007800                __APB1_segment_end__ = 0x40007800
                0x40010000                __APB2_segment_start__ = 0x40010000
                0x40014c00                __APB2_segment_end__ = 0x40014c00
                0x40020000                __AHB1_segment_start__ = 0x40020000
                0x400a0000                __AHB1_segment_end__ = 0x400a0000
                0x50000000                __AHB2_segment_start__ = 0x50000000
                0x50060c00                __AHB2_segment_end__ = 0x50060c00
                0xa0000000                __AHB3_segment_start__ = 0xa0000000
                0xa0001000                __AHB3_segment_end__ = 0xa0001000
                0x90000000                __PCCARD_segment_start__ = 0x90000000
                0x90000000                __PCCARD_segment_end__ = 0x90000000
                0x80000000                __NAND2_segment_start__ = 0x80000000
                0x80000000                __NAND2_segment_end__ = 0x80000000
                0x70000000                __NAND1_segment_start__ = 0x70000000
                0x70000000                __NAND1_segment_end__ = 0x70000000
                0x6c000000                __NOR_PSRAM4_segment_start__ = 0x6c000000
                0x6c000000                __NOR_PSRAM4_segment_end__ = 0x6c000000
                0x68000000                __NOR_PSRAM3_segment_start__ = 0x68000000
                0x68000000                __NOR_PSRAM3_segment_end__ = 0x68000000
                0x64000000                __NOR_PSRAM2_segment_start__ = 0x64000000
                0x64000000                __NOR_PSRAM2_segment_end__ = 0x64000000
                0x60000000                __NOR_PSRAM1_segment_start__ = 0x60000000
                0x60000000                __NOR_PSRAM1_segment_end__ = 0x60000000
                0xe0000000                __PPB_segment_start__ = 0xe0000000
                0xe0100000                __PPB_segment_end__ = 0xe0100000
                0xe0042000                __DBG_segment_start__ = 0xe0042000
                0xe0042010                __DBG_segment_end__ = 0xe0042010
                0xe000e000                __CM3_System_Control_Space_segment_start__ = 0xe000e000
                0xe000f000                __CM3_System_Control_Space_segment_end__ = 0xe000f000
                0x00000400                __STACKSIZE__ = 0x400
                0x00000000                __STACKSIZE_PROCESS__ = 0x0
                0x00000000                __STACKSIZE_IRQ__ = 0x0
                0x00000000                __STACKSIZE_FIQ__ = 0x0
                0x00000000                __STACKSIZE_SVC__ = 0x0
                0x00000000                __STACKSIZE_ABT__ = 0x0
                0x00000000                __STACKSIZE_UND__ = 0x0
                0x00004800                __HEAPSIZE__ = 0x4800
                0x10000000                __ccm_load_start__ = ALIGN (__DATA_SRAM_segment_start__, 0x4)

.ccm            0x10000000     0xcf78
                0x10000000                __ccm_start__ = .
 *(.ccm .ccm.*)
 .ccm           0x10000000     0xa090 THUMB Release/util.o
                0x10000000                stackSizes
                0x10000018                stackFrees
                0x10000030                stackNames
                0x10000060                stackPointers
                0x10000090                ccmHeap
 .ccm           0x1000a090      0x5b4 THUMB Release/config.o
                0x1000a090                p
 .ccm           0x1000a644      0x2d4 THUMB Release/motors.o
                0x1000a644                motorsData
 .ccm           0x1000a918       0x18 THUMB Release/spektrum.o
                0x1000a918                spektrumData
 .ccm           0x1000a930       0xa0 THUMB Release/control.o
                0x1000a930                controlData
 .ccm           0x1000a9d0     0x1190 THUMB Release/comm.o
                0x1000a9d0                commData
 .ccm           0x1000bb60      0x570 THUMB Release/nav.o
                0x1000bb60                navData
 .ccm           0x1000c0d0       0x18 THUMB Release/telemetry.o
                0x1000c0d0                telemetryData
 .ccm           0x1000c0e8      0x224 THUMB Release/ublox.o
                0x1000c0e8                ubloxData
 *fill*         0x1000c30c        0x4 00
 .ccm           0x1000c310       0xa0 THUMB Release/gps.o
                0x1000c310                gpsData
 .ccm           0x1000c3b0      0x13c THUMB Release/command.o
                0x1000c3b0                commandData
 .ccm           0x1000c4ec       0x10 THUMB Release/logger.o
                0x1000c4ec                loggerData
 .ccm           0x1000c4fc       0x18 THUMB Release/rtc.o
                0x1000c4fc                rtcData
 .ccm           0x1000c514       0xf0 THUMB Release/sdio.o
                0x1000c514                sdioData
 .ccm           0x1000c604       0x14 THUMB Release/imu.o
                0x1000c604                imuData
 .ccm           0x1000c618      0x1c4 THUMB Release/supervisor.o
                0x1000c618                supervisorData
 .ccm           0x1000c7dc      0x14c THUMB Release/run.o
                0x1000c7dc                runData
 .ccm           0x1000c928       0xf0 THUMB Release/radio.o
                0x1000c928                radioData
 .ccm           0x1000ca18       0x20 THUMB Release/futaba.o
                0x1000ca18                futabaData
 .ccm           0x1000ca38       0x48 THUMB Release/ppm.o
                0x1000ca38                ppmData
 .ccm           0x1000ca80       0xfc THUMB Release/pwm.o
                0x1000ca80                pwmData
 *fill*         0x1000cb7c        0x4 00
 .ccm           0x1000cb80       0x40 THUMB Release/gimbal.o
                0x1000cb80                gimbalData
 .ccm           0x1000cbc0      0x120 THUMB Release/1wire.o
                0x1000cbc0                owData
 .ccm           0x1000cce0       0x18 THUMB Release/signaling.o
                0x1000cce0                sigData
 .ccm           0x1000ccf8       0x28 THUMB Release/d_imu.o
                0x1000ccf8                dImuData
 .ccm           0x1000cd20      0x20c THUMB Release/usb.o
                0x1000cd20                usbData
 .ccm           0x1000cf2c       0x24 THUMB Release/grhott.o
                0x1000cf2c                grhottData
 .ccm           0x1000cf50       0x28 THUMB Release/mlinkrx.o
                0x1000cf50                mlinkrxData
                0x1000cf78                __ccm_end__ = (__ccm_start__ + SIZEOF (.ccm))
                0x1000cf78                __ccm_load_end__ = __ccm_end__
                0x00000001                . = ASSERT (((__ccm_end__ >= __DATA_SRAM_segment_start__) && (__ccm_end__ <= __DATA_SRAM_segment_end__)), error: .ccm is too large to fit in DATA_SRAM memory segment)
                0x1000cf78                __stack_load_start__ = ALIGN (__ccm_end__, 0x4)

.stack          0x1000cf78      0x400
                0x1000cf78                __stack_start__ = .
 *(.stack .stack.*)
                0x1000d378                . = ALIGN (MAX ((__stack_start__ + __STACKSIZE__), .), 0x4)
 *fill*         0x1000cf78      0x400 00
                0x1000d378                __stack_end__ = (__stack_start__ + SIZEOF (.stack))
                0x1000d378                __stack_load_end__ = __stack_end__
                0x00000001                . = ASSERT (((__stack_end__ >= __DATA_SRAM_segment_start__) && (__stack_end__ <= __DATA_SRAM_segment_end__)), error: .stack is too large to fit in DATA_SRAM memory segment)
                0x1000d378                __stack_process_load_start__ = ALIGN (__stack_end__, 0x4)

.stack_process  0x1000d378        0x0
                0x1000d378                __stack_process_start__ = .
 *(.stack_process .stack_process.*)
                0x1000d378                . = ALIGN (MAX ((__stack_process_start__ + __STACKSIZE_PROCESS__), .), 0x4)
                0x1000d378                __stack_process_end__ = (__stack_process_start__ + SIZEOF (.stack_process))
                0x1000d378                __stack_process_load_end__ = __stack_process_end__
                0x1000d378                __DATA_SRAM_segment_used_end__ = (ALIGN (__stack_end__, 0x4) + SIZEOF (.stack_process))
                0x00000001                . = ASSERT (((__stack_process_end__ >= __DATA_SRAM_segment_start__) && (__stack_process_end__ <= __DATA_SRAM_segment_end__)), error: .stack_process is too large to fit in DATA_SRAM memory segment)
                0x20000000                __vectors_ram_load_start__ = ALIGN (__RAM_segment_start__, 0x100)

.vectors_ram    0x20000000        0x0
                0x20000000                __vectors_ram_start__ = .
 *(.vectors_ram .vectors_ram.*)
                0x20000000                __vectors_ram_end__ = (__vectors_ram_start__ + SIZEOF (.vectors_ram))
                0x20000000                __vectors_ram_load_end__ = __vectors_ram_end__
                0x00000001                . = ASSERT (((__vectors_ram_end__ >= __RAM_segment_start__) && (__vectors_ram_end__ <= __RAM_segment_end__)), error: .vectors_ram is too large to fit in RAM memory segment)
                0x08000000                __vectors_load_start__ = ALIGN (__FLASH_segment_start__, 0x100)

.vectors        0x08000000      0x188
                0x08000000                __vectors_start__ = .
 *(.vectors .vectors.*)
 .vectors       0x08000000      0x188 THUMB Release/STM32_Startup.o
                0x08000000                _vectors
                0x08000188                __vectors_end__ = (__vectors_start__ + SIZEOF (.vectors))
                0x08000188                __vectors_load_end__ = __vectors_end__
                0x00000001                . = ASSERT (((__vectors_end__ >= __FLASH_segment_start__) && (__vectors_end__ <= __FLASH_segment_end__)), error: .vectors is too large to fit in FLASH memory segment)
                0x08000188                __init_load_start__ = ALIGN (__vectors_end__, 0x4)

.init           0x08000188      0x230
                0x08000188                __init_start__ = .
 *(.init .init.*)
 .init          0x08000188      0x110 THUMB Release/STM32_Startup.o
                0x08000188                NMI_Handler
                0x0800018c                MemManage_Handler
                0x0800018e                BusFault_Handler
                0x08000190                UsageFault_Handler
                0x08000192                SVC_Handler
                0x08000194                DebugMon_Handler
                0x0800019a                WWDG_IRQHandler
                0x0800019c                PVD_IRQHandler
                0x0800019e                TAMP_STAMP_IRQHandler
                0x080001a2                FLASH_IRQHandler
                0x080001a4                RCC_IRQHandler
                0x080001b2                DMA1_Stream1_IRQHandler
                0x080001b4                DMA1_Stream2_IRQHandler
                0x080001b6                DMA1_Stream3_IRQHandler
                0x080001ba                DMA1_Stream5_IRQHandler
                0x080001bc                DMA1_Stream6_IRQHandler
                0x080001be                ADC_IRQHandler
                0x080001c0                CAN1_TX_IRQHandler
                0x080001c2                CAN1_RX0_IRQHandler
                0x080001c4                CAN1_RX1_IRQHandler
                0x080001c6                CAN1_SCE_IRQHandler
                0x080001cc                TIM1_UP_TIM10_IRQHandler
                0x080001ce                TIM1_TRG_COM_TIM11_IRQHandler
                0x080001d2                TIM2_IRQHandler
                0x080001d4                TIM3_IRQHandler
                0x080001d8                I2C1_EV_IRQHandler
                0x080001da                I2C1_ER_IRQHandler
                0x080001dc                I2C2_EV_IRQHandler
                0x080001de                I2C2_ER_IRQHandler
                0x080001e0                SPI1_IRQHandler
                0x080001e2                SPI2_IRQHandler
                0x080001ec                RTC_Alarm_IRQHandler
                0x080001f2                TIM8_UP_TIM13_IRQHandler
                0x080001f4                TIM8_TRG_COM_TIM14_IRQHandler
                0x080001f6                TIM8_CC_IRQHandler
                0x080001f8                DMA1_Stream7_IRQHandler
                0x080001fa                FSMC_IRQHandler
                0x08000200                SPI3_IRQHandler
                0x08000204                UART5_IRQHandler
                0x08000206                TIM6_DAC_IRQHandler
                0x0800020c                DMA2_Stream1_IRQHandler
                0x0800020e                DMA2_Stream2_IRQHandler
                0x08000212                DMA2_Stream4_IRQHandler
                0x0800021c                CAN2_RX1_IRQHandler
                0x0800021e                CAN2_SCE_IRQHandler
                0x08000222                DMA2_Stream5_IRQHandler
                0x0800022a                I2C3_EV_IRQHandler
                0x0800022c                I2C3_ER_IRQHandler
                0x0800022e                OTG_HS_EP1_OUT_IRQHandler
                0x08000230                OTG_HS_EP1_IN_IRQHandler
                0x08000232                OTG_HS_WKUP_IRQHandler
                0x08000234                OTG_HS_IRQHandler
                0x0800023a                HASH_RNG_IRQHandler
                0x0800023c                FPU_IRQHandler
                0x0800023e                reset_handler
 .init          0x08000298      0x120 THUMB Release/thumb_crt0.o
                0x08000298                _start
                0x08000324                exit
                0x080003b8                __init_end__ = (__init_start__ + SIZEOF (.init))
                0x080003b8                __init_load_end__ = __init_end__
                0x00000001                . = ASSERT (((__init_end__ >= __FLASH_segment_start__) && (__init_end__ <= __FLASH_segment_end__)), error: .init is too large to fit in FLASH memory segment)
                0x080003b8                __text_load_start__ = ALIGN (__init_end__, 0x4)

.text           0x080003b8    0x33b64
                0x080003b8                __text_start__ = .
 *(.text .text.* .glue_7t .glue_7 .gnu.linkonce.t.* .gcc_except_table)
 .glue_7        0x00000000        0x0 linker stubs
 .glue_7t       0x00000000        0x0 linker stubs
 .text.startup.main
                0x080003b8       0x54 THUMB Release/main_ctl.o
                0x080003b8                main
 .text.CoIdleTask
                0x0800040c       0x60 THUMB Release/main_ctl.o
                0x0800040c                CoIdleTask
 .text.HardFault_Handler
                0x0800046c        0x8 THUMB Release/main_ctl.o
                0x0800046c                HardFault_Handler
 .text.digitalInit
                0x08000474       0x64 THUMB Release/digital.o
                0x08000474                digitalInit
 .text.utilStackCheck
                0x080004d8       0xb4 THUMB Release/util.o
                0x080004d8                utilStackCheck
 .text.utilGetStackFree
                0x0800058c       0x50 THUMB Release/util.o
                0x0800058c                utilGetStackFree
 .text.aqCalloc
                0x080005dc       0x40 THUMB Release/util.o
                0x080005dc                aqCalloc
 .text.aqFree   0x0800061c       0x1c THUMB Release/util.o
                0x0800061c                aqFree
 .text.aqDataCalloc
                0x08000638       0x38 THUMB Release/util.o
                0x08000638                aqDataCalloc
 .text.aqStackInit
                0x08000670       0x74 THUMB Release/util.o
                0x08000670                aqStackInit
 .text.delayMicros
                0x080006e4       0x18 THUMB Release/util.o
                0x080006e4                delayMicros
 .text.delay    0x080006fc       0x1c THUMB Release/util.o
                0x080006fc                delay
 .text.utilSerialNoString
                0x08000718       0x44 THUMB Release/util.o
                0x08000718                utilSerialNoString
 .text.utilVersionString
                0x0800075c       0x44 THUMB Release/util.o
                0x0800075c                utilVersionString
 .text.info     0x080007a0      0x148 THUMB Release/util.o
                0x080007a0                info
 .text.utilFilterReset
                0x080008e8        0x8 THUMB Release/util.o
                0x080008e8                utilFilterReset
 .text.utilFilterInit
                0x080008f0       0x10 THUMB Release/util.o
                0x080008f0                utilFilterInit
 .text.utilFilterInit3
                0x08000900       0x20 THUMB Release/util.o
                0x08000900                utilFilterInit3
 .text.utilFilter
                0x08000920       0x1c THUMB Release/util.o
                0x08000920                utilFilter
 .text.utilFilter3
                0x0800093c       0x40 THUMB Release/util.o
                0x0800093c                utilFilter3
 .text.ftoa     0x0800097c      0x114 THUMB Release/util.o
                0x0800097c                ftoa
 .text.rccConfiguration
                0x08000a90       0xf0 THUMB Release/rcc.o
                0x08000a90                rccConfiguration
 .text.serialStartTxDMA
                0x08000b80       0x5c THUMB Release/serial.o
                0x08000b80                serialStartTxDMA
 .text._serialStartTxDMA
                0x08000bdc       0x2c THUMB Release/serial.o
                0x08000bdc                _serialStartTxDMA
 .text.serialUSART1
                0x08000c08       0xf0 THUMB Release/serial.o
                0x08000c08                serialUSART1
 .text.serialUSART4
                0x08000cf8       0xec THUMB Release/serial.o
                0x08000cf8                serialUSART4
 .text.serialUSART6
                0x08000de4       0xf8 THUMB Release/serial.o
                0x08000de4                serialUSART6
 .text.serialOpen
                0x08000edc      0x2e4 THUMB Release/serial.o
                0x08000edc                serialOpen
 .text.serialWrite
                0x080011c0       0x70 THUMB Release/serial.o
                0x080011c0                serialWrite
 .text.serialAvailable
                0x08001230       0x1c THUMB Release/serial.o
                0x08001230                serialAvailable
 .text.serialRead
                0x0800124c       0x38 THUMB Release/serial.o
                0x0800124c                serialRead
 .text.serialChangeBaud
                0x08001284       0x4c THUMB Release/serial.o
                0x08001284                serialChangeBaud
 .text.serialChangeParity
                0x080012d0       0x4c THUMB Release/serial.o
                0x080012d0                serialChangeParity
 .text.serialChangeStopBits
                0x0800131c       0x4c THUMB Release/serial.o
                0x0800131c                serialChangeStopBits
 .text.DMA2_Stream7_IRQHandler
                0x08001368       0x24 THUMB Release/serial.o
                0x08001368                DMA2_Stream7_IRQHandler
 .text.USART1_IRQHandler
                0x0800138c       0x70 THUMB Release/serial.o
                0x0800138c                USART1_IRQHandler
 .text.USART2_IRQHandler
                0x080013fc       0x70 THUMB Release/serial.o
                0x080013fc                USART2_IRQHandler
 .text.USART3_IRQHandler
                0x0800146c       0x70 THUMB Release/serial.o
                0x0800146c                USART3_IRQHandler
 .text.DMA1_Stream4_IRQHandler
                0x080014dc       0x24 THUMB Release/serial.o
                0x080014dc                DMA1_Stream4_IRQHandler
 .text.UART4_IRQHandler
                0x08001500       0x70 THUMB Release/serial.o
                0x08001500                UART4_IRQHandler
 .text.DMA2_Stream6_IRQHandler
                0x08001570       0x24 THUMB Release/serial.o
                0x08001570                DMA2_Stream6_IRQHandler
 .text.USART6_IRQHandler
                0x08001594       0x70 THUMB Release/serial.o
                0x08001594                USART6_IRQHandler
 .text.configLoadDefault
                0x08001604      0x830 THUMB Release/config.o
                0x08001604                configLoadDefault
 .text.configTokenStore
                0x08001e34       0x14 THUMB Release/config.o
                0x08001e34                configTokenStore
 .text.configTokenGet
                0x08001e48       0x18 THUMB Release/config.o
                0x08001e48                configTokenGet
 .text.configFlashRead
                0x08001e60       0x7c THUMB Release/config.o
                0x08001e60                configFlashRead
 .text.configFlashWrite
                0x08001edc      0x12c THUMB Release/config.o
                0x08001edc                configFlashWrite
 .text.configParameterRead
                0x08002008       0x34 THUMB Release/config.o
                0x08002008                configParameterRead
 .text.configParameterWrite
                0x0800203c       0x44 THUMB Release/config.o
                0x0800203c                configParameterWrite
 .text.configParseParams
                0x08002080      0x108 THUMB Release/config.o
                0x08002080                configParseParams
 .text.configReadFile
                0x08002188       0xb4 THUMB Release/config.o
                0x08002188                configReadFile
 .text.configInit
                0x0800223c      0x17c THUMB Release/config.o
                0x0800223c                configInit
 .text.configFormatParam
                0x080023b8       0x54 THUMB Release/config.o
                0x080023b8                configFormatParam
 .text.configWriteFile
                0x0800240c      0x1a0 THUMB Release/config.o
                0x0800240c                configWriteFile
 .text.configGetParamIdByName
                0x080025ac       0x4c THUMB Release/config.o
                0x080025ac                configGetParamIdByName
 .text.flashAddress
                0x080025f8       0xd8 THUMB Release/flash.o
                0x080025f8                flashAddress
 .text.flashErase
                0x080026d0      0x210 THUMB Release/flash.o
                0x080026d0                flashErase
 .text.flashStartAddr
                0x080028e0        0x8 THUMB Release/flash.o
                0x080028e0                flashStartAddr
 .text.flashSerno
                0x080028e8       0x10 THUMB Release/flash.o
                0x080028e8                flashSerno
 .text.motorsReceiveTelem
                0x080028f8       0x30 THUMB Release/motors.o
                0x080028f8                motorsReceiveTelem
 .text.motorsCanInit
                0x08002928       0xdc THUMB Release/motors.o
 .text.motorsSendValues
                0x08002a04      0x204 THUMB Release/motors.o
                0x08002a04                motorsSendValues
 .text.motorsOff
                0x08002c08      0x23c THUMB Release/motors.o
                0x08002c08                motorsOff
 .text.motorsCommands
                0x08002e44      0x894 THUMB Release/motors.o
                0x08002e44                motorsCommands
 .text.motorsArm
                0x080036d8      0x2d0 THUMB Release/motors.o
                0x080036d8                motorsArm
 .text.motorsDisarm
                0x080039a8       0x28 THUMB Release/motors.o
                0x080039a8                motorsDisarm
 .text.motorsInit
                0x080039d0      0x9a0 THUMB Release/motors.o
                0x080039d0                motorsInit
 .text.spektrumDecode
                0x08004370      0x4c8 THUMB Release/spektrum.o
                0x08004370                spektrumDecode
 .text.spektrumCharIn
                0x08004838       0x48 THUMB Release/spektrum.o
                0x08004838                spektrumCharIn
 .text.spektrumInit
                0x08004880       0x48 THUMB Release/spektrum.o
                0x08004880                spektrumInit
 .text.analogDecode
                0x080048c8      0x1d8 THUMB Release/analog.o
                0x080048c8                analogDecode
 .text.analogInit
                0x08004aa0      0x428 THUMB Release/analog.o
                0x08004aa0                analogInit
 .text.controlTaskCode
                0x08004ec8      0x5d0 THUMB Release/control.o
                0x08004ec8                controlTaskCode
 .text.controlInit
                0x08005498      0x228 THUMB Release/control.o
                0x08005498                controlInit
 .text._commSchedule
                0x080056c0       0x90 THUMB Release/comm.o
 .text.commTxFinished
                0x08005750       0x28 THUMB Release/comm.o
                0x08005750                commTxFinished
 .text.commTaskCode
                0x08005778      0x69c THUMB Release/comm.o
                0x08005778                commTaskCode
 .text.commGetNoticeBuf
                0x08005e14       0x24 THUMB Release/comm.o
                0x08005e14                commGetNoticeBuf
 .text.commNotice
                0x08005e38       0x1c THUMB Release/comm.o
                0x08005e38                commNotice
 .text.commStreamUsed
                0x08005e54        0xc THUMB Release/comm.o
                0x08005e54                commStreamUsed
 .text.commRegisterNoticeFunc
                0x08005e60       0x40 THUMB Release/comm.o
                0x08005e60                commRegisterNoticeFunc
 .text.commRegisterTelemFunc
                0x08005ea0       0x40 THUMB Release/comm.o
                0x08005ea0                commRegisterTelemFunc
 .text.commRegisterRcvrFunc
                0x08005ee0       0x48 THUMB Release/comm.o
                0x08005ee0                commRegisterRcvrFunc
 .text.commReadChar
                0x08005f28       0x54 THUMB Release/comm.o
                0x08005f28                commReadChar
 .text.commAvailable
                0x08005f7c       0x44 THUMB Release/comm.o
                0x08005f7c                commAvailable
 .text.commGetTxBuf
                0x08005fc0      0x14c THUMB Release/comm.o
                0x08005fc0                commGetTxBuf
 .text.commSendTxBuf
                0x0800610c      0x508 THUMB Release/comm.o
                0x0800610c                commSendTxBuf
 .text.commSetStreamType
                0x08006614       0x48 THUMB Release/comm.o
                0x08006614                commSetStreamType
 .text.commInit
                0x0800665c      0x1c4 THUMB Release/comm.o
                0x0800665c                commInit
 .text.commRegisterCanUart
                0x08006820       0x78 THUMB Release/comm.o
                0x08006820                commRegisterCanUart
 .text.CRYP_IRQHandler
                0x08006898       0x70 THUMB Release/comm.o
                0x08006898                CRYP_IRQHandler
 .text.navPressureAdjust
                0x08006908       0x24 THUMB Release/nav.o
                0x08006908                navPressureAdjust
 .text.navSetHomeCurrent
                0x0800692c       0xa0 THUMB Release/nav.o
                0x0800692c                navSetHomeCurrent
 .text.navRecallHome
                0x080069cc       0xb8 THUMB Release/nav.o
                0x080069cc                navRecallHome
 *fill*         0x08006a84        0x4 00
 .text.navSetHfReference
                0x08006a88      0x118 THUMB Release/nav.o
                0x08006a88                navSetHfReference
 .text.navSetHeadFreeMode
                0x08006ba0      0x108 THUMB Release/nav.o
                0x08006ba0                navSetHeadFreeMode
 .text.navLoadLeg
                0x08006ca8      0x264 THUMB Release/nav.o
                0x08006ca8                navLoadLeg
 .text.navNavigate
                0x08006f0c      0xf04 THUMB Release/nav.o
                0x08006f0c                navNavigate
 .text.navInit  0x08007e10      0x1c0 THUMB Release/nav.o
                0x08007e10                navInit
 .text.navGetWaypointCount
                0x08007fd0       0x34 THUMB Release/nav.o
                0x08007fd0                navGetWaypointCount
 .text.navClearWaypoints
                0x08008004       0x34 THUMB Release/nav.o
                0x08008004                navClearWaypoints
 .text.navGetWaypoint
                0x08008038       0x14 THUMB Release/nav.o
                0x08008038                navGetWaypoint
 .text.navGetHomeWaypoint
                0x0800804c        0x8 THUMB Release/nav.o
                0x0800804c                navGetHomeWaypoint
 .text.navCalcDistance
                0x08008054       0x64 THUMB Release/nav.o
                0x08008054                navCalcDistance
 .text.navCalcBearing
                0x080080b8       0x98 THUMB Release/nav.o
                0x080080b8                navCalcBearing
 .text.telemetrySendNotice
                0x08008150       0x5c THUMB Release/telemetry.o
                0x08008150                telemetrySendNotice
 .text.telemetryDo
                0x080081ac     0x1464 THUMB Release/telemetry.o
                0x080081ac                telemetryDo
 .text.telemetryEnable
                0x08009610       0x10 THUMB Release/telemetry.o
                0x08009610                telemetryEnable
 .text.telemetryDisable
                0x08009620       0x10 THUMB Release/telemetry.o
                0x08009620                telemetryDisable
 .text.telemetryInit
                0x08009630       0x30 THUMB Release/telemetry.o
                0x08009630                telemetryInit
 .text.ubloxEnableMessage
                0x08009660      0x13c THUMB Release/ublox.o
 .text.ubloxSetRate
                0x0800979c      0x180 THUMB Release/ublox.o
 .text.ubloxSetSBAS.constprop.5
                0x0800991c      0x18c THUMB Release/ublox.o
 .text.ubloxInitGps
                0x08009aa8      0x2b4 THUMB Release/ublox.o
                0x08009aa8                ubloxInitGps
 .text.ubloxSendSetup
                0x08009d5c      0x540 THUMB Release/ublox.o
                0x08009d5c                ubloxSendSetup
 .text.ubloxInit
                0x0800a29c       0x24 THUMB Release/ublox.o
                0x0800a29c                ubloxInit
 .text.ubloxPublish
                0x0800a2c0      0x4d8 THUMB Release/ublox.o
                0x0800a2c0                ubloxPublish
 .text.ubloxCharIn
                0x0800a798      0x184 THUMB Release/ublox.o
                0x0800a798                ubloxCharIn
 .text.pidInit  0x0800a91c       0x44 THUMB Release/pid.o
                0x0800a91c                pidInit
 .text.pidUpdate
                0x0800a960      0x1c0 THUMB Release/pid.o
                0x0800a960                pidUpdate
 .text.pidZeroIntegral
                0x0800ab20       0x34 THUMB Release/pid.o
                0x0800ab20                pidZeroIntegral
 .text._mav_finalize_message_chan_send.constprop.30
                0x0800ab54      0x224 THUMB Release/aq_mavlink.o
 .text.mavlinkSendNotice
                0x0800ad78      0x1b4 THUMB Release/aq_mavlink.o
                0x0800ad78                mavlinkSendNotice
 .text.mavlink_msg_param_value_send.constprop.23
                0x0800af2c      0x1c4 THUMB Release/aq_mavlink.o
 .text.mavlinkWpReached
                0x0800b0f0      0x168 THUMB Release/aq_mavlink.o
                0x0800b0f0                mavlinkWpReached
 .text.mavlinkWpAnnounceCurrent
                0x0800b258      0x168 THUMB Release/aq_mavlink.o
                0x0800b258                mavlinkWpAnnounceCurrent
 .text.mavlinkAnnounceHome
                0x0800b3c0      0x4e8 THUMB Release/aq_mavlink.o
                0x0800b3c0                mavlinkAnnounceHome
 .text.mavlinkSetSystemData
                0x0800b8a8       0xf0 THUMB Release/aq_mavlink.o
                0x0800b8a8                mavlinkSetSystemData
 .text.mavlinkDo
                0x0800b998     0x29e8 THUMB Release/aq_mavlink.o
                0x0800b998                mavlinkDo
 .text.mavlinkDoCommand
                0x0800e380      0x564 THUMB Release/aq_mavlink.o
                0x0800e380                mavlinkDoCommand
 .text.mavlinkRecvTaskCode
                0x0800e8e4     0x2484 THUMB Release/aq_mavlink.o
                0x0800e8e4                mavlinkRecvTaskCode
 .text.mavlinkSendParameter
                0x08010d68      0x1c0 THUMB Release/aq_mavlink.o
                0x08010d68                mavlinkSendParameter
 .text.mavlinkInit
                0x08010f28      0x454 THUMB Release/aq_mavlink.o
                0x08010f28                mavlinkInit
 .text.compassNormalize
                0x0801137c       0x40 THUMB Release/compass.o
                0x0801137c                compassNormalize
 .text.compassDifference
                0x080113bc       0x54 THUMB Release/compass.o
                0x080113bc                compassDifference
 .text.gpsPassThrough
                0x08011410       0x28 THUMB Release/gps.o
                0x08011410                gpsPassThrough
 .text.gpsTaskCode
                0x08011438      0x158 THUMB Release/gps.o
                0x08011438                gpsTaskCode
 .text.gpsInit  0x08011590       0xc0 THUMB Release/gps.o
                0x08011590                gpsInit
 .text.gpsSendPacket
                0x08011650       0x5c THUMB Release/gps.o
                0x08011650                gpsSendPacket
 .text.commandResponseSend
                0x080116ac      0x1a4 THUMB Release/command.o
 .text.commandRespond
                0x08011850       0x2c THUMB Release/command.o
 .text.commandTaskCode
                0x0801187c      0x3a8 THUMB Release/command.o
                0x0801187c                commandTaskCode
 .text.commandInit
                0x08011c24       0x38 THUMB Release/command.o
                0x08011c24                commandInit
 .text.timerInit
                0x08011c5c      0x128 THUMB Release/aq_timer.o
                0x08011c5c                timerInit
 .text.timerSetAlarm1
                0x08011d84       0x30 THUMB Release/aq_timer.o
                0x08011d84                timerSetAlarm1
 .text.timerSetAlarm2
                0x08011db4       0x30 THUMB Release/aq_timer.o
                0x08011db4                timerSetAlarm2
 .text.timerSetAlarm3
                0x08011de4       0x30 THUMB Release/aq_timer.o
                0x08011de4                timerSetAlarm3
 .text.TIM5_IRQHandler
                0x08011e14      0x104 THUMB Release/aq_timer.o
                0x08011e14                TIM5_IRQHandler
 .text.aqInit   0x08011f18       0xa8 THUMB Release/aq_init.o
                0x08011f18                aqInit
 .text.loggerCopy8
                0x08011fc0       0x10 THUMB Release/logger.o
                0x08011fc0                loggerCopy8
 .text.loggerCopy4
                0x08011fd0        0x8 THUMB Release/logger.o
                0x08011fd0                loggerCopy4
 .text.loggerCopy2
                0x08011fd8        0x8 THUMB Release/logger.o
                0x08011fd8                loggerCopy2
 .text.loggerCopy1
                0x08011fe0        0x8 THUMB Release/logger.o
                0x08011fe0                loggerCopy1
 .text.loggerDoHeader
                0x08011fe8       0xac THUMB Release/logger.o
                0x08011fe8                loggerDoHeader
 .text.loggerDo
                0x08012094       0xcc THUMB Release/logger.o
                0x08012094                loggerDo
 .text.loggerSetup
                0x08012160      0x5e0 THUMB Release/logger.o
                0x08012160                loggerSetup
 .text.loggerInit
                0x08012740       0x50 THUMB Release/logger.o
                0x08012740                loggerInit
 .text.rtcSetDataTime
                0x08012790      0x2dc THUMB Release/rtc.o
                0x08012790                rtcSetDataTime
 .text.rtcGetDateTime
                0x08012a6c       0x48 THUMB Release/rtc.o
                0x08012a6c                rtcGetDateTime
 .text.rtcInit  0x08012ab4      0x1a4 THUMB Release/rtc.o
                0x08012ab4                rtcInit
 .text.RTC_WKUP_IRQHandler
                0x08012c58       0x24 THUMB Release/rtc.o
                0x08012c58                RTC_WKUP_IRQHandler
 .text.CmdResp1Error.part.0
                0x08012c7c       0xbc THUMB Release/sdio.o
 .text.sdioIntHandler
                0x08012d38       0x44 THUMB Release/sdio.o
                0x08012d38                sdioIntHandler
 .text.SDEnWideBus
                0x08012d7c      0x320 THUMB Release/sdio.o
 .text.SD_PowerON
                0x0801309c      0x2b4 THUMB Release/sdio.o
                0x0801309c                SD_PowerON
 .text.SD_InitializeCards
                0x08013350      0x180 THUMB Release/sdio.o
                0x08013350                SD_InitializeCards
 .text.SD_GetCardInfo
                0x080134d0      0x298 THUMB Release/sdio.o
                0x080134d0                SD_GetCardInfo
 .text.sdioLowLevelInit
                0x08013768      0x154 THUMB Release/sdio.o
                0x08013768                sdioLowLevelInit
 .text.sdioInit
                0x080138bc      0x118 THUMB Release/sdio.o
                0x080138bc                sdioInit
 .text.SD_ReadBlock
                0x080139d4      0x19c THUMB Release/sdio.o
                0x080139d4                SD_ReadBlock
 .text.SD_ReadMultiBlocks
                0x08013b70      0x1a4 THUMB Release/sdio.o
                0x08013b70                SD_ReadMultiBlocks
 .text.SD_WriteBlock
                0x08013d14      0x1c4 THUMB Release/sdio.o
                0x08013d14                SD_WriteBlock
 .text.SD_WriteMultiBlocks
                0x08013ed8      0x23c THUMB Release/sdio.o
                0x08013ed8                SD_WriteMultiBlocks
 .text.SD_SendSDStatus
                0x08014114      0x248 THUMB Release/sdio.o
                0x08014114                SD_SendSDStatus
 .text.SD_GetCardStatus
                0x0801435c       0xa4 THUMB Release/sdio.o
                0x0801435c                SD_GetCardStatus
 .text.get_fattime
                0x08014400        0x4 THUMB Release/sdio.o
                0x08014400                get_fattime
 .text.disk_initialize
                0x08014404       0x48 THUMB Release/sdio.o
                0x08014404                disk_initialize
 .text.disk_status
                0x0801444c       0x54 THUMB Release/sdio.o
                0x0801444c                disk_status
 .text.disk_read
                0x080144a0      0x190 THUMB Release/sdio.o
                0x080144a0                disk_read
 .text.disk_write
                0x08014630      0x190 THUMB Release/sdio.o
                0x08014630                disk_write
 .text.disk_ioctl
                0x080147c0      0x13c THUMB Release/sdio.o
                0x080147c0                disk_ioctl
 .text.sdioSetCallback
                0x080148fc       0x14 THUMB Release/sdio.o
                0x080148fc                sdioSetCallback
 .text.SD_ProcessIRQSrc
                0x08014910      0x134 THUMB Release/sdio.o
                0x08014910                SD_ProcessIRQSrc
 .text.SD_Initialized
                0x08014a44        0xc THUMB Release/sdio.o
                0x08014a44                SD_Initialized
 .text.SD_TransferComplete
                0x08014a50        0xc THUMB Release/sdio.o
                0x08014a50                SD_TransferComplete
 .text.SDIO_IRQHandler
                0x08014a5c        0x4 THUMB Release/sdio.o
                0x08014a5c                SDIO_IRQHandler
 .text.DMA2_Stream3_IRQHandler
                0x08014a60       0x24 THUMB Release/sdio.o
                0x08014a60                DMA2_Stream3_IRQHandler
 .text.imuQuasiStatic
                0x08014a84       0xf0 THUMB Release/imu.o
                0x08014a84                imuQuasiStatic
 .text.imuInit  0x08014b74       0x68 THUMB Release/imu.o
                0x08014b74                imuInit
 .text.imuDImuDRateReady
                0x08014bdc       0x14 THUMB Release/imu.o
                0x08014bdc                imuDImuDRateReady
 .text.imuDImuSensorReady
                0x08014bf0       0x14 THUMB Release/imu.o
                0x08014bf0                imuDImuSensorReady
 .text.supervisorCreateSOCTable
                0x08014c04      0x130 THUMB Release/supervisor.o
                0x08014c04                supervisorCreateSOCTable
 .text.supervisorTaskCode
                0x08014d34      0xc98 THUMB Release/supervisor.o
                0x08014d34                supervisorTaskCode
 .text.supervisorDisarm
                0x080159cc       0x48 THUMB Release/supervisor.o
                0x080159cc                supervisorDisarm
 .text.supervisorCalibrate
                0x08015a14       0x24 THUMB Release/supervisor.o
                0x08015a14                supervisorCalibrate
 .text.supervisorTare
                0x08015a38       0x38 THUMB Release/supervisor.o
                0x08015a38                supervisorTare
 .text.supervisorInitComplete
                0x08015a70       0x48 THUMB Release/supervisor.o
                0x08015a70                supervisorInitComplete
 .text.supervisorDiskWait
                0x08015ab8       0x10 THUMB Release/supervisor.o
                0x08015ab8                supervisorDiskWait
 .text.supervisorThrottleUp
                0x08015ac8       0x20 THUMB Release/supervisor.o
                0x08015ac8                supervisorThrottleUp
 .text.supervisorSendDataStart
                0x08015ae8       0x38 THUMB Release/supervisor.o
                0x08015ae8                supervisorSendDataStart
 .text.supervisorSendDataStop
                0x08015b20       0x38 THUMB Release/supervisor.o
                0x08015b20                supervisorSendDataStop
 .text.supervisorConfigRead
                0x08015b58       0x14 THUMB Release/supervisor.o
                0x08015b58                supervisorConfigRead
 .text.supervisorInit
                0x08015b6c       0x88 THUMB Release/supervisor.o
                0x08015b6c                supervisorInit
 .text.fpuInit  0x08015bf4       0x1c THUMB Release/fpu.o
                0x08015bf4                fpuInit
 .text.navUkfRateUpdate
                0x08015c10       0x24 THUMB Release/nav_ukf.o
                0x08015c10                navUkfRateUpdate
 .text.navUkfPresUpdate
                0x08015c34       0x14 THUMB Release/nav_ukf.o
                0x08015c34                navUkfPresUpdate
 .text.navUkfPresGPSAltUpdate
                0x08015c48       0x24 THUMB Release/nav_ukf.o
                0x08015c48                navUkfPresGPSAltUpdate
 .text.navUkfPosUpdate
                0x08015c6c       0x34 THUMB Release/nav_ukf.o
                0x08015c6c                navUkfPosUpdate
 .text.navUkfVelUpdate
                0x08015ca0       0x34 THUMB Release/nav_ukf.o
                0x08015ca0                navUkfVelUpdate
 .text.navUkfOfPosUpdate
                0x08015cd4       0x34 THUMB Release/nav_ukf.o
                0x08015cd4                navUkfOfPosUpdate
 .text.navUkfQuatToMatrix.constprop.0
                0x08015d08      0x120 THUMB Release/nav_ukf.o
 .text.navUkfTimeUpdate
                0x08015e28      0x428 THUMB Release/nav_ukf.o
                0x08015e28                navUkfTimeUpdate
 .text.navUkfPresToAlt
                0x08016250       0x30 THUMB Release/nav_ukf.o
                0x08016250                navUkfPresToAlt
 .text.navUkfSetGlobalPositionTarget
                0x08016280      0x158 THUMB Release/nav_ukf.o
                0x08016280                navUkfSetGlobalPositionTarget
 .text.navUkfSetHereAsPositionTarget
                0x080163d8      0x264 THUMB Release/nav_ukf.o
                0x080163d8                navUkfSetHereAsPositionTarget
 .text.navUkfRotateVectorByQuat
                0x0801663c       0xf4 THUMB Release/nav_ukf.o
                0x0801663c                navUkfRotateVectorByQuat
 .text.navUkfAccUpdate
                0x08016730       0x74 THUMB Release/nav_ukf.o
                0x08016730                navUkfAccUpdate
 .text.navUkfFinish
                0x080167a4      0x13c THUMB Release/nav_ukf.o
                0x080167a4                navUkfFinish
 .text.navUkfInertialUpdate
                0x080168e0       0xb0 THUMB Release/nav_ukf.o
                0x080168e0                navUkfInertialUpdate
 .text.navUkfZeroRate
                0x08016990       0x48 THUMB Release/nav_ukf.o
                0x08016990                navUkfZeroRate
 .text.simDoPresUpdate
                0x080169d8       0x88 THUMB Release/nav_ukf.o
                0x080169d8                simDoPresUpdate
 .text.simDoAccUpdate
                0x08016a60       0xc0 THUMB Release/nav_ukf.o
                0x08016a60                simDoAccUpdate
 .text.navUkfZeroPos
                0x08016b20       0x98 THUMB Release/nav_ukf.o
                0x08016b20                navUkfZeroPos
 .text.navUkfGpsPosUpdate
                0x08016bb8      0x478 THUMB Release/nav_ukf.o
                0x08016bb8                navUkfGpsPosUpdate
 .text.navUkfZeroVel
                0x08017030       0x64 THUMB Release/nav_ukf.o
                0x08017030                navUkfZeroVel
 .text.navUkfGpsVelUpdate
                0x08017094      0x178 THUMB Release/nav_ukf.o
                0x08017094                navUkfGpsVelUpdate
 .text.navUkfFlowUpdate
                0x0801720c      0x294 THUMB Release/nav_ukf.o
                0x0801720c                navUkfFlowUpdate
 .text.navUkfOpticalFlow
                0x080174a0       0xa4 THUMB Release/nav_ukf.o
                0x080174a0                navUkfOpticalFlow
 .text.navUkfResetBias
                0x08017544       0x1c THUMB Release/nav_ukf.o
                0x08017544                navUkfResetBias
 .text.navUkfResetVels
                0x08017560       0x18 THUMB Release/nav_ukf.o
                0x08017560                navUkfResetVels
 .text.navUkfInitState
                0x08017578      0x2b4 THUMB Release/nav_ukf.o
                0x08017578                navUkfInitState
 .text.navUkfInit
                0x0801782c      0x1f4 THUMB Release/nav_ukf.o
                0x0801782c                navUkfInit
 .text.altUkfTimeUpdate
                0x08017a20      0x188 THUMB Release/alt_ukf.o
                0x08017a20                altUkfTimeUpdate
 .text.altUkfPresUpdate
                0x08017ba8       0x14 THUMB Release/alt_ukf.o
                0x08017ba8                altUkfPresUpdate
 .text.altUkfProcess
                0x08017bbc       0xac THUMB Release/alt_ukf.o
                0x08017bbc                altUkfProcess
 .text.altUkfInit
                0x08017c68       0x90 THUMB Release/alt_ukf.o
                0x08017c68                altUkfInit
 .text.runTaskCode
                0x08017cf8      0x5ac THUMB Release/run.o
                0x08017cf8                runTaskCode
 .text.runInit  0x080182a4      0x35c THUMB Release/run.o
                0x080182a4                runInit
 .text.radioTaskCode
                0x08018600      0x278 THUMB Release/radio.o
                0x08018600                radioTaskCode
 .text.radioInit
                0x08018878      0x424 THUMB Release/radio.o
                0x08018878                radioInit
 .text.futabaDecode
                0x08018c9c      0x134 THUMB Release/futaba.o
                0x08018c9c                futabaDecode
 .text.futabaCharIn
                0x08018dd0       0x84 THUMB Release/futaba.o
                0x08018dd0                futabaCharIn
 .text.futabaInit
                0x08018e54       0x48 THUMB Release/futaba.o
                0x08018e54                futabaInit
 .text.ppmCallback
                0x08018e9c       0xb0 THUMB Release/ppm.o
                0x08018e9c                ppmCallback
 .text.ppmInit  0x08018f4c       0x30 THUMB Release/ppm.o
                0x08018f4c                ppmInit
 .text.ppmDataAvailable
                0x08018f7c       0xdc THUMB Release/ppm.o
                0x08018f7c                ppmDataAvailable
 .text.ppmGetSignalQuality
                0x08019058       0x10 THUMB Release/ppm.o
                0x08019058                ppmGetSignalQuality
 .text.filerProcessStream
                0x08019068       0xdc THUMB Release/filer.o
 .text.filerInitFS
                0x08019144      0x158 THUMB Release/filer.o
                0x08019144                filerInitFS
 .text.filerTaskCode
                0x0801929c      0x6a4 THUMB Release/filer.o
                0x0801929c                filerTaskCode
 .text.filerInit
                0x08019940       0x60 THUMB Release/filer.o
                0x08019940                filerInit
 .text.filerGetHandle
                0x080199a0       0xac THUMB Release/filer.o
                0x080199a0                filerGetHandle
 .text.filerRead
                0x08019a4c       0x54 THUMB Release/filer.o
                0x08019a4c                filerRead
 .text.filerWrite
                0x08019aa0       0x54 THUMB Release/filer.o
                0x08019aa0                filerWrite
 .text.filerClose
                0x08019af4       0x4c THUMB Release/filer.o
                0x08019af4                filerClose
 .text.filerGetHead
                0x08019b40       0x18 THUMB Release/filer.o
                0x08019b40                filerGetHead
 .text.filerSetHead
                0x08019b58       0x18 THUMB Release/filer.o
                0x08019b58                filerSetHead
 .text.filerStream
                0x08019b70       0x38 THUMB Release/filer.o
                0x08019b70                filerStream
 .text.filerAvailable
                0x08019ba8        0xc THUMB Release/filer.o
                0x08019ba8                filerAvailable
 .text.pwmZeroTimers
                0x08019bb4       0x68 THUMB Release/pwm.o
                0x08019bb4                pwmZeroTimers
 .text.pwmCheckTimer
                0x08019c1c       0x10 THUMB Release/pwm.o
                0x08019c1c                pwmCheckTimer
 .text.pwmInitOut
                0x08019c2c      0x230 THUMB Release/pwm.o
                0x08019c2c                pwmInitOut
 .text.pwmInitDigitalOut
                0x08019e5c       0x8c THUMB Release/pwm.o
                0x08019e5c                pwmInitDigitalOut
 .text.pwmInitIn
                0x08019ee8      0x1c8 THUMB Release/pwm.o
                0x08019ee8                pwmInitIn
 .text.TIM1_CC_IRQHandler
                0x0801a0b0        0x4 THUMB Release/pwm.o
                0x0801a0b0                TIM1_CC_IRQHandler
 .text.TIM4_IRQHandler
                0x0801a0b4      0x120 THUMB Release/pwm.o
                0x0801a0b4                TIM4_IRQHandler
 .text.TIM1_BRK_TIM9_IRQHandler
                0x0801a1d4       0x54 THUMB Release/pwm.o
                0x0801a1d4                TIM1_BRK_TIM9_IRQHandler
 .text.gimbalInit
                0x0801a228      0x4ec THUMB Release/gimbal.o
                0x0801a228                gimbalInit
 .text.gimbalUpdate
                0x0801a714      0x584 THUMB Release/gimbal.o
                0x0801a714                gimbalUpdate
 .text.owWriteBit1ISR
                0x0801ac98       0x34 THUMB Release/1wire.o
                0x0801ac98                owWriteBit1ISR
 .text.owWriteBit0ISR
                0x0801accc       0x2c THUMB Release/1wire.o
                0x0801accc                owWriteBit0ISR
 .text.owReadBitISR
                0x0801acf8       0x90 THUMB Release/1wire.o
                0x0801acf8                owReadBitISR
 .text.owResetISR
                0x0801ad88       0x90 THUMB Release/1wire.o
                0x0801ad88                owResetISR
 .text.owWriteByteISR
                0x0801ae18       0x58 THUMB Release/1wire.o
                0x0801ae18                owWriteByteISR
 .text.owReadByteISR
                0x0801ae70       0x60 THUMB Release/1wire.o
                0x0801ae70                owReadByteISR
 .text.owTransactionISR.part.5
                0x0801aed0       0xf8 THUMB Release/1wire.o
 .text.owTransactionISR
                0x0801afc8       0xb0 THUMB Release/1wire.o
                0x0801afc8                owTransactionISR
 .text.owTransaction
                0x0801b078       0x54 THUMB Release/1wire.o
                0x0801b078                owTransaction
 .text.owInit   0x0801b0cc       0x68 THUMB Release/1wire.o
                0x0801b0cc                owInit
 .text.esc32ReadFile.constprop.0
                0x0801b134      0xc28 THUMB Release/esc32.o
 .text.esc32SetupCan
                0x0801bd5c      0x138 THUMB Release/esc32.o
                0x0801bd5c                esc32SetupCan
 .text.esc32SetupOw
                0x0801be94      0x764 THUMB Release/esc32.o
                0x0801be94                esc32SetupOw
 .text.spiStartTxn
                0x0801c5f8      0x11c THUMB Release/spi.o
 .text.spiEndTxn
                0x0801c714       0xe0 THUMB Release/spi.o
 .text.spi1Init
                0x0801c7f4      0x294 THUMB Release/spi.o
                0x0801c7f4                spi1Init
 .text.spi3Init
                0x0801ca88      0x2ac THUMB Release/spi.o
                0x0801ca88                spi3Init
 .text.spiChangeBaud
                0x0801cd34       0x40 THUMB Release/spi.o
                0x0801cd34                spiChangeBaud
 .text.spiChangeCallback
                0x0801cd74        0x4 THUMB Release/spi.o
                0x0801cd74                spiChangeCallback
 .text.spiTransaction
                0x0801cd78       0x80 THUMB Release/spi.o
                0x0801cd78                spiTransaction
 .text.spiClientInit
                0x0801cdf8       0xa0 THUMB Release/spi.o
                0x0801cdf8                spiClientInit
 .text.spiClientFree
                0x0801ce98        0xc THUMB Release/spi.o
                0x0801ce98                spiClientFree
 .text.DMA2_Stream0_IRQHandler
                0x0801cea4        0xc THUMB Release/spi.o
                0x0801cea4                DMA2_Stream0_IRQHandler
 .text.DMA1_Stream0_IRQHandler
                0x0801ceb0        0xc THUMB Release/spi.o
                0x0801ceb0                DMA1_Stream0_IRQHandler
 .text.ETH_IRQHandler
                0x0801cebc        0xc THUMB Release/spi.o
                0x0801cebc                ETH_IRQHandler
 .text.ETH_WKUP_IRQHandler
                0x0801cec8        0xc THUMB Release/spi.o
                0x0801cec8                ETH_WKUP_IRQHandler
 .text.DCMI_IRQHandler
                0x0801ced4        0xc THUMB Release/spi.o
                0x0801ced4                DCMI_IRQHandler
 .text.signalingWriteOutput
                0x0801cee0       0xcc THUMB Release/signaling.o
                0x0801cee0                signalingWriteOutput
 .text.signalingInit
                0x0801cfac      0x228 THUMB Release/signaling.o
                0x0801cfac                signalingInit
 .text.signalingOnetimeEvent
                0x0801d1d4       0x24 THUMB Release/signaling.o
                0x0801d1d4                signalingOnetimeEvent
 .text.signalingEvent
                0x0801d1f8      0x12c THUMB Release/signaling.o
                0x0801d1f8                signalingEvent
 .text.extRegisterCallback
                0x0801d324      0x24c THUMB Release/ext_irq.o
                0x0801d324                extRegisterCallback
 .text.EXTI0_IRQHandler
                0x0801d570       0x1c THUMB Release/ext_irq.o
                0x0801d570                EXTI0_IRQHandler
 .text.EXTI1_IRQHandler
                0x0801d58c       0x1c THUMB Release/ext_irq.o
                0x0801d58c                EXTI1_IRQHandler
 .text.EXTI2_IRQHandler
                0x0801d5a8       0x1c THUMB Release/ext_irq.o
                0x0801d5a8                EXTI2_IRQHandler
 .text.EXTI3_IRQHandler
                0x0801d5c4       0x1c THUMB Release/ext_irq.o
                0x0801d5c4                EXTI3_IRQHandler
 .text.EXTI4_IRQHandler
                0x0801d5e0       0x1c THUMB Release/ext_irq.o
                0x0801d5e0                EXTI4_IRQHandler
 .text.EXTI9_5_IRQHandler
                0x0801d5fc       0x78 THUMB Release/ext_irq.o
                0x0801d5fc                EXTI9_5_IRQHandler
 .text.EXTI15_10_IRQHandler
                0x0801d674       0x94 THUMB Release/ext_irq.o
                0x0801d674                EXTI15_10_IRQHandler
 .text.canProcessMessage
                0x0801d708      0x1d0 THUMB Release/can.o
 .text.canSendBulkFinish
                0x0801d8d8       0x10 THUMB Release/can.o
                0x0801d8d8                canSendBulkFinish
 .text.canSend  0x0801d8e8       0xbc THUMB Release/can.o
                0x0801d8e8                canSend
 .text.canSendBulk
                0x0801d9a4       0xb0 THUMB Release/can.o
                0x0801d9a4                canSendBulk
 .text.canAck   0x0801da54       0x74 THUMB Release/can.o
                0x0801da54                canAck
 .text.canGetVersion
                0x0801dac8      0x114 THUMB Release/can.o
                0x0801dac8                canGetVersion
 .text.canGetState
                0x0801dbdc       0xe8 THUMB Release/can.o
                0x0801dbdc                canGetState
 .text.canGetParamIdByName
                0x0801dcc4      0x174 THUMB Release/can.o
                0x0801dcc4                canGetParamIdByName
 .text.canGetParamById
                0x0801de38      0x104 THUMB Release/can.o
                0x0801de38                canGetParamById
 .text.canSetRunMode
                0x0801df3c       0xfc THUMB Release/can.o
                0x0801df3c                canSetRunMode
 .text.canSetGroup
                0x0801e038      0x11c THUMB Release/can.o
                0x0801e038                canSetGroup
 .text.canSetParamById
                0x0801e154       0xec THUMB Release/can.o
                0x0801e154                canSetParamById
 .text.canSetParamByName
                0x0801e240       0xf8 THUMB Release/can.o
                0x0801e240                canSetParamByName
 .text.canCommandArm
                0x0801e338       0x8c THUMB Release/can.o
                0x0801e338                canCommandArm
 .text.canCommandDisarm
                0x0801e3c4       0x8c THUMB Release/can.o
                0x0801e3c4                canCommandDisarm
 .text.canCommandConfigWrite
                0x0801e450       0xe8 THUMB Release/can.o
                0x0801e450                canCommandConfigWrite
 .text.canSetTelemetryValue
                0x0801e538      0x10c THUMB Release/can.o
                0x0801e538                canSetTelemetryValue
 .text.canSetTelemetryValueNoWait
                0x0801e644       0xa0 THUMB Release/can.o
                0x0801e644                canSetTelemetryValueNoWait
 .text.canSetTelemetryRate
                0x0801e6e4      0x10c THUMB Release/can.o
                0x0801e6e4                canSetTelemetryRate
 .text.canSetTelemetryRateNoWait
                0x0801e7f0       0xa0 THUMB Release/can.o
                0x0801e7f0                canSetTelemetryRateNoWait
 .text.canCommandSetpoint16
                0x0801e890       0x6c THUMB Release/can.o
                0x0801e890                canCommandSetpoint16
 .text.canCheckMessage
                0x0801e8fc       0x54 THUMB Release/can.o
                0x0801e8fc                canCheckMessage
 .text.canFindNode
                0x0801e950       0x60 THUMB Release/can.o
                0x0801e950                canFindNode
 .text.canTelemRegister
                0x0801e9b0       0x14 THUMB Release/can.o
                0x0801e9b0                canTelemRegister
 .text.canLowLevelInit
                0x0801e9c4       0xe0 THUMB Release/can.o
                0x0801e9c4                canLowLevelInit
 .text.canInit  0x0801eaa4      0x184 THUMB Release/can.o
                0x0801eaa4                canInit
 .text.CAN2_RX0_IRQHandler
                0x0801ec28       0x64 THUMB Release/can.o
                0x0801ec28                CAN2_RX0_IRQHandler
 .text.CAN2_TX_IRQHandler
                0x0801ec8c      0x104 THUMB Release/can.o
                0x0801ec8c                CAN2_TX_IRQHandler
 .text.canSensorsReceiveTelem
                0x0801ed90       0x74 THUMB Release/canSensors.o
                0x0801ed90                canSensorsReceiveTelem
 .text.canSensorsInit
                0x0801ee04      0x24c THUMB Release/canSensors.o
                0x0801ee04                canSensorsInit
 .text.canUartAvailable
                0x0801f050       0x10 THUMB Release/canUart.o
                0x0801f050                canUartAvailable
 .text.canUartReadChar
                0x0801f060       0x2c THUMB Release/canUart.o
                0x0801f060                canUartReadChar
 .text.canUartRxChar
                0x0801f08c       0x84 THUMB Release/canUart.o
                0x0801f08c                canUartRxChar
 .text.canUartStream
                0x0801f110      0x1c0 THUMB Release/canUart.o
                0x0801f110                canUartStream
 .text.canUartTxBuf
                0x0801f2d0       0x10 THUMB Release/canUart.o
                0x0801f2d0                canUartTxBuf
 .text.canUartInit
                0x0801f2e0       0xc0 THUMB Release/canUart.o
                0x0801f2e0                canUartInit
 .text.canOSDRequestValue
                0x0801f3a0       0x1c THUMB Release/canOSD.o
                0x0801f3a0                canOSDRequestValue
 .text.canOSDRequstRate
                0x0801f3bc       0x1c THUMB Release/canOSD.o
                0x0801f3bc                canOSDRequstRate
 .text.canOSDTelemetry
                0x0801f3d8      0x1d8 THUMB Release/canOSD.o
                0x0801f3d8                canOSDTelemetry
 .text.canOSDInit
                0x0801f5b0       0x64 THUMB Release/canOSD.o
                0x0801f5b0                canOSDInit
 .text.mpu6000TransferComplete
                0x0801f614       0x2c THUMB Release/mpu6000.o
 .text.mpu6000CalibGyo
                0x0801f640      0x150 THUMB Release/mpu6000.o
 .text.mpu6000IntHandler
                0x0801f790       0x24 THUMB Release/mpu6000.o
 .text.mpu6600InitialBias
                0x0801f7b4       0x70 THUMB Release/mpu6000.o
                0x0801f7b4                mpu6600InitialBias
 .text.mpu6000DrateDecode
                0x0801f824      0x170 THUMB Release/mpu6000.o
                0x0801f824                mpu6000DrateDecode
 .text.mpu6000Decode
                0x0801f994      0x338 THUMB Release/mpu6000.o
                0x0801f994                mpu6000Decode
 .text.mpu6000Enable
                0x0801fccc       0x10 THUMB Release/mpu6000.o
                0x0801fccc                mpu6000Enable
 .text.mpu6000Disable
                0x0801fcdc       0x10 THUMB Release/mpu6000.o
                0x0801fcdc                mpu6000Disable
 .text.mpu6000PreInit
                0x0801fcec       0x38 THUMB Release/mpu6000.o
                0x0801fcec                mpu6000PreInit
 .text.mpu6000Init
                0x0801fd24      0x3fc THUMB Release/mpu6000.o
                0x0801fd24                mpu6000Init
 .text.dIMUTaskCode
                0x08020120      0x250 THUMB Release/d_imu.o
 .text.dIMUTare
                0x08020370      0x120 THUMB Release/d_imu.o
                0x08020370                dIMUTare
 .text.dIMURequestCalibWrite
                0x08020490       0x14 THUMB Release/d_imu.o
                0x08020490                dIMURequestCalibWrite
 .text.dIMURequestCalibRead
                0x080204a4       0x14 THUMB Release/d_imu.o
                0x080204a4                dIMURequestCalibRead
 .text.dIMUInit
                0x080204b8      0x1a8 THUMB Release/d_imu.o
                0x080204b8                dIMUInit
 .text.dIMUSetAlarm1
                0x08020660       0x30 THUMB Release/d_imu.o
                0x08020660                dIMUSetAlarm1
 .text.TIM8_BRK_TIM12_IRQHandler
                0x08020690       0x68 THUMB Release/d_imu.o
                0x08020690                TIM8_BRK_TIM12_IRQHandler
 .text.hmc5983TransferComplete
                0x080206f8       0x14 THUMB Release/hmc5983.o
 .text.hmc5983IntHandler
                0x0802070c       0x20 THUMB Release/hmc5983.o
                0x0802070c                hmc5983IntHandler
 .text.hmc5983Decode
                0x0802072c      0x240 THUMB Release/hmc5983.o
                0x0802072c                hmc5983Decode
 .text.hmc5983Enable
                0x0802096c       0x14 THUMB Release/hmc5983.o
                0x0802096c                hmc5983Enable
 .text.hmc5983Disable
                0x08020980       0x10 THUMB Release/hmc5983.o
                0x08020980                hmc5983Disable
 .text.hmc5983PreInit
                0x08020990       0x38 THUMB Release/hmc5983.o
                0x08020990                hmc5983PreInit
 .text.hmc5983Init
                0x080209c8      0x210 THUMB Release/hmc5983.o
                0x080209c8                hmc5983Init
 .text.ms5611Callback.part.0
                0x08020bd8       0xb8 THUMB Release/ms5611.o
 .text.ms5611Callback
                0x08020c90       0x14 THUMB Release/ms5611.o
 .text.ms5611InitialBias
                0x08020ca4       0x64 THUMB Release/ms5611.o
                0x08020ca4                ms5611InitialBias
 .text.ms5611Decode
                0x08020d08      0x3b4 THUMB Release/ms5611.o
                0x08020d08                ms5611Decode
 .text.ms5611Enable
                0x080210bc       0x24 THUMB Release/ms5611.o
                0x080210bc                ms5611Enable
 .text.ms5611Disable
                0x080210e0       0x10 THUMB Release/ms5611.o
                0x080210e0                ms5611Disable
 .text.ms5611PreInit
                0x080210f0       0x38 THUMB Release/ms5611.o
                0x080210f0                ms5611PreInit
 .text.ms5611Init
                0x08021128      0x1b8 THUMB Release/ms5611.o
                0x08021128                ms5611Init
 .text.eepromPreInit
                0x080212e0       0x38 THUMB Release/eeprom.o
                0x080212e0                eepromPreInit
 .text.eepromWriteBlock
                0x08021318       0x98 THUMB Release/eeprom.o
                0x08021318                eepromWriteBlock
 .text.eepromReadHeader
                0x080213b0       0xac THUMB Release/eeprom.o
                0x080213b0                eepromReadHeader
 .text.eepromOpenWrite
                0x0802145c       0x50 THUMB Release/eeprom.o
                0x0802145c                eepromOpenWrite
 .text.eepromCheckFile
                0x080214ac       0xcc THUMB Release/eeprom.o
                0x080214ac                eepromCheckFile
 .text.eepromOpenRead
                0x08021578       0xc8 THUMB Release/eeprom.o
                0x08021578                eepromOpenRead
 .text.eepromRead
                0x08021640       0x6c THUMB Release/eeprom.o
                0x08021640                eepromRead
 .text.eepromWrite
                0x080216ac       0x70 THUMB Release/eeprom.o
                0x080216ac                eepromWrite
 .text.eepromClose
                0x0802171c       0x70 THUMB Release/eeprom.o
                0x0802171c                eepromClose
 .text.eepromInit
                0x0802178c      0x168 THUMB Release/eeprom.o
                0x0802178c                eepromInit
 .text.USB_OTG_BSP_Init
                0x080218f4       0x94 THUMB Release/usb_bsp.o
                0x080218f4                USB_OTG_BSP_Init
 .text.USB_OTG_BSP_EnableInterrupt
                0x08021988       0x24 THUMB Release/usb_bsp.o
                0x08021988                USB_OTG_BSP_EnableInterrupt
 .text.USB_OTG_BSP_uDelay
                0x080219ac       0x38 THUMB Release/usb_bsp.o
                0x080219ac                USB_OTG_BSP_uDelay
 .text.USB_OTG_BSP_mDelay
                0x080219e4       0x3c THUMB Release/usb_bsp.o
                0x080219e4                USB_OTG_BSP_mDelay
 .text.USBD_USR_DeviceDescriptor
                0x08021a20       0x10 THUMB Release/usbd_desc.o
                0x08021a20                USBD_USR_DeviceDescriptor
 .text.USBD_USR_LangIDStrDescriptor
                0x08021a30       0x10 THUMB Release/usbd_desc.o
                0x08021a30                USBD_USR_LangIDStrDescriptor
 .text.USBD_USR_ManufacturerStrDescriptor
                0x08021a40       0x20 THUMB Release/usbd_desc.o
                0x08021a40                USBD_USR_ManufacturerStrDescriptor
 .text.USBD_USR_InterfaceStrDescriptor
                0x08021a60       0x20 THUMB Release/usbd_desc.o
                0x08021a60                USBD_USR_InterfaceStrDescriptor
 .text.USBD_USR_ConfigStrDescriptor
                0x08021a80       0x20 THUMB Release/usbd_desc.o
                0x08021a80                USBD_USR_ConfigStrDescriptor
 .text.USBD_USR_SerialStrDescriptor
                0x08021aa0       0x2c THUMB Release/usbd_desc.o
                0x08021aa0                USBD_USR_SerialStrDescriptor
 .text.USBD_USR_ProductStrDescriptor
                0x08021acc       0x2c THUMB Release/usbd_desc.o
                0x08021acc                USBD_USR_ProductStrDescriptor
 .text.USBD_USR_USRStringDesc
                0x08021af8       0x1c THUMB Release/usbd_desc.o
                0x08021af8                USBD_USR_USRStringDesc
 .text.usbVcpInit
                0x08021b14        0x4 THUMB Release/usb.o
 .text.usbVcpDeInit
                0x08021b18        0x4 THUMB Release/usb.o
 .text.usbVcpDataTx
                0x08021b1c       0x70 THUMB Release/usb.o
 .text.usbVcpDataRx
                0x08021b8c       0x68 THUMB Release/usb.o
 .text.USBD_USR_Init
                0x08021bf4        0x4 THUMB Release/usb.o
                0x08021bf4                USBD_USR_Init
 .text.USBD_USR_DeviceReset
                0x08021bf8        0x4 THUMB Release/usb.o
                0x08021bf8                USBD_USR_DeviceReset
 .text.USBD_USR_DeviceConfigured
                0x08021bfc        0x4 THUMB Release/usb.o
                0x08021bfc                USBD_USR_DeviceConfigured
 .text.USBD_USR_DeviceSuspended
                0x08021c00       0x18 THUMB Release/usb.o
                0x08021c00                USBD_USR_DeviceSuspended
 .text.USBD_USR_DeviceResumed
                0x08021c18        0x4 THUMB Release/usb.o
                0x08021c18                USBD_USR_DeviceResumed
 .text.USBD_USR_DeviceConnected
                0x08021c1c        0x4 THUMB Release/usb.o
                0x08021c1c                USBD_USR_DeviceConnected
 .text.USBD_USR_DeviceDisconnected
                0x08021c20        0x4 THUMB Release/usb.o
                0x08021c20                USBD_USR_DeviceDisconnected
 .text.usbVcpCtrl
                0x08021c24       0x9c THUMB Release/usb.o
 .text.usbInit  0x08021cc0       0x30 THUMB Release/usb.o
                0x08021cc0                usbInit
 .text.usbTx    0x08021cf0       0x6c THUMB Release/usb.o
                0x08021cf0                usbTx
 .text.usbAvailable
                0x08021d5c       0x18 THUMB Release/usb.o
                0x08021d5c                usbAvailable
 .text.usbRx    0x08021d74       0x24 THUMB Release/usb.o
                0x08021d74                usbRx
 .text.usbIsSuspend
                0x08021d98       0x14 THUMB Release/usb.o
                0x08021d98                usbIsSuspend
 .text.OTG_FS_WKUP_IRQHandler
                0x08021dac       0x34 THUMB Release/usb.o
                0x08021dac                OTG_FS_WKUP_IRQHandler
 .text.OTG_FS_IRQHandler
                0x08021de0        0xc THUMB Release/usb.o
                0x08021de0                OTG_FS_IRQHandler
 .text.STORAGE_Init
                0x08021dec       0x28 THUMB Release/usbd_storage_msd.o
                0x08021dec                STORAGE_Init
 .text.STORAGE_IsWriteProtected
                0x08021e14        0x4 THUMB Release/usbd_storage_msd.o
                0x08021e14                STORAGE_IsWriteProtected
 .text.STORAGE_GetMaxLun
                0x08021e18        0x4 THUMB Release/usbd_storage_msd.o
                0x08021e18                STORAGE_GetMaxLun
 .text.STORAGE_Eject
                0x08021e1c       0x10 THUMB Release/usbd_storage_msd.o
                0x08021e1c                STORAGE_Eject
 .text.STORAGE_GetCapacity
                0x08021e2c       0x28 THUMB Release/usbd_storage_msd.o
                0x08021e2c                STORAGE_GetCapacity
 .text.STORAGE_IsReady
                0x08021e54       0x44 THUMB Release/usbd_storage_msd.o
                0x08021e54                STORAGE_IsReady
 .text.STORAGE_Write
                0x08021e98       0x48 THUMB Release/usbd_storage_msd.o
                0x08021e98                STORAGE_Write
 .text.STORAGE_Read
                0x08021ee0       0x48 THUMB Release/usbd_storage_msd.o
                0x08021ee0                STORAGE_Read
 .text.getBuildNumber
                0x08021f28        0x8 THUMB Release/getbuildnum.o
                0x08021f28                getBuildNumber
 .text.getRevisionNumber
                0x08021f30       0x20 THUMB Release/getbuildnum.o
                0x08021f30                getRevisionNumber
 .text.grhottDecode
                0x08021f50      0x1c4 THUMB Release/grhott.o
                0x08021f50                grhottDecode
 .text.grhottCharIn
                0x08022114       0x64 THUMB Release/grhott.o
                0x08022114                grhottCharIn
 .text.grhottInit
                0x08022178       0x34 THUMB Release/grhott.o
                0x08022178                grhottInit
 .text.mlinkrxCharIn
                0x080221ac      0x2e0 THUMB Release/mlinkrx.o
                0x080221ac                mlinkrxCharIn
 .text.mlinkrxInit
                0x0802248c       0x34 THUMB Release/mlinkrx.o
                0x0802248c                mlinkrxInit
 .text.calibAngle
                0x080224c0       0xc8 THUMB Release/calib.o
                0x080224c0                calibAngle
 .text.calibRecalc
                0x08022588      0x1b0 THUMB Release/calib.o
                0x08022588                calibRecalc
 .text.calibInit
                0x08022738       0x5c THUMB Release/calib.o
                0x08022738                calibInit
 .text.calibDeinit
                0x08022794       0x1c THUMB Release/calib.o
                0x08022794                calibDeinit
 .text.calibCalculate
                0x080227b0      0x430 THUMB Release/calib.o
                0x080227b0                calibCalculate
 .text.calibrate
                0x08022be0      0x2f8 THUMB Release/calib.o
                0x08022be0                calibrate
 .text.cyrfProcessStack.part.0
                0x08022ed8      0x10c THUMB Release/cyrf6936.o
 .text.cyrfIntHandler
                0x08022fe4       0xe8 THUMB Release/cyrf6936.o
                0x08022fe4                cyrfIntHandler
 .text.cyrfTxnComplete
                0x080230cc       0x7c THUMB Release/cyrf6936.o
                0x080230cc                cyrfTxnComplete
 .text.cyrfProcessStack
                0x08023148       0x10 THUMB Release/cyrf6936.o
                0x08023148                cyrfProcessStack
 .text.cyrfQueueWriteBlock
                0x08023158       0x90 THUMB Release/cyrf6936.o
                0x08023158                cyrfQueueWriteBlock
 .text.cyrfQueueWriteReg
                0x080231e8       0x5c THUMB Release/cyrf6936.o
                0x080231e8                cyrfQueueWriteReg
 .text.cyrfQueueReadBlock
                0x08023244       0x58 THUMB Release/cyrf6936.o
                0x08023244                cyrfQueueReadBlock
 .text.cyrfQueueReadReg
                0x0802329c       0x54 THUMB Release/cyrf6936.o
                0x0802329c                cyrfQueueReadReg
 .text.cyrfQueueExec
                0x080232f0       0x40 THUMB Release/cyrf6936.o
                0x080232f0                cyrfQueueExec
 .text.cyrfQueueBatch
                0x08023330       0x44 THUMB Release/cyrf6936.o
                0x08023330                cyrfQueueBatch
 .text.cyrfSetIsrCallback
                0x08023374       0x10 THUMB Release/cyrf6936.o
                0x08023374                cyrfSetIsrCallback
 .text.cyrfTimeoutSet
                0x08023384       0x34 THUMB Release/cyrf6936.o
                0x08023384                cyrfTimeoutSet
 .text.cyrfTimeoutSetRelative
                0x080233b8       0x38 THUMB Release/cyrf6936.o
                0x080233b8                cyrfTimeoutSetRelative
 .text.cyrfTimeoutCancel
                0x080233f0       0x28 THUMB Release/cyrf6936.o
                0x080233f0                cyrfTimeoutCancel
 .text.cyrfTimeoutReset
                0x08023418       0x1c THUMB Release/cyrf6936.o
                0x08023418                cyrfTimeoutReset
 .text.cyrfInit
                0x08023434      0x190 THUMB Release/cyrf6936.o
                0x08023434                cyrfInit
 .text.TIM7_IRQHandler
                0x080235c4       0x28 THUMB Release/cyrf6936.o
                0x080235c4                TIM7_IRQHandler
 .text._dsmAbortReceive
                0x080235ec       0x3c THUMB Release/dsm.o
                0x080235ec                _dsmAbortReceive
 .text.dsmBindReceive
                0x08023628      0x208 THUMB Release/dsm.o
                0x08023628                dsmBindReceive
 .text.dsmGenerateChannelsDsmx
                0x08023830      0x148 THUMB Release/dsm.o
                0x08023830                dsmGenerateChannelsDsmx
 .text.dsmSetNextChannel
                0x08023978      0x114 THUMB Release/dsm.o
                0x08023978                dsmSetNextChannel
 .text.dsmSyncAReceive
                0x08023a8c      0x298 THUMB Release/dsm.o
                0x08023a8c                dsmSyncAReceive
 .text.dsmSyncBReceive
                0x08023d24      0x1bc THUMB Release/dsm.o
                0x08023d24                dsmSyncBReceive
 .text.dsmTransferReceive
                0x08023ee0      0x1b4 THUMB Release/dsm.o
                0x08023ee0                dsmTransferReceive
 .text.dsmSyncTimeoutCallback
                0x08024094      0x120 THUMB Release/dsm.o
                0x08024094                dsmSyncTimeoutCallback
 .text.dsmStartTransfer
                0x080241b4      0x128 THUMB Release/dsm.o
                0x080241b4                dsmStartTransfer
 .text.dsmBindAck
                0x080242dc       0xb8 THUMB Release/dsm.o
                0x080242dc                dsmBindAck
 .text.dsmTransferTimeoutCallback
                0x08024394       0xd8 THUMB Release/dsm.o
                0x08024394                dsmTransferTimeoutCallback
 .text.dsmBindTimeoutCallback
                0x0802446c      0x14c THUMB Release/dsm.o
                0x0802446c                dsmBindTimeoutCallback
 .text.dsmReceive
                0x080245b8      0x3ec THUMB Release/dsm.o
                0x080245b8                dsmReceive
 .text.dsmInit  0x080249a4      0x12c THUMB Release/dsm.o
                0x080249a4                dsmInit
 .text.SystemInit
                0x08024ad0      0x12c THUMB Release/system_stm32f4xx.o
                0x08024ad0                SystemInit
 .text.CoEnterISR
                0x08024bfc        0xc THUMB Release/core.o
                0x08024bfc                CoEnterISR
 .text.CoExitISR
                0x08024c08       0x3c THUMB Release/core.o
                0x08024c08                CoExitISR
 .text.OsSchedUnlock
                0x08024c44       0x44 THUMB Release/core.o
                0x08024c44                OsSchedUnlock
 .text.CoInitOS
                0x08024c88       0x84 THUMB Release/core.o
                0x08024c88                CoInitOS
 .text.CoStartOS
                0x08024d0c       0x64 THUMB Release/core.o
                0x08024d0c                CoStartOS
 .text.CreateEventList
                0x08024d70       0x88 THUMB Release/event.o
                0x08024d70                CreateEventList
 .text.CreatEvent
                0x08024df8       0x4c THUMB Release/event.o
                0x08024df8                CreatEvent
 .text.EventTaskToWait
                0x08024e44       0x98 THUMB Release/event.o
                0x08024e44                EventTaskToWait
 .text.EventTaskToRdy
                0x08024edc       0x8c THUMB Release/event.o
                0x08024edc                EventTaskToRdy
 .text.RemoveEventWaittingList
                0x08024f68       0x40 THUMB Release/event.o
                0x08024f68                RemoveEventWaittingList
 .text.CoCreateFlag
                0x08024fa8       0xa4 THUMB Release/flag.o
                0x08024fa8                CoCreateFlag
 .text.CoAcceptSingleFlag
                0x0802504c       0x4c THUMB Release/flag.o
                0x0802504c                CoAcceptSingleFlag
 .text.CoWaitForSingleFlag
                0x08025098      0x19c THUMB Release/flag.o
                0x08025098                CoWaitForSingleFlag
 .text.CoClearFlag
                0x08025234       0x20 THUMB Release/flag.o
                0x08025234                CoClearFlag
 .text.CoSetFlag
                0x08025254      0x144 THUMB Release/flag.o
                0x08025254                CoSetFlag
 .text.isr_SetFlag
                0x08025398       0x30 THUMB Release/flag.o
                0x08025398                isr_SetFlag
 .text.RemoveLinkNode
                0x080253c8       0x54 THUMB Release/flag.o
                0x080253c8                RemoveLinkNode
 .text.CoCreateKheap
                0x0802541c       0x30 THUMB Release/kernelHeap.o
                0x0802541c                CoCreateKheap
 .text.CoCreateMutex
                0x0802544c       0x4c THUMB Release/mutex.o
                0x0802544c                CoCreateMutex
 .text.CoEnterMutexSection
                0x08025498       0xe4 THUMB Release/mutex.o
                0x08025498                CoEnterMutexSection
 .text.CoLeaveMutexSection
                0x0802557c       0xa0 THUMB Release/mutex.o
                0x0802557c                CoLeaveMutexSection
 .text.RemoveMutexList
                0x0802561c       0x68 THUMB Release/mutex.o
                0x0802561c                RemoveMutexList
 .text.CoCreateQueue
                0x08025684       0x84 THUMB Release/queue.o
                0x08025684                CoCreateQueue
 .text.CoAcceptQueueMail
                0x08025708       0x54 THUMB Release/queue.o
                0x08025708                CoAcceptQueueMail
 .text.CoPostQueueMail
                0x0802575c       0x50 THUMB Release/queue.o
                0x0802575c                CoPostQueueMail
 .text.InsertInSRQ
                0x080257ac       0x68 THUMB Release/serviceReq.o
                0x080257ac                InsertInSRQ
 .text.RespondSRQ
                0x08025814       0x9c THUMB Release/serviceReq.o
                0x08025814                RespondSRQ
 .text.CreateTCBList
                0x080258b0      0x104 THUMB Release/task.o
                0x080258b0                CreateTCBList
 .text.InsertToTCBRdyList
                0x080259b4       0x70 THUMB Release/task.o
                0x080259b4                InsertToTCBRdyList
 .text.RemoveFromTCBRdyList
                0x08025a24       0x34 THUMB Release/task.o
                0x08025a24                RemoveFromTCBRdyList
 .text.CoSetPriority
                0x08025a58      0x184 THUMB Release/task.o
                0x08025a58                CoSetPriority
 .text.Schedule
                0x08025bdc      0x12c THUMB Release/task.o
                0x08025bdc                Schedule
 .text.CreateTask
                0x08025d08       0xdc THUMB Release/task.o
                0x08025d08                CreateTask
 .text.CoDelTask
                0x08025de4       0xdc THUMB Release/task.o
                0x08025de4                CoDelTask
 .text.CoExitTask
                0x08025ec0       0x10 THUMB Release/task.o
                0x08025ec0                CoExitTask
 .text.InsertDelayList
                0x08025ed0       0x68 THUMB Release/time.o
                0x08025ed0                InsertDelayList
 .text.RemoveDelayList
                0x08025f38       0x4c THUMB Release/time.o
                0x08025f38                RemoveDelayList
 .text.CoTickDelay
                0x08025f84       0x9c THUMB Release/time.o
                0x08025f84                CoTickDelay
 .text.TimeDispose
                0x08026020       0x48 THUMB Release/time.o
                0x08026020                TimeDispose
 .text.isr_TimeDispose
                0x08026068       0x68 THUMB Release/time.o
                0x08026068                isr_TimeDispose
 .text.InitTaskContext
                0x080260d0       0x24 THUMB Release/arch.o
                0x080260d0                InitTaskContext
 .text.SysTick_Handler
                0x080260f4       0x58 THUMB Release/arch.o
                0x080260f4                SysTick_Handler
 .text.Inc8     0x0802614c       0x1c THUMB Release/port.o
                0x0802614c                Inc8
 .text.Dec8     0x08026168       0x18 THUMB Release/port.o
                0x08026168                Dec8
 .text.IRQ_ENABLE_RESTORE
                0x08026180        0x4 THUMB Release/port.o
                0x08026180                IRQ_ENABLE_RESTORE
 .text.IRQ_DISABLE_SAVE
                0x08026184        0x4 THUMB Release/port.o
                0x08026184                IRQ_DISABLE_SAVE
 .text.SetEnvironment
                0x08026188        0xc THUMB Release/port.o
                0x08026188                SetEnvironment
 .text.SwitchContext
                0x08026194       0x14 THUMB Release/port.o
                0x08026194                SwitchContext
 .text.PendSV_Handler
                0x080261a8       0x54 THUMB Release/port.o
                0x080261a8                PendSV_Handler
 .text.move_window
                0x080261fc       0xa8 THUMB Release/ff.o
 .text.chk_mounted
                0x080262a4      0x414 THUMB Release/ff.o
 .text.put_fat.part.3
                0x080266b8      0x398 THUMB Release/ff.o
 .text.get_fat.part.2
                0x08026a50      0x328 THUMB Release/ff.o
 .text.dir_sdi.constprop.4
                0x08026d78       0x7c THUMB Release/ff.o
 .text.create_chain
                0x08026df4       0xc0 THUMB Release/ff.o
 .text.dir_next
                0x08026eb4      0x13c THUMB Release/ff.o
 .text.follow_path
                0x08026ff0      0x2ec THUMB Release/ff.o
 .text.f_mount  0x080272dc       0x20 THUMB Release/ff.o
                0x080272dc                f_mount
 .text.f_open   0x080272fc      0x408 THUMB Release/ff.o
                0x080272fc                f_open
 .text.f_read   0x08027704      0x1f4 THUMB Release/ff.o
                0x08027704                f_read
 .text.f_write  0x080278f8      0x248 THUMB Release/ff.o
                0x080278f8                f_write
 .text.f_sync   0x08027b40      0x2a4 THUMB Release/ff.o
                0x08027b40                f_sync
 .text.f_close  0x08027de4       0x10 THUMB Release/ff.o
                0x08027de4                f_close
 .text.f_lseek  0x08027df4      0x1b8 THUMB Release/ff.o
                0x08027df4                f_lseek
 .text.f_opendir
                0x08027fac       0x68 THUMB Release/ff.o
                0x08027fac                f_opendir
 .text.f_mkfs   0x08028014      0x6f8 THUMB Release/ff.o
                0x08028014                f_mkfs
 .text.srcdkfCalcSigmaPoints
                0x0802870c      0x214 THUMB Release/srcdkf.o
 .text.srcdkfGetState
                0x08028920        0x4 THUMB Release/srcdkf.o
                0x08028920                srcdkfGetState
 .text.srcdkfSetVariance
                0x08028924      0x118 THUMB Release/srcdkf.o
                0x08028924                srcdkfSetVariance
 .text.srcdkfInit
                0x08028a3c      0x1e0 THUMB Release/srcdkf.o
                0x08028a3c                srcdkfInit
 .text.srcdkfTimeUpdate
                0x08028c1c      0x29c THUMB Release/srcdkf.o
                0x08028c1c                srcdkfTimeUpdate
 .text.srcdkfMeasurementUpdate
                0x08028eb8      0xa14 THUMB Release/srcdkf.o
                0x08028eb8                srcdkfMeasurementUpdate
 .text.matrixInit
                0x080298cc       0x38 THUMB Release/algebra.o
                0x080298cc                matrixInit
 .text.qrDecompositionT_f32
                0x08029904      0x4e4 THUMB Release/algebra.o
                0x08029904                qrDecompositionT_f32
 .text.matrixDiv_f32
                0x08029de8      0x1a8 THUMB Release/algebra.o
                0x08029de8                matrixDiv_f32
 .text.cholF    0x08029f90       0x90 THUMB Release/algebra.o
                0x08029f90                cholF
 .text.svd      0x0802a020      0x4dc THUMB Release/algebra.o
                0x0802a020                svd
 .text.USBD_Resume
                0x0802a4fc       0x18 THUMB Release/usbd_core.o
 .text.USBD_Suspend
                0x0802a514       0x1c THUMB Release/usbd_core.o
 .text.USBD_SOF
                0x0802a530       0x10 THUMB Release/usbd_core.o
 .text.USBD_IsoINIncomplete
                0x0802a540       0x10 THUMB Release/usbd_core.o
 .text.USBD_IsoOUTIncomplete
                0x0802a550       0x10 THUMB Release/usbd_core.o
 .text.USBD_Reset
                0x0802a560       0x30 THUMB Release/usbd_core.o
 .text.USBD_SetupStage
                0x0802a590       0x4c THUMB Release/usbd_core.o
 .text.USBD_DataInStage
                0x0802a5dc       0xbc THUMB Release/usbd_core.o
 .text.USBD_DataOutStage
                0x0802a698       0x7c THUMB Release/usbd_core.o
 .text.USBD_Init
                0x0802a714       0x38 THUMB Release/usbd_core.o
                0x0802a714                USBD_Init
 .text.USBD_SetCfg
                0x0802a74c       0x18 THUMB Release/usbd_core.o
                0x0802a74c                USBD_SetCfg
 .text.USBD_ClrCfg
                0x0802a764       0x10 THUMB Release/usbd_core.o
                0x0802a764                USBD_ClrCfg
 .text.USBD_CtlSendData
                0x0802a774       0x20 THUMB Release/usbd_ioreq.o
                0x0802a774                USBD_CtlSendData
 .text.USBD_CtlContinueSendData
                0x0802a794       0x14 THUMB Release/usbd_ioreq.o
                0x0802a794                USBD_CtlContinueSendData
 .text.USBD_CtlPrepareRx
                0x0802a7a8       0x20 THUMB Release/usbd_ioreq.o
                0x0802a7a8                USBD_CtlPrepareRx
 .text.USBD_CtlContinueRx
                0x0802a7c8       0x14 THUMB Release/usbd_ioreq.o
                0x0802a7c8                USBD_CtlContinueRx
 .text.USBD_CtlSendStatus
                0x0802a7dc       0x20 THUMB Release/usbd_ioreq.o
                0x0802a7dc                USBD_CtlSendStatus
 .text.USBD_CtlReceiveStatus
                0x0802a7fc       0x20 THUMB Release/usbd_ioreq.o
                0x0802a7fc                USBD_CtlReceiveStatus
 .text.USBD_GetRxCount
                0x0802a81c       0x10 THUMB Release/usbd_ioreq.o
                0x0802a81c                USBD_GetRxCount
 .text.USBD_StdDevReq
                0x0802a82c      0x314 THUMB Release/usbd_req.o
                0x0802a82c                USBD_StdDevReq
 .text.USBD_StdItfReq
                0x0802ab40       0x44 THUMB Release/usbd_req.o
                0x0802ab40                USBD_StdItfReq
 .text.USBD_StdEPReq
                0x0802ab84       0xe4 THUMB Release/usbd_req.o
                0x0802ab84                USBD_StdEPReq
 .text.USBD_ParseSetupRequest